[3.442s] Invoking command in '/home/zas/dev_ws/src/arsenal_server': PYTHONPATH=/home/zas/dev_ws/build/arsenal_server/prefix_override:/home/zas/dev_ws/install/arsenal_server/lib/python3.10/site-packages:${PYTHONPATH} /usr/bin/python3 -W ignore:setup.py install is deprecated setup.py egg_info --egg-base ../../build/arsenal_server build --build-base /home/zas/dev_ws/build/arsenal_server/build install --record /home/zas/dev_ws/build/arsenal_server/install.log --single-version-externally-managed install_data
[4.310s] running egg_info
[4.320s] writing ../../build/arsenal_server/arsenal_server.egg-info/PKG-INFO
[4.320s] writing dependency_links to ../../build/arsenal_server/arsenal_server.egg-info/dependency_links.txt
[4.323s] writing entry points to ../../build/arsenal_server/arsenal_server.egg-info/entry_points.txt
[4.338s] writing requirements to ../../build/arsenal_server/arsenal_server.egg-info/requires.txt
[4.344s] writing top-level names to ../../build/arsenal_server/arsenal_server.egg-info/top_level.txt
[4.344s] reading manifest file '../../build/arsenal_server/arsenal_server.egg-info/SOURCES.txt'
[4.345s] writing manifest file '../../build/arsenal_server/arsenal_server.egg-info/SOURCES.txt'
[4.345s] running build
[4.346s] running build_py
[4.371s] running install
[4.372s] running install_lib
[4.378s] running install_data
[4.379s] running install_egg_info
[4.401s] removing '/home/zas/dev_ws/install/arsenal_server/lib/python3.10/site-packages/arsenal_server-0.0.0-py3.10.egg-info' (and everything under it)
[4.401s] Copying ../../build/arsenal_server/arsenal_server.egg-info to /home/zas/dev_ws/install/arsenal_server/lib/python3.10/site-packages/arsenal_server-0.0.0-py3.10.egg-info
[4.438s] running install_scripts
[4.510s] Installing listener script to /home/zas/dev_ws/install/arsenal_server/lib/arsenal_server
[4.510s] Installing server_node script to /home/zas/dev_ws/install/arsenal_server/lib/arsenal_server
[4.511s] writing list of installed files to '/home/zas/dev_ws/build/arsenal_server/install.log'
[4.732s] Invoked command in '/home/zas/dev_ws/src/arsenal_server' returned '0': PYTHONPATH=/home/zas/dev_ws/build/arsenal_server/prefix_override:/home/zas/dev_ws/install/arsenal_server/lib/python3.10/site-packages:${PYTHONPATH} /usr/bin/python3 -W ignore:setup.py install is deprecated setup.py egg_info --egg-base ../../build/arsenal_server build --build-base /home/zas/dev_ws/build/arsenal_server/build install --record /home/zas/dev_ws/build/arsenal_server/install.log --single-version-externally-managed install_data
