[1.313s] Invoking command in '/home/zas/dev_ws/src/arsenal_server': PYTHONPATH=/home/zas/dev_ws/build/arsenal_server/prefix_override:/home/zas/dev_ws/install/arsenal_server/lib/python3.10/site-packages:${PYTHONPATH} /usr/bin/python3 -W ignore:setup.py install is deprecated setup.py egg_info --egg-base ../../build/arsenal_server build --build-base /home/zas/dev_ws/build/arsenal_server/build install --record /home/zas/dev_ws/build/arsenal_server/install.log --single-version-externally-managed install_data
[1.950s] running egg_info
[1.950s] writing ../../build/arsenal_server/arsenal_server.egg-info/PKG-INFO
[1.966s] writing dependency_links to ../../build/arsenal_server/arsenal_server.egg-info/dependency_links.txt
[1.966s] writing entry points to ../../build/arsenal_server/arsenal_server.egg-info/entry_points.txt
[1.966s] writing requirements to ../../build/arsenal_server/arsenal_server.egg-info/requires.txt
[1.966s] writing top-level names to ../../build/arsenal_server/arsenal_server.egg-info/top_level.txt
[1.974s] reading manifest file '../../build/arsenal_server/arsenal_server.egg-info/SOURCES.txt'
[1.974s] writing manifest file '../../build/arsenal_server/arsenal_server.egg-info/SOURCES.txt'
[1.975s] running build
[1.975s] running build_py
[1.985s] running install
[1.985s] running install_lib
[1.998s] running install_data
[1.999s] running install_egg_info
[2.008s] removing '/home/zas/dev_ws/install/arsenal_server/lib/python3.10/site-packages/arsenal_server-0.0.0-py3.10.egg-info' (and everything under it)
[2.008s] Copying ../../build/arsenal_server/arsenal_server.egg-info to /home/zas/dev_ws/install/arsenal_server/lib/python3.10/site-packages/arsenal_server-0.0.0-py3.10.egg-info
[2.008s] running install_scripts
[2.050s] Installing cmd_rcvr script to /home/zas/dev_ws/install/arsenal_server/lib/arsenal_server
[2.058s] Installing server_node script to /home/zas/dev_ws/install/arsenal_server/lib/arsenal_server
[2.058s] writing list of installed files to '/home/zas/dev_ws/build/arsenal_server/install.log'
[2.152s] Invoked command in '/home/zas/dev_ws/src/arsenal_server' returned '0': PYTHONPATH=/home/zas/dev_ws/build/arsenal_server/prefix_override:/home/zas/dev_ws/install/arsenal_server/lib/python3.10/site-packages:${PYTHONPATH} /usr/bin/python3 -W ignore:setup.py install is deprecated setup.py egg_info --egg-base ../../build/arsenal_server build --build-base /home/zas/dev_ws/build/arsenal_server/build install --record /home/zas/dev_ws/build/arsenal_server/install.log --single-version-externally-managed install_data
