[0.263s] DEBUG:colcon:Command line arguments: ['/usr/bin/colcon', 'build', '--packages-select', 'arsenal_server']
[0.263s] DEBUG:colcon:Parsed command line arguments: Namespace(log_base=None, log_level=None, verb_name='build', build_base='build', install_base='install', merge_install=False, symlink_install=False, test_result_base=None, continue_on_error=False, executor='parallel', parallel_workers=8, event_handlers=None, ignore_user_meta=False, metas=['./colcon.meta'], base_paths=['.'], packages_ignore=None, packages_ignore_regex=None, paths=None, packages_up_to=None, packages_up_to_regex=None, packages_above=None, packages_above_and_dependencies=None, packages_above_depth=None, packages_select_by_dep=None, packages_skip_by_dep=None, packages_skip_up_to=None, packages_select_build_failed=False, packages_skip_build_finished=False, packages_select_test_failures=False, packages_skip_test_passed=False, packages_select=['arsenal_server'], packages_skip=None, packages_select_regex=None, packages_skip_regex=None, packages_start=None, packages_end=None, allow_overriding=[], cmake_args=None, cmake_target=None, cmake_target_skip_unavailable=False, cmake_clean_cache=False, cmake_clean_first=False, cmake_force_configure=False, ament_cmake_args=None, catkin_cmake_args=None, catkin_skip_building_tests=False, mixin_files=None, mixin=None, verb_parser=<colcon_mixin.mixin.mixin_argument.MixinArgumentDecorator object at 0x708017931b70>, verb_extension=<colcon_core.verb.build.BuildVerb object at 0x708017931660>, main=<bound method BuildVerb.main of <colcon_core.verb.build.BuildVerb object at 0x708017931660>>, mixin_verb=('build',))
[0.681s] Level 1:colcon.colcon_core.package_discovery:discover_packages(colcon_meta) check parameters
[0.682s] Level 1:colcon.colcon_core.package_discovery:discover_packages(recursive) check parameters
[0.682s] Level 1:colcon.colcon_core.package_discovery:discover_packages(ignore) check parameters
[0.682s] Level 1:colcon.colcon_core.package_discovery:discover_packages(path) check parameters
[0.682s] Level 1:colcon.colcon_core.package_discovery:discover_packages(colcon_meta) discover
[0.682s] Level 1:colcon.colcon_core.package_discovery:discover_packages(recursive) discover
[0.682s] INFO:colcon.colcon_core.package_discovery:Crawling recursively for packages in '/home/zas/dev_ws'
[0.683s] Level 1:colcon.colcon_core.package_identification:_identify(.) by extensions ['ignore', 'ignore_ament_install']
[0.684s] Level 1:colcon.colcon_core.package_identification:_identify(.) by extension 'ignore'
[0.684s] Level 1:colcon.colcon_core.package_identification:_identify(.) by extension 'ignore_ament_install'
[0.684s] Level 1:colcon.colcon_core.package_identification:_identify(.) by extensions ['colcon_pkg']
[0.684s] Level 1:colcon.colcon_core.package_identification:_identify(.) by extension 'colcon_pkg'
[0.684s] Level 1:colcon.colcon_core.package_identification:_identify(.) by extensions ['colcon_meta']
[0.684s] Level 1:colcon.colcon_core.package_identification:_identify(.) by extension 'colcon_meta'
[0.684s] Level 1:colcon.colcon_core.package_identification:_identify(.) by extensions ['ros']
[0.684s] Level 1:colcon.colcon_core.package_identification:_identify(.) by extension 'ros'
[0.715s] Level 1:colcon.colcon_core.package_identification:_identify(.) by extensions ['cmake', 'python']
[0.716s] Level 1:colcon.colcon_core.package_identification:_identify(.) by extension 'cmake'
[0.716s] Level 1:colcon.colcon_core.package_identification:_identify(.) by extension 'python'
[0.716s] Level 1:colcon.colcon_core.package_identification:_identify(.) by extensions ['python_setup_py']
[0.716s] Level 1:colcon.colcon_core.package_identification:_identify(.) by extension 'python_setup_py'
[0.717s] Level 1:colcon.colcon_core.package_identification:_identify(build) by extensions ['ignore', 'ignore_ament_install']
[0.717s] Level 1:colcon.colcon_core.package_identification:_identify(build) by extension 'ignore'
[0.717s] Level 1:colcon.colcon_core.package_identification:_identify(build) ignored
[0.717s] Level 1:colcon.colcon_core.package_identification:_identify(install) by extensions ['ignore', 'ignore_ament_install']
[0.717s] Level 1:colcon.colcon_core.package_identification:_identify(install) by extension 'ignore'
[0.717s] Level 1:colcon.colcon_core.package_identification:_identify(install) ignored
[0.718s] Level 1:colcon.colcon_core.package_identification:_identify(log) by extensions ['ignore', 'ignore_ament_install']
[0.718s] Level 1:colcon.colcon_core.package_identification:_identify(log) by extension 'ignore'
[0.718s] Level 1:colcon.colcon_core.package_identification:_identify(log) ignored
[0.718s] Level 1:colcon.colcon_core.package_identification:_identify(src) by extensions ['ignore', 'ignore_ament_install']
[0.718s] Level 1:colcon.colcon_core.package_identification:_identify(src) by extension 'ignore'
[0.718s] Level 1:colcon.colcon_core.package_identification:_identify(src) by extension 'ignore_ament_install'
[0.718s] Level 1:colcon.colcon_core.package_identification:_identify(src) by extensions ['colcon_pkg']
[0.718s] Level 1:colcon.colcon_core.package_identification:_identify(src) by extension 'colcon_pkg'
[0.718s] Level 1:colcon.colcon_core.package_identification:_identify(src) by extensions ['colcon_meta']
[0.718s] Level 1:colcon.colcon_core.package_identification:_identify(src) by extension 'colcon_meta'
[0.718s] Level 1:colcon.colcon_core.package_identification:_identify(src) by extensions ['ros']
[0.718s] Level 1:colcon.colcon_core.package_identification:_identify(src) by extension 'ros'
[0.718s] Level 1:colcon.colcon_core.package_identification:_identify(src) by extensions ['cmake', 'python']
[0.718s] Level 1:colcon.colcon_core.package_identification:_identify(src) by extension 'cmake'
[0.718s] Level 1:colcon.colcon_core.package_identification:_identify(src) by extension 'python'
[0.718s] Level 1:colcon.colcon_core.package_identification:_identify(src) by extensions ['python_setup_py']
[0.718s] Level 1:colcon.colcon_core.package_identification:_identify(src) by extension 'python_setup_py'
[0.719s] Level 1:colcon.colcon_core.package_identification:_identify(src/arsenal_server) by extensions ['ignore', 'ignore_ament_install']
[0.719s] Level 1:colcon.colcon_core.package_identification:_identify(src/arsenal_server) by extension 'ignore'
[0.719s] Level 1:colcon.colcon_core.package_identification:_identify(src/arsenal_server) by extension 'ignore_ament_install'
[0.719s] Level 1:colcon.colcon_core.package_identification:_identify(src/arsenal_server) by extensions ['colcon_pkg']
[0.719s] Level 1:colcon.colcon_core.package_identification:_identify(src/arsenal_server) by extension 'colcon_pkg'
[0.719s] Level 1:colcon.colcon_core.package_identification:_identify(src/arsenal_server) by extensions ['colcon_meta']
[0.719s] Level 1:colcon.colcon_core.package_identification:_identify(src/arsenal_server) by extension 'colcon_meta'
[0.719s] Level 1:colcon.colcon_core.package_identification:_identify(src/arsenal_server) by extensions ['ros']
[0.719s] Level 1:colcon.colcon_core.package_identification:_identify(src/arsenal_server) by extension 'ros'
[0.726s] DEBUG:colcon.colcon_core.package_identification:Package 'src/arsenal_server' with type 'ros.ament_python' and name 'arsenal_server'
[0.726s] Level 1:colcon.colcon_core.package_discovery:discover_packages(recursive) using defaults
[0.726s] Level 1:colcon.colcon_core.package_discovery:discover_packages(ignore) discover
[0.726s] Level 1:colcon.colcon_core.package_discovery:discover_packages(ignore) using defaults
[0.726s] Level 1:colcon.colcon_core.package_discovery:discover_packages(path) discover
[0.726s] Level 1:colcon.colcon_core.package_discovery:discover_packages(path) using defaults
[0.777s] Level 1:colcon.colcon_core.package_discovery:discover_packages(prefix_path) check parameters
[0.777s] Level 1:colcon.colcon_core.package_discovery:discover_packages(prefix_path) discover
[0.786s] DEBUG:colcon.colcon_installed_package_information.package_discovery:Found 1 installed packages in /home/zas/dev_ws/install
[0.790s] DEBUG:colcon.colcon_installed_package_information.package_discovery:Found 270 installed packages in /opt/ros/humble
[0.841s] Level 1:colcon.colcon_core.package_discovery:discover_packages(prefix_path) using defaults
[0.915s] Level 5:colcon.colcon_core.verb:set package 'arsenal_server' build argument 'cmake_args' from command line to 'None'
[0.916s] Level 5:colcon.colcon_core.verb:set package 'arsenal_server' build argument 'cmake_target' from command line to 'None'
[0.916s] Level 5:colcon.colcon_core.verb:set package 'arsenal_server' build argument 'cmake_target_skip_unavailable' from command line to 'False'
[0.916s] Level 5:colcon.colcon_core.verb:set package 'arsenal_server' build argument 'cmake_clean_cache' from command line to 'False'
[0.916s] Level 5:colcon.colcon_core.verb:set package 'arsenal_server' build argument 'cmake_clean_first' from command line to 'False'
[0.916s] Level 5:colcon.colcon_core.verb:set package 'arsenal_server' build argument 'cmake_force_configure' from command line to 'False'
[0.916s] Level 5:colcon.colcon_core.verb:set package 'arsenal_server' build argument 'ament_cmake_args' from command line to 'None'
[0.916s] Level 5:colcon.colcon_core.verb:set package 'arsenal_server' build argument 'catkin_cmake_args' from command line to 'None'
[0.916s] Level 5:colcon.colcon_core.verb:set package 'arsenal_server' build argument 'catkin_skip_building_tests' from command line to 'False'
[0.916s] DEBUG:colcon.colcon_core.verb:Building package 'arsenal_server' with the following arguments: {'ament_cmake_args': None, 'build_base': '/home/zas/dev_ws/build/arsenal_server', 'catkin_cmake_args': None, 'catkin_skip_building_tests': False, 'cmake_args': None, 'cmake_clean_cache': False, 'cmake_clean_first': False, 'cmake_force_configure': False, 'cmake_target': None, 'cmake_target_skip_unavailable': False, 'install_base': '/home/zas/dev_ws/install/arsenal_server', 'merge_install': False, 'path': '/home/zas/dev_ws/src/arsenal_server', 'symlink_install': False, 'test_result_base': None}
[0.917s] INFO:colcon.colcon_core.executor:Executing jobs using 'parallel' executor
[0.922s] DEBUG:colcon.colcon_parallel_executor.executor.parallel:run_until_complete
[0.922s] INFO:colcon.colcon_ros.task.ament_python.build:Building ROS package in '/home/zas/dev_ws/src/arsenal_server' with build type 'ament_python'
[0.923s] Level 1:colcon.colcon_core.shell:create_environment_hook('arsenal_server', 'ament_prefix_path')
[0.932s] INFO:colcon.colcon_core.plugin_system:Skipping extension 'colcon_core.shell.bat': Not used on non-Windows systems
[0.932s] INFO:colcon.colcon_core.shell:Creating environment hook '/home/zas/dev_ws/install/arsenal_server/share/arsenal_server/hook/ament_prefix_path.ps1'
[0.934s] INFO:colcon.colcon_core.shell:Creating environment descriptor '/home/zas/dev_ws/install/arsenal_server/share/arsenal_server/hook/ament_prefix_path.dsv'
[0.935s] INFO:colcon.colcon_core.shell:Creating environment hook '/home/zas/dev_ws/install/arsenal_server/share/arsenal_server/hook/ament_prefix_path.sh'
[0.937s] INFO:colcon.colcon_core.shell:Skip shell extension 'powershell' for command environment: Not usable outside of PowerShell
[0.937s] DEBUG:colcon.colcon_core.shell:Skip shell extension 'dsv' for command environment
[2.213s] INFO:colcon.colcon_core.task.python.build:Building Python package in '/home/zas/dev_ws/src/arsenal_server'
[2.214s] INFO:colcon.colcon_core.shell:Skip shell extension 'powershell' for command environment: Not usable outside of PowerShell
[2.214s] DEBUG:colcon.colcon_core.shell:Skip shell extension 'dsv' for command environment
[3.822s] DEBUG:colcon.colcon_core.event_handler.log_command:Invoking command in '/home/zas/dev_ws/src/arsenal_server': PYTHONPATH=/home/zas/dev_ws/build/arsenal_server/prefix_override:/home/zas/dev_ws/install/arsenal_server/lib/python3.10/site-packages:${PYTHONPATH} /usr/bin/python3 -W ignore:setup.py install is deprecated setup.py egg_info --egg-base ../../build/arsenal_server build --build-base /home/zas/dev_ws/build/arsenal_server/build install --record /home/zas/dev_ws/build/arsenal_server/install.log --single-version-externally-managed install_data
[4.865s] DEBUG:colcon.colcon_core.event_handler.log_command:Invoked command in '/home/zas/dev_ws/src/arsenal_server' returned '0': PYTHONPATH=/home/zas/dev_ws/build/arsenal_server/prefix_override:/home/zas/dev_ws/install/arsenal_server/lib/python3.10/site-packages:${PYTHONPATH} /usr/bin/python3 -W ignore:setup.py install is deprecated setup.py egg_info --egg-base ../../build/arsenal_server build --build-base /home/zas/dev_ws/build/arsenal_server/build install --record /home/zas/dev_ws/build/arsenal_server/install.log --single-version-externally-managed install_data
[4.868s] Level 1:colcon.colcon_core.environment:checking '/home/zas/dev_ws/install/arsenal_server' for CMake module files
[4.869s] Level 1:colcon.colcon_core.environment:checking '/home/zas/dev_ws/install/arsenal_server' for CMake config files
[4.871s] Level 1:colcon.colcon_core.environment:checking '/home/zas/dev_ws/install/arsenal_server/lib'
[4.871s] Level 1:colcon.colcon_core.environment:checking '/home/zas/dev_ws/install/arsenal_server/bin'
[4.871s] Level 1:colcon.colcon_core.environment:checking '/home/zas/dev_ws/install/arsenal_server/lib/pkgconfig/arsenal_server.pc'
[4.871s] Level 1:colcon.colcon_core.environment:checking '/home/zas/dev_ws/install/arsenal_server/lib/python3.10/site-packages'
[4.871s] Level 1:colcon.colcon_core.shell:create_environment_hook('arsenal_server', 'pythonpath')
[4.872s] INFO:colcon.colcon_core.shell:Creating environment hook '/home/zas/dev_ws/install/arsenal_server/share/arsenal_server/hook/pythonpath.ps1'
[4.873s] INFO:colcon.colcon_core.shell:Creating environment descriptor '/home/zas/dev_ws/install/arsenal_server/share/arsenal_server/hook/pythonpath.dsv'
[4.873s] INFO:colcon.colcon_core.shell:Creating environment hook '/home/zas/dev_ws/install/arsenal_server/share/arsenal_server/hook/pythonpath.sh'
[4.874s] Level 1:colcon.colcon_core.environment:checking '/home/zas/dev_ws/install/arsenal_server/bin'
[4.874s] Level 1:colcon.colcon_core.environment:create_environment_scripts_only(arsenal_server)
[4.875s] INFO:colcon.colcon_core.shell:Creating package script '/home/zas/dev_ws/install/arsenal_server/share/arsenal_server/package.ps1'
[4.877s] INFO:colcon.colcon_core.shell:Creating package descriptor '/home/zas/dev_ws/install/arsenal_server/share/arsenal_server/package.dsv'
[4.879s] INFO:colcon.colcon_core.shell:Creating package script '/home/zas/dev_ws/install/arsenal_server/share/arsenal_server/package.sh'
[4.881s] INFO:colcon.colcon_core.shell:Creating package script '/home/zas/dev_ws/install/arsenal_server/share/arsenal_server/package.bash'
[4.883s] INFO:colcon.colcon_core.shell:Creating package script '/home/zas/dev_ws/install/arsenal_server/share/arsenal_server/package.zsh'
[4.885s] Level 1:colcon.colcon_core.environment:create_file_with_runtime_dependencies(/home/zas/dev_ws/install/arsenal_server/share/colcon-core/packages/arsenal_server)
[4.886s] DEBUG:colcon.colcon_parallel_executor.executor.parallel:closing loop
[4.908s] DEBUG:colcon.colcon_parallel_executor.executor.parallel:loop closed
[4.908s] DEBUG:colcon.colcon_parallel_executor.executor.parallel:run_until_complete finished with '0'
[4.909s] DEBUG:colcon.colcon_core.event_reactor:joining thread
[4.969s] INFO:colcon.colcon_core.plugin_system:Skipping extension 'colcon_notification.desktop_notification.terminal_notifier': Not used on non-Darwin systems
[4.970s] INFO:colcon.colcon_core.plugin_system:Skipping extension 'colcon_notification.desktop_notification.win32': Not used on non-Windows systems
[4.970s] INFO:colcon.colcon_notification.desktop_notification:Sending desktop notification using 'notify2'
[5.137s] DEBUG:colcon.colcon_core.event_reactor:joined thread
[5.138s] INFO:colcon.colcon_core.shell:Creating prefix script '/home/zas/dev_ws/install/local_setup.ps1'
[5.140s] INFO:colcon.colcon_core.shell:Creating prefix util module '/home/zas/dev_ws/install/_local_setup_util_ps1.py'
[5.145s] INFO:colcon.colcon_core.shell:Creating prefix chain script '/home/zas/dev_ws/install/setup.ps1'
[5.147s] INFO:colcon.colcon_core.shell:Creating prefix script '/home/zas/dev_ws/install/local_setup.sh'
[5.151s] INFO:colcon.colcon_core.shell:Creating prefix util module '/home/zas/dev_ws/install/_local_setup_util_sh.py'
[5.154s] INFO:colcon.colcon_core.shell:Creating prefix chain script '/home/zas/dev_ws/install/setup.sh'
[5.168s] INFO:colcon.colcon_core.shell:Creating prefix script '/home/zas/dev_ws/install/local_setup.bash'
[5.171s] INFO:colcon.colcon_core.shell:Creating prefix chain script '/home/zas/dev_ws/install/setup.bash'
[5.174s] INFO:colcon.colcon_core.shell:Creating prefix script '/home/zas/dev_ws/install/local_setup.zsh'
[5.175s] INFO:colcon.colcon_core.shell:Creating prefix chain script '/home/zas/dev_ws/install/setup.zsh'
