[1.985s] Invoking command in '/home/zas/dev_ws/src/arsenal_server': PYTHONPATH=/home/zas/dev_ws/build/arsenal_server/prefix_override:/home/zas/dev_ws/install/arsenal_server/lib/python3.10/site-packages: /usr/bin/python3 -W ignore:setup.py install is deprecated setup.py egg_info --egg-base ../../build/arsenal_server build --build-base /home/zas/dev_ws/build/arsenal_server/build install --record /home/zas/dev_ws/build/arsenal_server/install.log --single-version-externally-managed install_data
[2.422s] running egg_info
[2.423s] writing ../../build/arsenal_server/arsenal_server.egg-info/PKG-INFO
[2.427s] writing dependency_links to ../../build/arsenal_server/arsenal_server.egg-info/dependency_links.txt
[2.429s] writing entry points to ../../build/arsenal_server/arsenal_server.egg-info/entry_points.txt
[2.439s] writing requirements to ../../build/arsenal_server/arsenal_server.egg-info/requires.txt
[2.467s] writing top-level names to ../../build/arsenal_server/arsenal_server.egg-info/top_level.txt
[2.487s] reading manifest file '../../build/arsenal_server/arsenal_server.egg-info/SOURCES.txt'
[2.595s] writing manifest file '../../build/arsenal_server/arsenal_server.egg-info/SOURCES.txt'
[2.595s] running build
[2.598s] running build_py
[2.604s] running install
[2.605s] running install_lib
[2.639s] running install_data
[2.647s] running install_egg_info
[2.647s] removing '/home/zas/dev_ws/install/arsenal_server/lib/python3.10/site-packages/arsenal_server-0.0.0-py3.10.egg-info' (and everything under it)
[2.647s] Copying ../../build/arsenal_server/arsenal_server.egg-info to /home/zas/dev_ws/install/arsenal_server/lib/python3.10/site-packages/arsenal_server-0.0.0-py3.10.egg-info
[2.684s] running install_scripts
[2.740s] Installing cmd_rcvr script to /home/zas/dev_ws/install/arsenal_server/lib/arsenal_server
[2.742s] Installing server_node script to /home/zas/dev_ws/install/arsenal_server/lib/arsenal_server
[2.742s] writing list of installed files to '/home/zas/dev_ws/build/arsenal_server/install.log'
[2.845s] Invoked command in '/home/zas/dev_ws/src/arsenal_server' returned '0': PYTHONPATH=/home/zas/dev_ws/build/arsenal_server/prefix_override:/home/zas/dev_ws/install/arsenal_server/lib/python3.10/site-packages: /usr/bin/python3 -W ignore:setup.py install is deprecated setup.py egg_info --egg-base ../../build/arsenal_server build --build-base /home/zas/dev_ws/build/arsenal_server/build install --record /home/zas/dev_ws/build/arsenal_server/install.log --single-version-externally-managed install_data
