[1.590s] Invoking command in '/home/zas/dev_ws/src/arsenal_server': PYTHONPATH=/home/zas/dev_ws/build/arsenal_server/prefix_override:/home/zas/dev_ws/install/arsenal_server/lib/python3.10/site-packages:${PYTHONPATH} /usr/bin/python3 -W ignore:setup.py install is deprecated setup.py egg_info --egg-base ../../build/arsenal_server build --build-base /home/zas/dev_ws/build/arsenal_server/build install --record /home/zas/dev_ws/build/arsenal_server/install.log --single-version-externally-managed install_data
[1.941s] running egg_info
[1.942s] writing ../../build/arsenal_server/arsenal_server.egg-info/PKG-INFO
[1.955s] writing dependency_links to ../../build/arsenal_server/arsenal_server.egg-info/dependency_links.txt
[1.955s] writing entry points to ../../build/arsenal_server/arsenal_server.egg-info/entry_points.txt
[1.956s] writing requirements to ../../build/arsenal_server/arsenal_server.egg-info/requires.txt
[1.956s] writing top-level names to ../../build/arsenal_server/arsenal_server.egg-info/top_level.txt
[1.956s] reading manifest file '../../build/arsenal_server/arsenal_server.egg-info/SOURCES.txt'
[2.052s] writing manifest file '../../build/arsenal_server/arsenal_server.egg-info/SOURCES.txt'
[2.053s] running build
[2.053s] running build_py
[2.056s] copying arsenal_server/server_node.py -> /home/zas/dev_ws/build/arsenal_server/build/lib/arsenal_server
[2.057s] copying arsenal_server/cmd_rcvr.py -> /home/zas/dev_ws/build/arsenal_server/build/lib/arsenal_server
[2.057s] running install
[2.058s] running install_lib
[2.061s] copying /home/zas/dev_ws/build/arsenal_server/build/lib/arsenal_server/server_node.py -> /home/zas/dev_ws/install/arsenal_server/lib/python3.10/site-packages/arsenal_server
[2.061s] copying /home/zas/dev_ws/build/arsenal_server/build/lib/arsenal_server/cmd_rcvr.py -> /home/zas/dev_ws/install/arsenal_server/lib/python3.10/site-packages/arsenal_server
[2.063s] byte-compiling /home/zas/dev_ws/install/arsenal_server/lib/python3.10/site-packages/arsenal_server/server_node.py to server_node.cpython-310.pyc
[2.066s] byte-compiling /home/zas/dev_ws/install/arsenal_server/lib/python3.10/site-packages/arsenal_server/cmd_rcvr.py to cmd_rcvr.cpython-310.pyc
[2.066s] running install_data
[2.098s] running install_egg_info
[2.100s] removing '/home/zas/dev_ws/install/arsenal_server/lib/python3.10/site-packages/arsenal_server-0.0.0-py3.10.egg-info' (and everything under it)
[2.100s] Copying ../../build/arsenal_server/arsenal_server.egg-info to /home/zas/dev_ws/install/arsenal_server/lib/python3.10/site-packages/arsenal_server-0.0.0-py3.10.egg-info
[2.109s] running install_scripts
[2.141s] Installing cmd_rcvr script to /home/zas/dev_ws/install/arsenal_server/lib/arsenal_server
[2.144s] Installing server_node script to /home/zas/dev_ws/install/arsenal_server/lib/arsenal_server
[2.146s] writing list of installed files to '/home/zas/dev_ws/build/arsenal_server/install.log'
[2.182s] Invoked command in '/home/zas/dev_ws/src/arsenal_server' returned '0': PYTHONPATH=/home/zas/dev_ws/build/arsenal_server/prefix_override:/home/zas/dev_ws/install/arsenal_server/lib/python3.10/site-packages:${PYTHONPATH} /usr/bin/python3 -W ignore:setup.py install is deprecated setup.py egg_info --egg-base ../../build/arsenal_server build --build-base /home/zas/dev_ws/build/arsenal_server/build install --record /home/zas/dev_ws/build/arsenal_server/install.log --single-version-externally-managed install_data
