running develop
/usr/lib/python3/dist-packages/setuptools/command/easy_install.py:158: EasyInstallDeprecationWarning: easy_install command is deprecated. Use build and pip and other standards-based tools.
  warnings.warn(
Removing /home/n0sc3tipsum/ros2_ws/install/arsenal_navigator/lib/python3.10/site-packages/arsenal-navigator.egg-link (link to .)
running egg_info
writing ../../build/arsenal_navigator/arsenal_navigator.egg-info/PKG-INFO
writing dependency_links to ../../build/arsenal_navigator/arsenal_navigator.egg-info/dependency_links.txt
writing entry points to ../../build/arsenal_navigator/arsenal_navigator.egg-info/entry_points.txt
writing requirements to ../../build/arsenal_navigator/arsenal_navigator.egg-info/requires.txt
writing top-level names to ../../build/arsenal_navigator/arsenal_navigator.egg-info/top_level.txt
reading manifest file '../../build/arsenal_navigator/arsenal_navigator.egg-info/SOURCES.txt'
writing manifest file '../../build/arsenal_navigator/arsenal_navigator.egg-info/SOURCES.txt'
running build
running build_py
copying arsenal_navigator/LidarReceiver.py -> /home/n0sc3tipsum/ros2_ws/build/arsenal_navigator/build/lib/arsenal_navigator
copying arsenal_navigator/GoalReceiver.py -> /home/n0sc3tipsum/ros2_ws/build/arsenal_navigator/build/lib/arsenal_navigator
copying arsenal_navigator/Navigator.py -> /home/n0sc3tipsum/ros2_ws/build/arsenal_navigator/build/lib/arsenal_navigator
running install
running install_lib
creating /home/n0sc3tipsum/ros2_ws/install/arsenal_navigator/lib/python3.10/site-packages/arsenal_navigator
copying /home/n0sc3tipsum/ros2_ws/build/arsenal_navigator/build/lib/arsenal_navigator/LidarReceiver.py -> /home/n0sc3tipsum/ros2_ws/install/arsenal_navigator/lib/python3.10/site-packages/arsenal_navigator
copying /home/n0sc3tipsum/ros2_ws/build/arsenal_navigator/build/lib/arsenal_navigator/GoalReceiver.py -> /home/n0sc3tipsum/ros2_ws/install/arsenal_navigator/lib/python3.10/site-packages/arsenal_navigator
copying /home/n0sc3tipsum/ros2_ws/build/arsenal_navigator/build/lib/arsenal_navigator/Navigator.py -> /home/n0sc3tipsum/ros2_ws/install/arsenal_navigator/lib/python3.10/site-packages/arsenal_navigator
copying /home/n0sc3tipsum/ros2_ws/build/arsenal_navigator/build/lib/arsenal_navigator/__init__.py -> /home/n0sc3tipsum/ros2_ws/install/arsenal_navigator/lib/python3.10/site-packages/arsenal_navigator
byte-compiling /home/n0sc3tipsum/ros2_ws/install/arsenal_navigator/lib/python3.10/site-packages/arsenal_navigator/LidarReceiver.py to LidarReceiver.cpython-310.pyc
byte-compiling /home/n0sc3tipsum/ros2_ws/install/arsenal_navigator/lib/python3.10/site-packages/arsenal_navigator/GoalReceiver.py to GoalReceiver.cpython-310.pyc
byte-compiling /home/n0sc3tipsum/ros2_ws/install/arsenal_navigator/lib/python3.10/site-packages/arsenal_navigator/Navigator.py to Navigator.cpython-310.pyc
byte-compiling /home/n0sc3tipsum/ros2_ws/install/arsenal_navigator/lib/python3.10/site-packages/arsenal_navigator/__init__.py to __init__.cpython-310.pyc
running install_data
copying resource/arsenal_navigator -> /home/n0sc3tipsum/ros2_ws/install/arsenal_navigator/share/ament_index/resource_index/packages
copying package.xml -> /home/n0sc3tipsum/ros2_ws/install/arsenal_navigator/share/arsenal_navigator
running install_egg_info
Copying ../../build/arsenal_navigator/arsenal_navigator.egg-info to /home/n0sc3tipsum/ros2_ws/install/arsenal_navigator/lib/python3.10/site-packages/arsenal_navigator-0.0.0-py3.10.egg-info
running install_scripts
writing list of installed files to '/home/n0sc3tipsum/ros2_ws/build/arsenal_navigator/install.log'
