[1.540s] Invoking command in '/home/n0sc3tipsum/ros2_ws/build/arsenal_navigator': PYTHONPATH=/home/n0sc3tipsum/ros2_ws/build/arsenal_navigator/prefix_override:/home/n0sc3tipsum/ros2_ws/install/arsenal_navigator/lib/python3.10/site-packages:${PYTHONPATH} /usr/bin/python3 -W ignore:setup.py install is deprecated setup.py develop --uninstall --editable --build-directory /home/n0sc3tipsum/ros2_ws/build/arsenal_navigator/build
[2.185s] running develop
[2.186s] /usr/lib/python3/dist-packages/setuptools/command/easy_install.py:158: EasyInstallDeprecationWarning: easy_install command is deprecated. Use build and pip and other standards-based tools.
[2.186s]   warnings.warn(
[2.512s] Removing /home/n0sc3tipsum/ros2_ws/install/arsenal_navigator/lib/python3.10/site-packages/arsenal-navigator.egg-link (link to .)
[2.593s] Invoked command in '/home/n0sc3tipsum/ros2_ws/build/arsenal_navigator' returned '0': PYTHONPATH=/home/n0sc3tipsum/ros2_ws/build/arsenal_navigator/prefix_override:/home/n0sc3tipsum/ros2_ws/install/arsenal_navigator/lib/python3.10/site-packages:${PYTHONPATH} /usr/bin/python3 -W ignore:setup.py install is deprecated setup.py develop --uninstall --editable --build-directory /home/n0sc3tipsum/ros2_ws/build/arsenal_navigator/build
[2.597s] Invoking command in '/home/n0sc3tipsum/ros2_ws/src/arsenal_navigator': PYTHONPATH=/home/n0sc3tipsum/ros2_ws/build/arsenal_navigator/prefix_override:/home/n0sc3tipsum/ros2_ws/install/arsenal_navigator/lib/python3.10/site-packages:${PYTHONPATH} /usr/bin/python3 -W ignore:setup.py install is deprecated setup.py egg_info --egg-base ../../build/arsenal_navigator build --build-base /home/n0sc3tipsum/ros2_ws/build/arsenal_navigator/build install --record /home/n0sc3tipsum/ros2_ws/build/arsenal_navigator/install.log --single-version-externally-managed install_data --force
[3.048s] running egg_info
[3.054s] writing ../../build/arsenal_navigator/arsenal_navigator.egg-info/PKG-INFO
[3.071s] writing dependency_links to ../../build/arsenal_navigator/arsenal_navigator.egg-info/dependency_links.txt
[3.071s] writing entry points to ../../build/arsenal_navigator/arsenal_navigator.egg-info/entry_points.txt
[3.072s] writing requirements to ../../build/arsenal_navigator/arsenal_navigator.egg-info/requires.txt
[3.072s] writing top-level names to ../../build/arsenal_navigator/arsenal_navigator.egg-info/top_level.txt
[3.077s] reading manifest file '../../build/arsenal_navigator/arsenal_navigator.egg-info/SOURCES.txt'
[3.086s] writing manifest file '../../build/arsenal_navigator/arsenal_navigator.egg-info/SOURCES.txt'
[3.092s] running build
[3.093s] running build_py
[3.110s] copying arsenal_navigator/LidarReceiver.py -> /home/n0sc3tipsum/ros2_ws/build/arsenal_navigator/build/lib/arsenal_navigator
[3.111s] copying arsenal_navigator/GoalReceiver.py -> /home/n0sc3tipsum/ros2_ws/build/arsenal_navigator/build/lib/arsenal_navigator
[3.112s] copying arsenal_navigator/Navigator.py -> /home/n0sc3tipsum/ros2_ws/build/arsenal_navigator/build/lib/arsenal_navigator
[3.112s] running install
[3.113s] running install_lib
[3.116s] creating /home/n0sc3tipsum/ros2_ws/install/arsenal_navigator/lib/python3.10/site-packages/arsenal_navigator
[3.116s] copying /home/n0sc3tipsum/ros2_ws/build/arsenal_navigator/build/lib/arsenal_navigator/LidarReceiver.py -> /home/n0sc3tipsum/ros2_ws/install/arsenal_navigator/lib/python3.10/site-packages/arsenal_navigator
[3.117s] copying /home/n0sc3tipsum/ros2_ws/build/arsenal_navigator/build/lib/arsenal_navigator/GoalReceiver.py -> /home/n0sc3tipsum/ros2_ws/install/arsenal_navigator/lib/python3.10/site-packages/arsenal_navigator
[3.121s] copying /home/n0sc3tipsum/ros2_ws/build/arsenal_navigator/build/lib/arsenal_navigator/Navigator.py -> /home/n0sc3tipsum/ros2_ws/install/arsenal_navigator/lib/python3.10/site-packages/arsenal_navigator
[3.122s] copying /home/n0sc3tipsum/ros2_ws/build/arsenal_navigator/build/lib/arsenal_navigator/__init__.py -> /home/n0sc3tipsum/ros2_ws/install/arsenal_navigator/lib/python3.10/site-packages/arsenal_navigator
[3.122s] byte-compiling /home/n0sc3tipsum/ros2_ws/install/arsenal_navigator/lib/python3.10/site-packages/arsenal_navigator/LidarReceiver.py to LidarReceiver.cpython-310.pyc
[3.122s] byte-compiling /home/n0sc3tipsum/ros2_ws/install/arsenal_navigator/lib/python3.10/site-packages/arsenal_navigator/GoalReceiver.py to GoalReceiver.cpython-310.pyc
[3.122s] byte-compiling /home/n0sc3tipsum/ros2_ws/install/arsenal_navigator/lib/python3.10/site-packages/arsenal_navigator/Navigator.py to Navigator.cpython-310.pyc
[3.122s] byte-compiling /home/n0sc3tipsum/ros2_ws/install/arsenal_navigator/lib/python3.10/site-packages/arsenal_navigator/__init__.py to __init__.cpython-310.pyc
[3.123s] running install_data
[3.123s] copying resource/arsenal_navigator -> /home/n0sc3tipsum/ros2_ws/install/arsenal_navigator/share/ament_index/resource_index/packages
[3.123s] copying package.xml -> /home/n0sc3tipsum/ros2_ws/install/arsenal_navigator/share/arsenal_navigator
[3.123s] running install_egg_info
[3.134s] Copying ../../build/arsenal_navigator/arsenal_navigator.egg-info to /home/n0sc3tipsum/ros2_ws/install/arsenal_navigator/lib/python3.10/site-packages/arsenal_navigator-0.0.0-py3.10.egg-info
[3.134s] running install_scripts
[3.183s] writing list of installed files to '/home/n0sc3tipsum/ros2_ws/build/arsenal_navigator/install.log'
[3.229s] Invoked command in '/home/n0sc3tipsum/ros2_ws/src/arsenal_navigator' returned '0': PYTHONPATH=/home/n0sc3tipsum/ros2_ws/build/arsenal_navigator/prefix_override:/home/n0sc3tipsum/ros2_ws/install/arsenal_navigator/lib/python3.10/site-packages:${PYTHONPATH} /usr/bin/python3 -W ignore:setup.py install is deprecated setup.py egg_info --egg-base ../../build/arsenal_navigator build --build-base /home/n0sc3tipsum/ros2_ws/build/arsenal_navigator/build install --record /home/n0sc3tipsum/ros2_ws/build/arsenal_navigator/install.log --single-version-externally-managed install_data --force
