[3.283s] DEBUG:colcon:Command line arguments: ['/usr/bin/colcon', 'build', '--packages-select', 'arsenal_server']
[3.284s] DEBUG:colcon:Parsed command line arguments: Namespace(log_base=None, log_level=None, verb_name='build', build_base='build', install_base='install', merge_install=False, symlink_install=False, test_result_base=None, continue_on_error=False, executor='parallel', parallel_workers=8, event_handlers=None, ignore_user_meta=False, metas=['./colcon.meta'], base_paths=['.'], packages_ignore=None, packages_ignore_regex=None, paths=None, packages_up_to=None, packages_up_to_regex=None, packages_above=None, packages_above_and_dependencies=None, packages_above_depth=None, packages_select_by_dep=None, packages_skip_by_dep=None, packages_skip_up_to=None, packages_select_build_failed=False, packages_skip_build_finished=False, packages_select_test_failures=False, packages_skip_test_passed=False, packages_select=['arsenal_server'], packages_skip=None, packages_select_regex=None, packages_skip_regex=None, packages_start=None, packages_end=None, allow_overriding=[], cmake_args=None, cmake_target=None, cmake_target_skip_unavailable=False, cmake_clean_cache=False, cmake_clean_first=False, cmake_force_configure=False, ament_cmake_args=None, catkin_cmake_args=None, catkin_skip_building_tests=False, mixin_files=None, mixin=None, verb_parser=<colcon_mixin.mixin.mixin_argument.MixinArgumentDecorator object at 0x74744c809060>, verb_extension=<colcon_core.verb.build.BuildVerb object at 0x74744c808b50>, main=<bound method BuildVerb.main of <colcon_core.verb.build.BuildVerb object at 0x74744c808b50>>, mixin_verb=('build',))
[6.325s] Level 1:colcon.colcon_core.package_discovery:discover_packages(colcon_meta) check parameters
[6.326s] Level 1:colcon.colcon_core.package_discovery:discover_packages(recursive) check parameters
[6.326s] Level 1:colcon.colcon_core.package_discovery:discover_packages(ignore) check parameters
[6.326s] Level 1:colcon.colcon_core.package_discovery:discover_packages(path) check parameters
[6.326s] Level 1:colcon.colcon_core.package_discovery:discover_packages(colcon_meta) discover
[6.326s] Level 1:colcon.colcon_core.package_discovery:discover_packages(recursive) discover
[6.327s] INFO:colcon.colcon_core.package_discovery:Crawling recursively for packages in '/home/zas/dev_ws'
[6.328s] Level 1:colcon.colcon_core.package_identification:_identify(.) by extensions ['ignore', 'ignore_ament_install']
[6.329s] Level 1:colcon.colcon_core.package_identification:_identify(.) by extension 'ignore'
[6.329s] Level 1:colcon.colcon_core.package_identification:_identify(.) by extension 'ignore_ament_install'
[6.329s] Level 1:colcon.colcon_core.package_identification:_identify(.) by extensions ['colcon_pkg']
[6.329s] Level 1:colcon.colcon_core.package_identification:_identify(.) by extension 'colcon_pkg'
[6.330s] Level 1:colcon.colcon_core.package_identification:_identify(.) by extensions ['colcon_meta']
[6.330s] Level 1:colcon.colcon_core.package_identification:_identify(.) by extension 'colcon_meta'
[6.330s] Level 1:colcon.colcon_core.package_identification:_identify(.) by extensions ['ros']
[6.330s] Level 1:colcon.colcon_core.package_identification:_identify(.) by extension 'ros'
[6.417s] Level 1:colcon.colcon_core.package_identification:_identify(.) by extensions ['cmake', 'python']
[6.417s] Level 1:colcon.colcon_core.package_identification:_identify(.) by extension 'cmake'
[6.417s] Level 1:colcon.colcon_core.package_identification:_identify(.) by extension 'python'
[6.418s] Level 1:colcon.colcon_core.package_identification:_identify(.) by extensions ['python_setup_py']
[6.418s] Level 1:colcon.colcon_core.package_identification:_identify(.) by extension 'python_setup_py'
[6.418s] Level 1:colcon.colcon_core.package_identification:_identify(build) by extensions ['ignore', 'ignore_ament_install']
[6.418s] Level 1:colcon.colcon_core.package_identification:_identify(build) by extension 'ignore'
[6.418s] Level 1:colcon.colcon_core.package_identification:_identify(build) ignored
[6.419s] Level 1:colcon.colcon_core.package_identification:_identify(install) by extensions ['ignore', 'ignore_ament_install']
[6.419s] Level 1:colcon.colcon_core.package_identification:_identify(install) by extension 'ignore'
[6.419s] Level 1:colcon.colcon_core.package_identification:_identify(install) ignored
[6.419s] Level 1:colcon.colcon_core.package_identification:_identify(log) by extensions ['ignore', 'ignore_ament_install']
[6.419s] Level 1:colcon.colcon_core.package_identification:_identify(log) by extension 'ignore'
[6.419s] Level 1:colcon.colcon_core.package_identification:_identify(log) ignored
[6.420s] Level 1:colcon.colcon_core.package_identification:_identify(src) by extensions ['ignore', 'ignore_ament_install']
[6.420s] Level 1:colcon.colcon_core.package_identification:_identify(src) by extension 'ignore'
[6.420s] Level 1:colcon.colcon_core.package_identification:_identify(src) by extension 'ignore_ament_install'
[6.420s] Level 1:colcon.colcon_core.package_identification:_identify(src) by extensions ['colcon_pkg']
[6.420s] Level 1:colcon.colcon_core.package_identification:_identify(src) by extension 'colcon_pkg'
[6.420s] Level 1:colcon.colcon_core.package_identification:_identify(src) by extensions ['colcon_meta']
[6.420s] Level 1:colcon.colcon_core.package_identification:_identify(src) by extension 'colcon_meta'
[6.420s] Level 1:colcon.colcon_core.package_identification:_identify(src) by extensions ['ros']
[6.420s] Level 1:colcon.colcon_core.package_identification:_identify(src) by extension 'ros'
[6.421s] Level 1:colcon.colcon_core.package_identification:_identify(src) by extensions ['cmake', 'python']
[6.421s] Level 1:colcon.colcon_core.package_identification:_identify(src) by extension 'cmake'
[6.421s] Level 1:colcon.colcon_core.package_identification:_identify(src) by extension 'python'
[6.421s] Level 1:colcon.colcon_core.package_identification:_identify(src) by extensions ['python_setup_py']
[6.421s] Level 1:colcon.colcon_core.package_identification:_identify(src) by extension 'python_setup_py'
[6.421s] Level 1:colcon.colcon_core.package_identification:_identify(src/arsenal_server) by extensions ['ignore', 'ignore_ament_install']
[6.421s] Level 1:colcon.colcon_core.package_identification:_identify(src/arsenal_server) by extension 'ignore'
[6.421s] Level 1:colcon.colcon_core.package_identification:_identify(src/arsenal_server) by extension 'ignore_ament_install'
[6.422s] Level 1:colcon.colcon_core.package_identification:_identify(src/arsenal_server) by extensions ['colcon_pkg']
[6.422s] Level 1:colcon.colcon_core.package_identification:_identify(src/arsenal_server) by extension 'colcon_pkg'
[6.422s] Level 1:colcon.colcon_core.package_identification:_identify(src/arsenal_server) by extensions ['colcon_meta']
[6.422s] Level 1:colcon.colcon_core.package_identification:_identify(src/arsenal_server) by extension 'colcon_meta'
[6.422s] Level 1:colcon.colcon_core.package_identification:_identify(src/arsenal_server) by extensions ['ros']
[6.422s] Level 1:colcon.colcon_core.package_identification:_identify(src/arsenal_server) by extension 'ros'
[6.507s] DEBUG:colcon.colcon_core.package_identification:Package 'src/arsenal_server' with type 'ros.ament_python' and name 'arsenal_server'
[6.507s] Level 1:colcon.colcon_core.package_discovery:discover_packages(recursive) using defaults
[6.508s] Level 1:colcon.colcon_core.package_discovery:discover_packages(ignore) discover
[6.508s] Level 1:colcon.colcon_core.package_discovery:discover_packages(ignore) using defaults
[6.508s] Level 1:colcon.colcon_core.package_discovery:discover_packages(path) discover
[6.508s] Level 1:colcon.colcon_core.package_discovery:discover_packages(path) using defaults
[6.821s] Level 1:colcon.colcon_core.package_discovery:discover_packages(prefix_path) check parameters
[6.821s] Level 1:colcon.colcon_core.package_discovery:discover_packages(prefix_path) discover
[6.836s] Level 1:colcon.colcon_core.package_discovery:discover_packages(prefix_path) using defaults
[6.845s] Level 5:colcon.colcon_core.verb:set package 'arsenal_server' build argument 'cmake_args' from command line to 'None'
[6.846s] Level 5:colcon.colcon_core.verb:set package 'arsenal_server' build argument 'cmake_target' from command line to 'None'
[6.846s] Level 5:colcon.colcon_core.verb:set package 'arsenal_server' build argument 'cmake_target_skip_unavailable' from command line to 'False'
[6.846s] Level 5:colcon.colcon_core.verb:set package 'arsenal_server' build argument 'cmake_clean_cache' from command line to 'False'
[6.847s] Level 5:colcon.colcon_core.verb:set package 'arsenal_server' build argument 'cmake_clean_first' from command line to 'False'
[6.847s] Level 5:colcon.colcon_core.verb:set package 'arsenal_server' build argument 'cmake_force_configure' from command line to 'False'
[6.847s] Level 5:colcon.colcon_core.verb:set package 'arsenal_server' build argument 'ament_cmake_args' from command line to 'None'
[6.847s] Level 5:colcon.colcon_core.verb:set package 'arsenal_server' build argument 'catkin_cmake_args' from command line to 'None'
[6.847s] Level 5:colcon.colcon_core.verb:set package 'arsenal_server' build argument 'catkin_skip_building_tests' from command line to 'False'
[6.847s] DEBUG:colcon.colcon_core.verb:Building package 'arsenal_server' with the following arguments: {'ament_cmake_args': None, 'build_base': '/home/zas/dev_ws/build/arsenal_server', 'catkin_cmake_args': None, 'catkin_skip_building_tests': False, 'cmake_args': None, 'cmake_clean_cache': False, 'cmake_clean_first': False, 'cmake_force_configure': False, 'cmake_target': None, 'cmake_target_skip_unavailable': False, 'install_base': '/home/zas/dev_ws/install/arsenal_server', 'merge_install': False, 'path': '/home/zas/dev_ws/src/arsenal_server', 'symlink_install': False, 'test_result_base': None}
[6.848s] INFO:colcon.colcon_core.executor:Executing jobs using 'parallel' executor
[6.855s] DEBUG:colcon.colcon_parallel_executor.executor.parallel:run_until_complete
[6.857s] INFO:colcon.colcon_ros.task.ament_python.build:Building ROS package in '/home/zas/dev_ws/src/arsenal_server' with build type 'ament_python'
[6.857s] Level 1:colcon.colcon_core.shell:create_environment_hook('arsenal_server', 'ament_prefix_path')
[6.901s] INFO:colcon.colcon_core.plugin_system:Skipping extension 'colcon_core.shell.bat': Not used on non-Windows systems
[6.901s] INFO:colcon.colcon_core.shell:Creating environment hook '/home/zas/dev_ws/install/arsenal_server/share/arsenal_server/hook/ament_prefix_path.ps1'
[6.934s] INFO:colcon.colcon_core.shell:Creating environment descriptor '/home/zas/dev_ws/install/arsenal_server/share/arsenal_server/hook/ament_prefix_path.dsv'
[6.953s] INFO:colcon.colcon_core.shell:Creating environment hook '/home/zas/dev_ws/install/arsenal_server/share/arsenal_server/hook/ament_prefix_path.sh'
[6.957s] INFO:colcon.colcon_core.shell:Skip shell extension 'powershell' for command environment: Not usable outside of PowerShell
[6.957s] DEBUG:colcon.colcon_core.shell:Skip shell extension 'dsv' for command environment
[9.157s] DEBUG:colcon.colcon_parallel_executor.executor.parallel:closing loop
[9.157s] DEBUG:colcon.colcon_parallel_executor.executor.parallel:loop closed
[9.157s] DEBUG:colcon.colcon_parallel_executor.executor.parallel:run_until_complete finished with 'Command '['/usr/bin/python3', '-c', 'import sys;from contextlib import suppress;exec("with suppress(ImportError):    from setuptools.extern.packaging.specifiers    import SpecifierSet");exec("with suppress(ImportError):    from packaging.specifiers import SpecifierSet");from distutils.core import run_setup;dist = run_setup(    \'setup.py\', script_args=(\'--dry-run\',), stop_after=\'config\');skip_keys = (\'cmdclass\', \'distclass\', \'ext_modules\', \'metadata\');data = {    key: value for key, value in dist.__dict__.items()     if (        not key.startswith(\'_\') and         not callable(value) and         key not in skip_keys and         key not in dist.display_option_names    )};data[\'metadata\'] = {    k: v for k, v in dist.metadata.__dict__.items()     if k not in (\'license_files\', \'provides_extras\')};sys.stdout.buffer.write(repr(data).encode(\'utf-8\'))']' returned non-zero exit status 1.'
[9.157s] DEBUG:colcon.colcon_core.event_reactor:joining thread
[9.334s] INFO:colcon.colcon_core.plugin_system:Skipping extension 'colcon_notification.desktop_notification.terminal_notifier': Not used on non-Darwin systems
[9.334s] INFO:colcon.colcon_core.plugin_system:Skipping extension 'colcon_notification.desktop_notification.win32': Not used on non-Windows systems
[9.334s] INFO:colcon.colcon_notification.desktop_notification:Sending desktop notification using 'notify2'
[9.468s] DEBUG:colcon.colcon_core.event_reactor:joined thread
[9.469s] INFO:colcon.colcon_core.shell:Creating prefix script '/home/zas/dev_ws/install/local_setup.ps1'
[9.500s] INFO:colcon.colcon_core.shell:Creating prefix util module '/home/zas/dev_ws/install/_local_setup_util_ps1.py'
[9.567s] INFO:colcon.colcon_core.shell:Creating prefix chain script '/home/zas/dev_ws/install/setup.ps1'
[9.599s] INFO:colcon.colcon_core.shell:Creating prefix script '/home/zas/dev_ws/install/local_setup.sh'
[9.624s] INFO:colcon.colcon_core.shell:Creating prefix util module '/home/zas/dev_ws/install/_local_setup_util_sh.py'
[9.630s] INFO:colcon.colcon_core.shell:Creating prefix chain script '/home/zas/dev_ws/install/setup.sh'
[9.644s] INFO:colcon.colcon_core.shell:Creating prefix script '/home/zas/dev_ws/install/local_setup.bash'
[9.687s] INFO:colcon.colcon_core.shell:Creating prefix chain script '/home/zas/dev_ws/install/setup.bash'
[9.719s] INFO:colcon.colcon_core.shell:Creating prefix script '/home/zas/dev_ws/install/local_setup.zsh'
[9.768s] INFO:colcon.colcon_core.shell:Creating prefix chain script '/home/zas/dev_ws/install/setup.zsh'
