[6.278s] Invoking command in '/home/zas/dev_ws/src/arsenal_server': PYTHONPATH=/home/zas/dev_ws/build/arsenal_server/prefix_override:/home/zas/dev_ws/install/arsenal_server/lib/python3.10/site-packages:${PYTHONPATH} /usr/bin/python3 -W ignore:setup.py install is deprecated setup.py egg_info --egg-base ../../build/arsenal_server build --build-base /home/zas/dev_ws/build/arsenal_server/build install --record /home/zas/dev_ws/build/arsenal_server/install.log --single-version-externally-managed install_data
[6.753s] running egg_info
[6.754s] writing ../../build/arsenal_server/arsenal_server.egg-info/PKG-INFO
[6.773s] writing dependency_links to ../../build/arsenal_server/arsenal_server.egg-info/dependency_links.txt
[6.773s] writing entry points to ../../build/arsenal_server/arsenal_server.egg-info/entry_points.txt
[6.774s] writing requirements to ../../build/arsenal_server/arsenal_server.egg-info/requires.txt
[6.774s] writing top-level names to ../../build/arsenal_server/arsenal_server.egg-info/top_level.txt
[6.777s] reading manifest file '../../build/arsenal_server/arsenal_server.egg-info/SOURCES.txt'
[6.797s] writing manifest file '../../build/arsenal_server/arsenal_server.egg-info/SOURCES.txt'
[6.797s] running build
[6.797s] running build_py
[6.817s] copying arsenal_server/server_node.py -> /home/zas/dev_ws/build/arsenal_server/build/lib/arsenal_server
[6.817s] running install
[6.818s] running install_lib
[6.819s] copying /home/zas/dev_ws/build/arsenal_server/build/lib/arsenal_server/server_node.py -> /home/zas/dev_ws/install/arsenal_server/lib/python3.10/site-packages/arsenal_server
[6.819s] byte-compiling /home/zas/dev_ws/install/arsenal_server/lib/python3.10/site-packages/arsenal_server/server_node.py to server_node.cpython-310.pyc
[6.821s] running install_data
[6.821s] running install_egg_info
[6.824s] removing '/home/zas/dev_ws/install/arsenal_server/lib/python3.10/site-packages/arsenal_server-0.0.0-py3.10.egg-info' (and everything under it)
[6.825s] Copying ../../build/arsenal_server/arsenal_server.egg-info to /home/zas/dev_ws/install/arsenal_server/lib/python3.10/site-packages/arsenal_server-0.0.0-py3.10.egg-info
[6.837s] running install_scripts
[6.860s] Installing cmd_rcvr script to /home/zas/dev_ws/install/arsenal_server/lib/arsenal_server
[6.861s] Installing server_node script to /home/zas/dev_ws/install/arsenal_server/lib/arsenal_server
[6.861s] writing list of installed files to '/home/zas/dev_ws/build/arsenal_server/install.log'
[6.931s] Invoked command in '/home/zas/dev_ws/src/arsenal_server' returned '0': PYTHONPATH=/home/zas/dev_ws/build/arsenal_server/prefix_override:/home/zas/dev_ws/install/arsenal_server/lib/python3.10/site-packages:${PYTHONPATH} /usr/bin/python3 -W ignore:setup.py install is deprecated setup.py egg_info --egg-base ../../build/arsenal_server build --build-base /home/zas/dev_ws/build/arsenal_server/build install --record /home/zas/dev_ws/build/arsenal_server/install.log --single-version-externally-managed install_data
