[1.976s] Invoking command in '/home/zas/dev_ws/src/arsenal_server': PYTHONPATH=/home/zas/dev_ws/build/arsenal_server/prefix_override:/home/zas/dev_ws/install/arsenal_server/lib/python3.10/site-packages:${PYTHONPATH} /usr/bin/python3 -W ignore:setup.py install is deprecated setup.py egg_info --egg-base ../../build/arsenal_server build --build-base /home/zas/dev_ws/build/arsenal_server/build install --record /home/zas/dev_ws/build/arsenal_server/install.log --single-version-externally-managed install_data
[3.070s] running egg_info
[3.100s] writing ../../build/arsenal_server/arsenal_server.egg-info/PKG-INFO
[3.100s] writing dependency_links to ../../build/arsenal_server/arsenal_server.egg-info/dependency_links.txt
[3.100s] writing entry points to ../../build/arsenal_server/arsenal_server.egg-info/entry_points.txt
[3.111s] writing requirements to ../../build/arsenal_server/arsenal_server.egg-info/requires.txt
[3.118s] writing top-level names to ../../build/arsenal_server/arsenal_server.egg-info/top_level.txt
[3.125s] reading manifest file '../../build/arsenal_server/arsenal_server.egg-info/SOURCES.txt'
[3.131s] writing manifest file '../../build/arsenal_server/arsenal_server.egg-info/SOURCES.txt'
[3.131s] running build
[3.131s] running build_py
[3.139s] running install
[3.139s] running install_lib
[3.142s] running install_data
[3.143s] running install_egg_info
[3.161s] removing '/home/zas/dev_ws/install/arsenal_server/lib/python3.10/site-packages/arsenal_server-0.0.0-py3.10.egg-info' (and everything under it)
[3.181s] Copying ../../build/arsenal_server/arsenal_server.egg-info to /home/zas/dev_ws/install/arsenal_server/lib/python3.10/site-packages/arsenal_server-0.0.0-py3.10.egg-info
[3.181s] running install_scripts
[3.277s] Installing server_node script to /home/zas/dev_ws/install/arsenal_server/lib/arsenal_server
[3.280s] writing list of installed files to '/home/zas/dev_ws/build/arsenal_server/install.log'
[3.481s] Invoked command in '/home/zas/dev_ws/src/arsenal_server' returned '0': PYTHONPATH=/home/zas/dev_ws/build/arsenal_server/prefix_override:/home/zas/dev_ws/install/arsenal_server/lib/python3.10/site-packages:${PYTHONPATH} /usr/bin/python3 -W ignore:setup.py install is deprecated setup.py egg_info --egg-base ../../build/arsenal_server build --build-base /home/zas/dev_ws/build/arsenal_server/build install --record /home/zas/dev_ws/build/arsenal_server/install.log --single-version-externally-managed install_data
