[4.777s] Invoking command in '/home/zas/dev_ws/src/arsenal_server': PYTHONPATH=/home/zas/dev_ws/build/arsenal_server/prefix_override:/home/zas/dev_ws/install/arsenal_server/lib/python3.10/site-packages:${PYTHONPATH} /usr/bin/python3 -W ignore:setup.py install is deprecated setup.py egg_info --egg-base ../../build/arsenal_server build --build-base /home/zas/dev_ws/build/arsenal_server/build install --record /home/zas/dev_ws/build/arsenal_server/install.log --single-version-externally-managed install_data
[5.677s] running egg_info
[5.678s] writing ../../build/arsenal_server/arsenal_server.egg-info/PKG-INFO
[5.678s] writing dependency_links to ../../build/arsenal_server/arsenal_server.egg-info/dependency_links.txt
[5.678s] writing entry points to ../../build/arsenal_server/arsenal_server.egg-info/entry_points.txt
[5.686s] writing requirements to ../../build/arsenal_server/arsenal_server.egg-info/requires.txt
[5.687s] writing top-level names to ../../build/arsenal_server/arsenal_server.egg-info/top_level.txt
[5.687s] reading manifest file '../../build/arsenal_server/arsenal_server.egg-info/SOURCES.txt'
[5.735s] writing manifest file '../../build/arsenal_server/arsenal_server.egg-info/SOURCES.txt'
[5.735s] running build
[5.735s] running build_py
[5.812s] running install
[5.822s] running install_lib
[5.904s] running install_data
[5.910s] running install_egg_info
[5.942s] removing '/home/zas/dev_ws/install/arsenal_server/lib/python3.10/site-packages/arsenal_server-0.0.0-py3.10.egg-info' (and everything under it)
[5.942s] Copying ../../build/arsenal_server/arsenal_server.egg-info to /home/zas/dev_ws/install/arsenal_server/lib/python3.10/site-packages/arsenal_server-0.0.0-py3.10.egg-info
[5.969s] running install_scripts
[6.095s] Installing cmd_rcvr script to /home/zas/dev_ws/install/arsenal_server/lib/arsenal_server
[6.147s] Installing server_node script to /home/zas/dev_ws/install/arsenal_server/lib/arsenal_server
[6.147s] writing list of installed files to '/home/zas/dev_ws/build/arsenal_server/install.log'
[6.307s] Invoked command in '/home/zas/dev_ws/src/arsenal_server' returned '0': PYTHONPATH=/home/zas/dev_ws/build/arsenal_server/prefix_override:/home/zas/dev_ws/install/arsenal_server/lib/python3.10/site-packages:${PYTHONPATH} /usr/bin/python3 -W ignore:setup.py install is deprecated setup.py egg_info --egg-base ../../build/arsenal_server build --build-base /home/zas/dev_ws/build/arsenal_server/build install --record /home/zas/dev_ws/build/arsenal_server/install.log --single-version-externally-managed install_data
