[0.783s] DEBUG:colcon:Command line arguments: ['/usr/bin/colcon', 'build', '--packages-select', 'arsenal_server']
[0.783s] DEBUG:colcon:Parsed command line arguments: Namespace(log_base=None, log_level=None, verb_name='build', build_base='build', install_base='install', merge_install=False, symlink_install=False, test_result_base=None, continue_on_error=False, executor='parallel', parallel_workers=8, event_handlers=None, ignore_user_meta=False, metas=['./colcon.meta'], base_paths=['.'], packages_ignore=None, packages_ignore_regex=None, paths=None, packages_up_to=None, packages_up_to_regex=None, packages_above=None, packages_above_and_dependencies=None, packages_above_depth=None, packages_select_by_dep=None, packages_skip_by_dep=None, packages_skip_up_to=None, packages_select_build_failed=False, packages_skip_build_finished=False, packages_select_test_failures=False, packages_skip_test_passed=False, packages_select=['arsenal_server'], packages_skip=None, packages_select_regex=None, packages_skip_regex=None, packages_start=None, packages_end=None, allow_overriding=[], cmake_args=None, cmake_target=None, cmake_target_skip_unavailable=False, cmake_clean_cache=False, cmake_clean_first=False, cmake_force_configure=False, ament_cmake_args=None, catkin_cmake_args=None, catkin_skip_building_tests=False, mixin_files=None, mixin=None, verb_parser=<colcon_mixin.mixin.mixin_argument.MixinArgumentDecorator object at 0x7e0746a31bd0>, verb_extension=<colcon_core.verb.build.BuildVerb object at 0x7e0746a316c0>, main=<bound method BuildVerb.main of <colcon_core.verb.build.BuildVerb object at 0x7e0746a316c0>>, mixin_verb=('build',))
[7.007s] Level 1:colcon.colcon_core.package_discovery:discover_packages(colcon_meta) check parameters
[7.007s] Level 1:colcon.colcon_core.package_discovery:discover_packages(recursive) check parameters
[7.008s] Level 1:colcon.colcon_core.package_discovery:discover_packages(ignore) check parameters
[7.008s] Level 1:colcon.colcon_core.package_discovery:discover_packages(path) check parameters
[7.008s] Level 1:colcon.colcon_core.package_discovery:discover_packages(colcon_meta) discover
[7.008s] Level 1:colcon.colcon_core.package_discovery:discover_packages(recursive) discover
[7.008s] INFO:colcon.colcon_core.package_discovery:Crawling recursively for packages in '/home/zas/dev_ws'
[7.008s] Level 1:colcon.colcon_core.package_identification:_identify(.) by extensions ['ignore', 'ignore_ament_install']
[7.008s] Level 1:colcon.colcon_core.package_identification:_identify(.) by extension 'ignore'
[7.008s] Level 1:colcon.colcon_core.package_identification:_identify(.) by extension 'ignore_ament_install'
[7.008s] Level 1:colcon.colcon_core.package_identification:_identify(.) by extensions ['colcon_pkg']
[7.008s] Level 1:colcon.colcon_core.package_identification:_identify(.) by extension 'colcon_pkg'
[7.008s] Level 1:colcon.colcon_core.package_identification:_identify(.) by extensions ['colcon_meta']
[7.008s] Level 1:colcon.colcon_core.package_identification:_identify(.) by extension 'colcon_meta'
[7.008s] Level 1:colcon.colcon_core.package_identification:_identify(.) by extensions ['ros']
[7.008s] Level 1:colcon.colcon_core.package_identification:_identify(.) by extension 'ros'
[7.019s] Level 1:colcon.colcon_core.package_identification:_identify(.) by extensions ['cmake', 'python']
[7.020s] Level 1:colcon.colcon_core.package_identification:_identify(.) by extension 'cmake'
[7.020s] Level 1:colcon.colcon_core.package_identification:_identify(.) by extension 'python'
[7.020s] Level 1:colcon.colcon_core.package_identification:_identify(.) by extensions ['python_setup_py']
[7.020s] Level 1:colcon.colcon_core.package_identification:_identify(.) by extension 'python_setup_py'
[7.020s] Level 1:colcon.colcon_core.package_identification:_identify(build) by extensions ['ignore', 'ignore_ament_install']
[7.020s] Level 1:colcon.colcon_core.package_identification:_identify(build) by extension 'ignore'
[7.020s] Level 1:colcon.colcon_core.package_identification:_identify(build) ignored
[7.020s] Level 1:colcon.colcon_core.package_identification:_identify(install) by extensions ['ignore', 'ignore_ament_install']
[7.020s] Level 1:colcon.colcon_core.package_identification:_identify(install) by extension 'ignore'
[7.020s] Level 1:colcon.colcon_core.package_identification:_identify(install) ignored
[7.020s] Level 1:colcon.colcon_core.package_identification:_identify(log) by extensions ['ignore', 'ignore_ament_install']
[7.020s] Level 1:colcon.colcon_core.package_identification:_identify(log) by extension 'ignore'
[7.020s] Level 1:colcon.colcon_core.package_identification:_identify(log) ignored
[7.020s] Level 1:colcon.colcon_core.package_identification:_identify(src) by extensions ['ignore', 'ignore_ament_install']
[7.021s] Level 1:colcon.colcon_core.package_identification:_identify(src) by extension 'ignore'
[7.021s] Level 1:colcon.colcon_core.package_identification:_identify(src) by extension 'ignore_ament_install'
[7.021s] Level 1:colcon.colcon_core.package_identification:_identify(src) by extensions ['colcon_pkg']
[7.021s] Level 1:colcon.colcon_core.package_identification:_identify(src) by extension 'colcon_pkg'
[7.021s] Level 1:colcon.colcon_core.package_identification:_identify(src) by extensions ['colcon_meta']
[7.021s] Level 1:colcon.colcon_core.package_identification:_identify(src) by extension 'colcon_meta'
[7.021s] Level 1:colcon.colcon_core.package_identification:_identify(src) by extensions ['ros']
[7.021s] Level 1:colcon.colcon_core.package_identification:_identify(src) by extension 'ros'
[7.021s] Level 1:colcon.colcon_core.package_identification:_identify(src) by extensions ['cmake', 'python']
[7.021s] Level 1:colcon.colcon_core.package_identification:_identify(src) by extension 'cmake'
[7.021s] Level 1:colcon.colcon_core.package_identification:_identify(src) by extension 'python'
[7.022s] Level 1:colcon.colcon_core.package_identification:_identify(src) by extensions ['python_setup_py']
[7.022s] Level 1:colcon.colcon_core.package_identification:_identify(src) by extension 'python_setup_py'
[7.022s] Level 1:colcon.colcon_core.package_identification:_identify(src/arsenal_server) by extensions ['ignore', 'ignore_ament_install']
[7.022s] Level 1:colcon.colcon_core.package_identification:_identify(src/arsenal_server) by extension 'ignore'
[7.022s] Level 1:colcon.colcon_core.package_identification:_identify(src/arsenal_server) by extension 'ignore_ament_install'
[7.022s] Level 1:colcon.colcon_core.package_identification:_identify(src/arsenal_server) by extensions ['colcon_pkg']
[7.022s] Level 1:colcon.colcon_core.package_identification:_identify(src/arsenal_server) by extension 'colcon_pkg'
[7.022s] Level 1:colcon.colcon_core.package_identification:_identify(src/arsenal_server) by extensions ['colcon_meta']
[7.022s] Level 1:colcon.colcon_core.package_identification:_identify(src/arsenal_server) by extension 'colcon_meta'
[7.022s] Level 1:colcon.colcon_core.package_identification:_identify(src/arsenal_server) by extensions ['ros']
[7.022s] Level 1:colcon.colcon_core.package_identification:_identify(src/arsenal_server) by extension 'ros'
[7.105s] DEBUG:colcon.colcon_core.package_identification:Package 'src/arsenal_server' with type 'ros.ament_python' and name 'arsenal_server'
[7.105s] Level 1:colcon.colcon_core.package_discovery:discover_packages(recursive) using defaults
[7.108s] Level 1:colcon.colcon_core.package_discovery:discover_packages(ignore) discover
[7.108s] Level 1:colcon.colcon_core.package_discovery:discover_packages(ignore) using defaults
[7.108s] Level 1:colcon.colcon_core.package_discovery:discover_packages(path) discover
[7.108s] Level 1:colcon.colcon_core.package_discovery:discover_packages(path) using defaults
[7.338s] Level 1:colcon.colcon_core.package_discovery:discover_packages(prefix_path) check parameters
[7.338s] Level 1:colcon.colcon_core.package_discovery:discover_packages(prefix_path) discover
[7.351s] DEBUG:colcon.colcon_installed_package_information.package_discovery:Found 1 installed packages in /home/zas/dev_ws/install
[7.352s] DEBUG:colcon.colcon_installed_package_information.package_discovery:Found 274 installed packages in /opt/ros/humble
[7.371s] Level 1:colcon.colcon_core.package_discovery:discover_packages(prefix_path) using defaults
[7.442s] Level 5:colcon.colcon_core.verb:set package 'arsenal_server' build argument 'cmake_args' from command line to 'None'
[7.443s] Level 5:colcon.colcon_core.verb:set package 'arsenal_server' build argument 'cmake_target' from command line to 'None'
[7.443s] Level 5:colcon.colcon_core.verb:set package 'arsenal_server' build argument 'cmake_target_skip_unavailable' from command line to 'False'
[7.443s] Level 5:colcon.colcon_core.verb:set package 'arsenal_server' build argument 'cmake_clean_cache' from command line to 'False'
[7.443s] Level 5:colcon.colcon_core.verb:set package 'arsenal_server' build argument 'cmake_clean_first' from command line to 'False'
[7.443s] Level 5:colcon.colcon_core.verb:set package 'arsenal_server' build argument 'cmake_force_configure' from command line to 'False'
[7.443s] Level 5:colcon.colcon_core.verb:set package 'arsenal_server' build argument 'ament_cmake_args' from command line to 'None'
[7.443s] Level 5:colcon.colcon_core.verb:set package 'arsenal_server' build argument 'catkin_cmake_args' from command line to 'None'
[7.443s] Level 5:colcon.colcon_core.verb:set package 'arsenal_server' build argument 'catkin_skip_building_tests' from command line to 'False'
[7.443s] DEBUG:colcon.colcon_core.verb:Building package 'arsenal_server' with the following arguments: {'ament_cmake_args': None, 'build_base': '/home/zas/dev_ws/build/arsenal_server', 'catkin_cmake_args': None, 'catkin_skip_building_tests': False, 'cmake_args': None, 'cmake_clean_cache': False, 'cmake_clean_first': False, 'cmake_force_configure': False, 'cmake_target': None, 'cmake_target_skip_unavailable': False, 'install_base': '/home/zas/dev_ws/install/arsenal_server', 'merge_install': False, 'path': '/home/zas/dev_ws/src/arsenal_server', 'symlink_install': False, 'test_result_base': None}
[7.443s] INFO:colcon.colcon_core.executor:Executing jobs using 'parallel' executor
[7.444s] DEBUG:colcon.colcon_parallel_executor.executor.parallel:run_until_complete
[7.444s] INFO:colcon.colcon_ros.task.ament_python.build:Building ROS package in '/home/zas/dev_ws/src/arsenal_server' with build type 'ament_python'
[7.445s] Level 1:colcon.colcon_core.shell:create_environment_hook('arsenal_server', 'ament_prefix_path')
[7.475s] INFO:colcon.colcon_core.plugin_system:Skipping extension 'colcon_core.shell.bat': Not used on non-Windows systems
[7.475s] INFO:colcon.colcon_core.shell:Creating environment hook '/home/zas/dev_ws/install/arsenal_server/share/arsenal_server/hook/ament_prefix_path.ps1'
[7.481s] INFO:colcon.colcon_core.shell:Creating environment descriptor '/home/zas/dev_ws/install/arsenal_server/share/arsenal_server/hook/ament_prefix_path.dsv'
[7.512s] INFO:colcon.colcon_core.shell:Creating environment hook '/home/zas/dev_ws/install/arsenal_server/share/arsenal_server/hook/ament_prefix_path.sh'
[7.518s] INFO:colcon.colcon_core.shell:Skip shell extension 'powershell' for command environment: Not usable outside of PowerShell
[7.518s] DEBUG:colcon.colcon_core.shell:Skip shell extension 'dsv' for command environment
[7.997s] INFO:colcon.colcon_core.task.python.build:Building Python package in '/home/zas/dev_ws/src/arsenal_server'
[7.998s] INFO:colcon.colcon_core.shell:Skip shell extension 'powershell' for command environment: Not usable outside of PowerShell
[7.998s] DEBUG:colcon.colcon_core.shell:Skip shell extension 'dsv' for command environment
[9.132s] DEBUG:colcon.colcon_core.event_handler.log_command:Invoking command in '/home/zas/dev_ws/src/arsenal_server': PYTHONPATH=/home/zas/dev_ws/build/arsenal_server/prefix_override:/home/zas/dev_ws/install/arsenal_server/lib/python3.10/site-packages:${PYTHONPATH} /usr/bin/python3 -W ignore:setup.py install is deprecated setup.py egg_info --egg-base ../../build/arsenal_server build --build-base /home/zas/dev_ws/build/arsenal_server/build install --record /home/zas/dev_ws/build/arsenal_server/install.log --single-version-externally-managed install_data
[9.753s] DEBUG:colcon.colcon_core.event_handler.log_command:Invoked command in '/home/zas/dev_ws/src/arsenal_server' returned '0': PYTHONPATH=/home/zas/dev_ws/build/arsenal_server/prefix_override:/home/zas/dev_ws/install/arsenal_server/lib/python3.10/site-packages:${PYTHONPATH} /usr/bin/python3 -W ignore:setup.py install is deprecated setup.py egg_info --egg-base ../../build/arsenal_server build --build-base /home/zas/dev_ws/build/arsenal_server/build install --record /home/zas/dev_ws/build/arsenal_server/install.log --single-version-externally-managed install_data
[9.825s] Level 1:colcon.colcon_core.environment:checking '/home/zas/dev_ws/install/arsenal_server' for CMake module files
[9.826s] Level 1:colcon.colcon_core.environment:checking '/home/zas/dev_ws/install/arsenal_server' for CMake config files
[9.827s] Level 1:colcon.colcon_core.environment:checking '/home/zas/dev_ws/install/arsenal_server/lib'
[9.827s] Level 1:colcon.colcon_core.environment:checking '/home/zas/dev_ws/install/arsenal_server/bin'
[9.827s] Level 1:colcon.colcon_core.environment:checking '/home/zas/dev_ws/install/arsenal_server/lib/pkgconfig/arsenal_server.pc'
[9.827s] Level 1:colcon.colcon_core.environment:checking '/home/zas/dev_ws/install/arsenal_server/lib/python3.10/site-packages'
[9.827s] Level 1:colcon.colcon_core.shell:create_environment_hook('arsenal_server', 'pythonpath')
[9.827s] INFO:colcon.colcon_core.shell:Creating environment hook '/home/zas/dev_ws/install/arsenal_server/share/arsenal_server/hook/pythonpath.ps1'
[9.828s] INFO:colcon.colcon_core.shell:Creating environment descriptor '/home/zas/dev_ws/install/arsenal_server/share/arsenal_server/hook/pythonpath.dsv'
[9.829s] INFO:colcon.colcon_core.shell:Creating environment hook '/home/zas/dev_ws/install/arsenal_server/share/arsenal_server/hook/pythonpath.sh'
[9.830s] Level 1:colcon.colcon_core.environment:checking '/home/zas/dev_ws/install/arsenal_server/bin'
[9.830s] Level 1:colcon.colcon_core.environment:create_environment_scripts_only(arsenal_server)
[9.830s] INFO:colcon.colcon_core.shell:Creating package script '/home/zas/dev_ws/install/arsenal_server/share/arsenal_server/package.ps1'
[9.832s] INFO:colcon.colcon_core.shell:Creating package descriptor '/home/zas/dev_ws/install/arsenal_server/share/arsenal_server/package.dsv'
[9.834s] INFO:colcon.colcon_core.shell:Creating package script '/home/zas/dev_ws/install/arsenal_server/share/arsenal_server/package.sh'
[9.836s] INFO:colcon.colcon_core.shell:Creating package script '/home/zas/dev_ws/install/arsenal_server/share/arsenal_server/package.bash'
[9.840s] INFO:colcon.colcon_core.shell:Creating package script '/home/zas/dev_ws/install/arsenal_server/share/arsenal_server/package.zsh'
[9.844s] Level 1:colcon.colcon_core.environment:create_file_with_runtime_dependencies(/home/zas/dev_ws/install/arsenal_server/share/colcon-core/packages/arsenal_server)
[9.847s] DEBUG:colcon.colcon_parallel_executor.executor.parallel:closing loop
[9.848s] DEBUG:colcon.colcon_parallel_executor.executor.parallel:loop closed
[9.848s] DEBUG:colcon.colcon_parallel_executor.executor.parallel:run_until_complete finished with '0'
[9.848s] DEBUG:colcon.colcon_core.event_reactor:joining thread
[9.927s] INFO:colcon.colcon_core.plugin_system:Skipping extension 'colcon_notification.desktop_notification.terminal_notifier': Not used on non-Darwin systems
[9.927s] INFO:colcon.colcon_core.plugin_system:Skipping extension 'colcon_notification.desktop_notification.win32': Not used on non-Windows systems
[9.927s] INFO:colcon.colcon_notification.desktop_notification:Sending desktop notification using 'notify2'
[9.990s] DEBUG:colcon.colcon_core.event_reactor:joined thread
[9.991s] INFO:colcon.colcon_core.shell:Creating prefix script '/home/zas/dev_ws/install/local_setup.ps1'
[10.020s] INFO:colcon.colcon_core.shell:Creating prefix util module '/home/zas/dev_ws/install/_local_setup_util_ps1.py'
[10.037s] INFO:colcon.colcon_core.shell:Creating prefix chain script '/home/zas/dev_ws/install/setup.ps1'
[10.064s] INFO:colcon.colcon_core.shell:Creating prefix script '/home/zas/dev_ws/install/local_setup.sh'
[10.069s] INFO:colcon.colcon_core.shell:Creating prefix util module '/home/zas/dev_ws/install/_local_setup_util_sh.py'
[10.070s] INFO:colcon.colcon_core.shell:Creating prefix chain script '/home/zas/dev_ws/install/setup.sh'
[10.073s] INFO:colcon.colcon_core.shell:Creating prefix script '/home/zas/dev_ws/install/local_setup.bash'
[10.075s] INFO:colcon.colcon_core.shell:Creating prefix chain script '/home/zas/dev_ws/install/setup.bash'
[10.077s] INFO:colcon.colcon_core.shell:Creating prefix script '/home/zas/dev_ws/install/local_setup.zsh'
[10.079s] INFO:colcon.colcon_core.shell:Creating prefix chain script '/home/zas/dev_ws/install/setup.zsh'
