[0.327s] DEBUG:colcon:Command line arguments: ['/usr/bin/colcon', 'build', '--symlink-install']
[0.328s] DEBUG:colcon:Parsed command line arguments: Namespace(log_base=None, log_level=None, verb_name='build', build_base='build', install_base='install', merge_install=False, symlink_install=True, test_result_base=None, continue_on_error=False, executor='parallel', parallel_workers=2, event_handlers=None, ignore_user_meta=False, metas=['./colcon.meta'], base_paths=['.'], packages_ignore=None, packages_ignore_regex=None, paths=None, packages_up_to=None, packages_up_to_regex=None, packages_above=None, packages_above_and_dependencies=None, packages_above_depth=None, packages_select_by_dep=None, packages_skip_by_dep=None, packages_skip_up_to=None, packages_select_build_failed=False, packages_skip_build_finished=False, packages_select_test_failures=False, packages_skip_test_passed=False, packages_select=None, packages_skip=None, packages_select_regex=None, packages_skip_regex=None, packages_start=None, packages_end=None, allow_overriding=[], cmake_args=None, cmake_target=None, cmake_target_skip_unavailable=False, cmake_clean_cache=False, cmake_clean_first=False, cmake_force_configure=False, ament_cmake_args=None, catkin_cmake_args=None, catkin_skip_building_tests=False, mixin_files=None, mixin=None, verb_parser=<colcon_mixin.mixin.mixin_argument.MixinArgumentDecorator object at 0x7631586b6410>, verb_extension=<colcon_core.verb.build.BuildVerb object at 0x763158842a10>, main=<bound method BuildVerb.main of <colcon_core.verb.build.BuildVerb object at 0x763158842a10>>, mixin_verb=('build',))
[0.681s] Level 1:colcon.colcon_core.package_discovery:discover_packages(colcon_meta) check parameters
[0.681s] Level 1:colcon.colcon_core.package_discovery:discover_packages(recursive) check parameters
[0.681s] Level 1:colcon.colcon_core.package_discovery:discover_packages(ignore) check parameters
[0.681s] Level 1:colcon.colcon_core.package_discovery:discover_packages(path) check parameters
[0.681s] Level 1:colcon.colcon_core.package_discovery:discover_packages(colcon_meta) discover
[0.681s] Level 1:colcon.colcon_core.package_discovery:discover_packages(recursive) discover
[0.682s] INFO:colcon.colcon_core.package_discovery:Crawling recursively for packages in '/home/n0sc3tipsum/ros2_ws'
[0.682s] Level 1:colcon.colcon_core.package_identification:_identify(.) by extensions ['ignore', 'ignore_ament_install']
[0.682s] Level 1:colcon.colcon_core.package_identification:_identify(.) by extension 'ignore'
[0.682s] Level 1:colcon.colcon_core.package_identification:_identify(.) by extension 'ignore_ament_install'
[0.682s] Level 1:colcon.colcon_core.package_identification:_identify(.) by extensions ['colcon_pkg']
[0.682s] Level 1:colcon.colcon_core.package_identification:_identify(.) by extension 'colcon_pkg'
[0.682s] Level 1:colcon.colcon_core.package_identification:_identify(.) by extensions ['colcon_meta']
[0.682s] Level 1:colcon.colcon_core.package_identification:_identify(.) by extension 'colcon_meta'
[0.682s] Level 1:colcon.colcon_core.package_identification:_identify(.) by extensions ['ros']
[0.683s] Level 1:colcon.colcon_core.package_identification:_identify(.) by extension 'ros'
[0.703s] Level 1:colcon.colcon_core.package_identification:_identify(.) by extensions ['cmake', 'python']
[0.703s] Level 1:colcon.colcon_core.package_identification:_identify(.) by extension 'cmake'
[0.703s] Level 1:colcon.colcon_core.package_identification:_identify(.) by extension 'python'
[0.703s] Level 1:colcon.colcon_core.package_identification:_identify(.) by extensions ['python_setup_py']
[0.703s] Level 1:colcon.colcon_core.package_identification:_identify(.) by extension 'python_setup_py'
[0.703s] Level 1:colcon.colcon_core.package_identification:_identify(build) by extensions ['ignore', 'ignore_ament_install']
[0.703s] Level 1:colcon.colcon_core.package_identification:_identify(build) by extension 'ignore'
[0.703s] Level 1:colcon.colcon_core.package_identification:_identify(build) ignored
[0.704s] Level 1:colcon.colcon_core.package_identification:_identify(install) by extensions ['ignore', 'ignore_ament_install']
[0.704s] Level 1:colcon.colcon_core.package_identification:_identify(install) by extension 'ignore'
[0.704s] Level 1:colcon.colcon_core.package_identification:_identify(install) ignored
[0.704s] Level 1:colcon.colcon_core.package_identification:_identify(log) by extensions ['ignore', 'ignore_ament_install']
[0.705s] Level 1:colcon.colcon_core.package_identification:_identify(log) by extension 'ignore'
[0.705s] Level 1:colcon.colcon_core.package_identification:_identify(log) ignored
[0.705s] Level 1:colcon.colcon_core.package_identification:_identify(src) by extensions ['ignore', 'ignore_ament_install']
[0.705s] Level 1:colcon.colcon_core.package_identification:_identify(src) by extension 'ignore'
[0.705s] Level 1:colcon.colcon_core.package_identification:_identify(src) by extension 'ignore_ament_install'
[0.705s] Level 1:colcon.colcon_core.package_identification:_identify(src) by extensions ['colcon_pkg']
[0.705s] Level 1:colcon.colcon_core.package_identification:_identify(src) by extension 'colcon_pkg'
[0.705s] Level 1:colcon.colcon_core.package_identification:_identify(src) by extensions ['colcon_meta']
[0.705s] Level 1:colcon.colcon_core.package_identification:_identify(src) by extension 'colcon_meta'
[0.705s] Level 1:colcon.colcon_core.package_identification:_identify(src) by extensions ['ros']
[0.705s] Level 1:colcon.colcon_core.package_identification:_identify(src) by extension 'ros'
[0.705s] Level 1:colcon.colcon_core.package_identification:_identify(src) by extensions ['cmake', 'python']
[0.705s] Level 1:colcon.colcon_core.package_identification:_identify(src) by extension 'cmake'
[0.705s] Level 1:colcon.colcon_core.package_identification:_identify(src) by extension 'python'
[0.705s] Level 1:colcon.colcon_core.package_identification:_identify(src) by extensions ['python_setup_py']
[0.706s] Level 1:colcon.colcon_core.package_identification:_identify(src) by extension 'python_setup_py'
[0.706s] Level 1:colcon.colcon_core.package_identification:_identify(src/arsenal_navigator) by extensions ['ignore', 'ignore_ament_install']
[0.706s] Level 1:colcon.colcon_core.package_identification:_identify(src/arsenal_navigator) by extension 'ignore'
[0.706s] Level 1:colcon.colcon_core.package_identification:_identify(src/arsenal_navigator) by extension 'ignore_ament_install'
[0.706s] Level 1:colcon.colcon_core.package_identification:_identify(src/arsenal_navigator) by extensions ['colcon_pkg']
[0.706s] Level 1:colcon.colcon_core.package_identification:_identify(src/arsenal_navigator) by extension 'colcon_pkg'
[0.706s] Level 1:colcon.colcon_core.package_identification:_identify(src/arsenal_navigator) by extensions ['colcon_meta']
[0.706s] Level 1:colcon.colcon_core.package_identification:_identify(src/arsenal_navigator) by extension 'colcon_meta'
[0.706s] Level 1:colcon.colcon_core.package_identification:_identify(src/arsenal_navigator) by extensions ['ros']
[0.706s] Level 1:colcon.colcon_core.package_identification:_identify(src/arsenal_navigator) by extension 'ros'
[0.712s] DEBUG:colcon.colcon_core.package_identification:Package 'src/arsenal_navigator' with type 'ros.ament_python' and name 'arsenal_navigator'
[0.712s] Level 1:colcon.colcon_core.package_discovery:discover_packages(recursive) using defaults
[0.712s] Level 1:colcon.colcon_core.package_discovery:discover_packages(ignore) discover
[0.713s] Level 1:colcon.colcon_core.package_discovery:discover_packages(ignore) using defaults
[0.713s] Level 1:colcon.colcon_core.package_discovery:discover_packages(path) discover
[0.713s] Level 1:colcon.colcon_core.package_discovery:discover_packages(path) using defaults
[0.778s] Level 1:colcon.colcon_core.package_discovery:discover_packages(prefix_path) check parameters
[0.778s] Level 1:colcon.colcon_core.package_discovery:discover_packages(prefix_path) discover
[0.788s] DEBUG:colcon.colcon_installed_package_information.package_discovery:Found 1 installed packages in /home/n0sc3tipsum/ros2_ws/install
[0.791s] DEBUG:colcon.colcon_installed_package_information.package_discovery:Found 385 installed packages in /opt/ros/humble
[0.794s] Level 1:colcon.colcon_core.package_discovery:discover_packages(prefix_path) using defaults
[0.895s] Level 5:colcon.colcon_core.verb:set package 'arsenal_navigator' build argument 'cmake_args' from command line to 'None'
[0.895s] Level 5:colcon.colcon_core.verb:set package 'arsenal_navigator' build argument 'cmake_target' from command line to 'None'
[0.895s] Level 5:colcon.colcon_core.verb:set package 'arsenal_navigator' build argument 'cmake_target_skip_unavailable' from command line to 'False'
[0.895s] Level 5:colcon.colcon_core.verb:set package 'arsenal_navigator' build argument 'cmake_clean_cache' from command line to 'False'
[0.895s] Level 5:colcon.colcon_core.verb:set package 'arsenal_navigator' build argument 'cmake_clean_first' from command line to 'False'
[0.895s] Level 5:colcon.colcon_core.verb:set package 'arsenal_navigator' build argument 'cmake_force_configure' from command line to 'False'
[0.895s] Level 5:colcon.colcon_core.verb:set package 'arsenal_navigator' build argument 'ament_cmake_args' from command line to 'None'
[0.895s] Level 5:colcon.colcon_core.verb:set package 'arsenal_navigator' build argument 'catkin_cmake_args' from command line to 'None'
[0.895s] Level 5:colcon.colcon_core.verb:set package 'arsenal_navigator' build argument 'catkin_skip_building_tests' from command line to 'False'
[0.895s] DEBUG:colcon.colcon_core.verb:Building package 'arsenal_navigator' with the following arguments: {'ament_cmake_args': None, 'build_base': '/home/n0sc3tipsum/ros2_ws/build/arsenal_navigator', 'catkin_cmake_args': None, 'catkin_skip_building_tests': False, 'cmake_args': None, 'cmake_clean_cache': False, 'cmake_clean_first': False, 'cmake_force_configure': False, 'cmake_target': None, 'cmake_target_skip_unavailable': False, 'install_base': '/home/n0sc3tipsum/ros2_ws/install/arsenal_navigator', 'merge_install': False, 'path': '/home/n0sc3tipsum/ros2_ws/src/arsenal_navigator', 'symlink_install': True, 'test_result_base': None}
[0.895s] INFO:colcon.colcon_core.executor:Executing jobs using 'parallel' executor
[0.899s] DEBUG:colcon.colcon_parallel_executor.executor.parallel:run_until_complete
[0.899s] INFO:colcon.colcon_ros.task.ament_python.build:Building ROS package in '/home/n0sc3tipsum/ros2_ws/src/arsenal_navigator' with build type 'ament_python'
[0.900s] Level 1:colcon.colcon_core.shell:create_environment_hook('arsenal_navigator', 'ament_prefix_path')
[0.917s] INFO:colcon.colcon_core.plugin_system:Skipping extension 'colcon_core.shell.bat': Not used on non-Windows systems
[0.918s] INFO:colcon.colcon_core.shell:Creating environment hook '/home/n0sc3tipsum/ros2_ws/install/arsenal_navigator/share/arsenal_navigator/hook/ament_prefix_path.ps1'
[0.920s] INFO:colcon.colcon_core.shell:Creating environment descriptor '/home/n0sc3tipsum/ros2_ws/install/arsenal_navigator/share/arsenal_navigator/hook/ament_prefix_path.dsv'
[0.923s] INFO:colcon.colcon_core.shell:Creating environment hook '/home/n0sc3tipsum/ros2_ws/install/arsenal_navigator/share/arsenal_navigator/hook/ament_prefix_path.sh'
[0.931s] INFO:colcon.colcon_core.shell:Skip shell extension 'powershell' for command environment: Not usable outside of PowerShell
[0.931s] DEBUG:colcon.colcon_core.shell:Skip shell extension 'dsv' for command environment
[1.559s] INFO:colcon.colcon_core.task.python.build:Building Python package in '/home/n0sc3tipsum/ros2_ws/src/arsenal_navigator'
[1.560s] INFO:colcon.colcon_core.shell:Skip shell extension 'powershell' for command environment: Not usable outside of PowerShell
[1.560s] DEBUG:colcon.colcon_core.shell:Skip shell extension 'dsv' for command environment
[3.248s] DEBUG:colcon.colcon_core.task.python.build:While undoing a previous installation files outside the Python library path are being ignored: /home/n0sc3tipsum/ros2_ws/install/arsenal_navigator/share/ament_index/resource_index/packages/arsenal_navigator
[3.249s] DEBUG:colcon.colcon_core.task.python.build:While undoing a previous installation files outside the Python library path are being ignored: /home/n0sc3tipsum/ros2_ws/install/arsenal_navigator/share/arsenal_navigator/package.xml
[3.259s] DEBUG:colcon.colcon_core.event_handler.log_command:Invoking command in '/home/n0sc3tipsum/ros2_ws/build/arsenal_navigator': PYTHONPATH=/home/n0sc3tipsum/ros2_ws/build/arsenal_navigator/prefix_override:/home/n0sc3tipsum/ros2_ws/install/arsenal_navigator/lib/python3.10/site-packages:${PYTHONPATH} /usr/bin/python3 -W ignore:setup.py install is deprecated setup.py develop --editable --build-directory /home/n0sc3tipsum/ros2_ws/build/arsenal_navigator/build --no-deps symlink_data --force
[4.253s] Level 1:colcon.colcon_core.shell:create_environment_hook('arsenal_navigator', 'pythonpath_develop')
[4.254s] INFO:colcon.colcon_core.shell:Creating environment hook '/home/n0sc3tipsum/ros2_ws/build/arsenal_navigator/share/arsenal_navigator/hook/pythonpath_develop.ps1'
[4.255s] INFO:colcon.colcon_core.shell:Creating environment descriptor '/home/n0sc3tipsum/ros2_ws/build/arsenal_navigator/share/arsenal_navigator/hook/pythonpath_develop.dsv'
[4.256s] INFO:colcon.colcon_core.shell:Creating environment hook '/home/n0sc3tipsum/ros2_ws/build/arsenal_navigator/share/arsenal_navigator/hook/pythonpath_develop.sh'
[4.260s] DEBUG:colcon.colcon_core.event_handler.log_command:Invoked command in '/home/n0sc3tipsum/ros2_ws/build/arsenal_navigator' returned '0': PYTHONPATH=/home/n0sc3tipsum/ros2_ws/build/arsenal_navigator/prefix_override:/home/n0sc3tipsum/ros2_ws/install/arsenal_navigator/lib/python3.10/site-packages:${PYTHONPATH} /usr/bin/python3 -W ignore:setup.py install is deprecated setup.py develop --editable --build-directory /home/n0sc3tipsum/ros2_ws/build/arsenal_navigator/build --no-deps symlink_data --force
[4.286s] Level 1:colcon.colcon_core.environment:checking '/home/n0sc3tipsum/ros2_ws/install/arsenal_navigator' for CMake module files
[4.287s] Level 1:colcon.colcon_core.environment:checking '/home/n0sc3tipsum/ros2_ws/install/arsenal_navigator' for CMake config files
[4.288s] Level 1:colcon.colcon_core.environment:checking '/home/n0sc3tipsum/ros2_ws/install/arsenal_navigator/lib'
[4.288s] Level 1:colcon.colcon_core.environment:checking '/home/n0sc3tipsum/ros2_ws/install/arsenal_navigator/bin'
[4.288s] Level 1:colcon.colcon_core.environment:checking '/home/n0sc3tipsum/ros2_ws/install/arsenal_navigator/lib/pkgconfig/arsenal_navigator.pc'
[4.288s] Level 1:colcon.colcon_core.environment:checking '/home/n0sc3tipsum/ros2_ws/install/arsenal_navigator/lib/python3.10/site-packages'
[4.288s] Level 1:colcon.colcon_core.shell:create_environment_hook('arsenal_navigator', 'pythonpath')
[4.289s] INFO:colcon.colcon_core.shell:Creating environment hook '/home/n0sc3tipsum/ros2_ws/install/arsenal_navigator/share/arsenal_navigator/hook/pythonpath.ps1'
[4.291s] INFO:colcon.colcon_core.shell:Creating environment descriptor '/home/n0sc3tipsum/ros2_ws/install/arsenal_navigator/share/arsenal_navigator/hook/pythonpath.dsv'
[4.293s] INFO:colcon.colcon_core.shell:Creating environment hook '/home/n0sc3tipsum/ros2_ws/install/arsenal_navigator/share/arsenal_navigator/hook/pythonpath.sh'
[4.295s] Level 1:colcon.colcon_core.environment:checking '/home/n0sc3tipsum/ros2_ws/install/arsenal_navigator/bin'
[4.295s] Level 1:colcon.colcon_core.environment:create_environment_scripts_only(arsenal_navigator)
[4.296s] INFO:colcon.colcon_core.shell:Creating package script '/home/n0sc3tipsum/ros2_ws/install/arsenal_navigator/share/arsenal_navigator/package.ps1'
[4.301s] INFO:colcon.colcon_core.shell:Creating package descriptor '/home/n0sc3tipsum/ros2_ws/install/arsenal_navigator/share/arsenal_navigator/package.dsv'
[4.304s] INFO:colcon.colcon_core.shell:Creating package script '/home/n0sc3tipsum/ros2_ws/install/arsenal_navigator/share/arsenal_navigator/package.sh'
[4.307s] INFO:colcon.colcon_core.shell:Creating package script '/home/n0sc3tipsum/ros2_ws/install/arsenal_navigator/share/arsenal_navigator/package.bash'
[4.312s] INFO:colcon.colcon_core.shell:Creating package script '/home/n0sc3tipsum/ros2_ws/install/arsenal_navigator/share/arsenal_navigator/package.zsh'
[4.316s] Level 1:colcon.colcon_core.environment:create_file_with_runtime_dependencies(/home/n0sc3tipsum/ros2_ws/install/arsenal_navigator/share/colcon-core/packages/arsenal_navigator)
[4.318s] DEBUG:colcon.colcon_parallel_executor.executor.parallel:closing loop
[4.319s] DEBUG:colcon.colcon_parallel_executor.executor.parallel:loop closed
[4.320s] DEBUG:colcon.colcon_parallel_executor.executor.parallel:run_until_complete finished with '0'
[4.320s] DEBUG:colcon.colcon_core.event_reactor:joining thread
[4.343s] INFO:colcon.colcon_core.plugin_system:Skipping extension 'colcon_notification.desktop_notification.terminal_notifier': Not used on non-Darwin systems
[4.343s] INFO:colcon.colcon_core.plugin_system:Skipping extension 'colcon_notification.desktop_notification.win32': Not used on non-Windows systems
[4.343s] INFO:colcon.colcon_notification.desktop_notification:Sending desktop notification using 'notify2'
[4.396s] DEBUG:colcon.colcon_core.event_reactor:joined thread
[4.396s] INFO:colcon.colcon_core.shell:Creating prefix script '/home/n0sc3tipsum/ros2_ws/install/local_setup.ps1'
[4.400s] INFO:colcon.colcon_core.shell:Creating prefix util module '/home/n0sc3tipsum/ros2_ws/install/_local_setup_util_ps1.py'
[4.403s] INFO:colcon.colcon_core.shell:Creating prefix chain script '/home/n0sc3tipsum/ros2_ws/install/setup.ps1'
[4.406s] INFO:colcon.colcon_core.shell:Creating prefix script '/home/n0sc3tipsum/ros2_ws/install/local_setup.sh'
[4.411s] INFO:colcon.colcon_core.shell:Creating prefix util module '/home/n0sc3tipsum/ros2_ws/install/_local_setup_util_sh.py'
[4.414s] INFO:colcon.colcon_core.shell:Creating prefix chain script '/home/n0sc3tipsum/ros2_ws/install/setup.sh'
[4.420s] INFO:colcon.colcon_core.shell:Creating prefix script '/home/n0sc3tipsum/ros2_ws/install/local_setup.bash'
[4.424s] INFO:colcon.colcon_core.shell:Creating prefix chain script '/home/n0sc3tipsum/ros2_ws/install/setup.bash'
[4.429s] INFO:colcon.colcon_core.shell:Creating prefix script '/home/n0sc3tipsum/ros2_ws/install/local_setup.zsh'
[4.434s] INFO:colcon.colcon_core.shell:Creating prefix chain script '/home/n0sc3tipsum/ros2_ws/install/setup.zsh'
