[2.650s] Invoking command in '/home/zas/dev_ws/src/arsenal_server': PYTHONPATH=/home/zas/dev_ws/build/arsenal_server/prefix_override:/home/zas/dev_ws/install/arsenal_server/lib/python3.10/site-packages:${PYTHONPATH} /usr/bin/python3 -W ignore:setup.py install is deprecated setup.py egg_info --egg-base ../../build/arsenal_server build --build-base /home/zas/dev_ws/build/arsenal_server/build install --record /home/zas/dev_ws/build/arsenal_server/install.log --single-version-externally-managed install_data
[3.592s] running egg_info
[3.592s] writing ../../build/arsenal_server/arsenal_server.egg-info/PKG-INFO
[3.592s] writing dependency_links to ../../build/arsenal_server/arsenal_server.egg-info/dependency_links.txt
[3.593s] writing entry points to ../../build/arsenal_server/arsenal_server.egg-info/entry_points.txt
[3.610s] writing requirements to ../../build/arsenal_server/arsenal_server.egg-info/requires.txt
[3.610s] writing top-level names to ../../build/arsenal_server/arsenal_server.egg-info/top_level.txt
[3.611s] reading manifest file '../../build/arsenal_server/arsenal_server.egg-info/SOURCES.txt'
[3.613s] writing manifest file '../../build/arsenal_server/arsenal_server.egg-info/SOURCES.txt'
[3.613s] running build
[3.614s] running build_py
[3.614s] copying arsenal_server/server_node.py -> /home/zas/dev_ws/build/arsenal_server/build/lib/arsenal_server
[3.614s] running install
[3.615s] running install_lib
[3.620s] copying /home/zas/dev_ws/build/arsenal_server/build/lib/arsenal_server/server_node.py -> /home/zas/dev_ws/install/arsenal_server/lib/python3.10/site-packages/arsenal_server
[3.621s] byte-compiling /home/zas/dev_ws/install/arsenal_server/lib/python3.10/site-packages/arsenal_server/server_node.py to server_node.cpython-310.pyc
[3.623s] running install_data
[3.623s] running install_egg_info
[3.626s] removing '/home/zas/dev_ws/install/arsenal_server/lib/python3.10/site-packages/arsenal_server-0.0.0-py3.10.egg-info' (and everything under it)
[3.627s] Copying ../../build/arsenal_server/arsenal_server.egg-info to /home/zas/dev_ws/install/arsenal_server/lib/python3.10/site-packages/arsenal_server-0.0.0-py3.10.egg-info
[3.628s] running install_scripts
[3.696s] Installing server_node script to /home/zas/dev_ws/install/arsenal_server/lib/arsenal_server
[3.699s] writing list of installed files to '/home/zas/dev_ws/build/arsenal_server/install.log'
[3.931s] Invoked command in '/home/zas/dev_ws/src/arsenal_server' returned '0': PYTHONPATH=/home/zas/dev_ws/build/arsenal_server/prefix_override:/home/zas/dev_ws/install/arsenal_server/lib/python3.10/site-packages:${PYTHONPATH} /usr/bin/python3 -W ignore:setup.py install is deprecated setup.py egg_info --egg-base ../../build/arsenal_server build --build-base /home/zas/dev_ws/build/arsenal_server/build install --record /home/zas/dev_ws/build/arsenal_server/install.log --single-version-externally-managed install_data
