[5.377s] Invoking command in '/home/zas/dev_ws/src/arsenal_server': PYTHONPATH=/home/zas/dev_ws/build/arsenal_server/prefix_override:/home/zas/dev_ws/install/arsenal_server/lib/python3.10/site-packages: /usr/bin/python3 -W ignore:setup.py install is deprecated setup.py egg_info --egg-base ../../build/arsenal_server build --build-base /home/zas/dev_ws/build/arsenal_server/build install --record /home/zas/dev_ws/build/arsenal_server/install.log --single-version-externally-managed install_data
[5.671s] running egg_info
[5.671s] writing ../../build/arsenal_server/arsenal_server.egg-info/PKG-INFO
[5.783s] writing dependency_links to ../../build/arsenal_server/arsenal_server.egg-info/dependency_links.txt
[5.793s] writing entry points to ../../build/arsenal_server/arsenal_server.egg-info/entry_points.txt
[5.804s] writing requirements to ../../build/arsenal_server/arsenal_server.egg-info/requires.txt
[5.814s] writing top-level names to ../../build/arsenal_server/arsenal_server.egg-info/top_level.txt
[5.827s] reading manifest file '../../build/arsenal_server/arsenal_server.egg-info/SOURCES.txt'
[5.844s] writing manifest file '../../build/arsenal_server/arsenal_server.egg-info/SOURCES.txt'
[5.844s] running build
[5.848s] running build_py
[5.877s] copying arsenal_server/server_node.py -> /home/zas/dev_ws/build/arsenal_server/build/lib/arsenal_server
[5.877s] running install
[5.877s] running install_lib
[5.892s] copying /home/zas/dev_ws/build/arsenal_server/build/lib/arsenal_server/server_node.py -> /home/zas/dev_ws/install/arsenal_server/lib/python3.10/site-packages/arsenal_server
[5.929s] byte-compiling /home/zas/dev_ws/install/arsenal_server/lib/python3.10/site-packages/arsenal_server/server_node.py to server_node.cpython-310.pyc
[5.943s] running install_data
[5.959s] running install_egg_info
[5.960s] removing '/home/zas/dev_ws/install/arsenal_server/lib/python3.10/site-packages/arsenal_server-0.0.0-py3.10.egg-info' (and everything under it)
[5.962s] Copying ../../build/arsenal_server/arsenal_server.egg-info to /home/zas/dev_ws/install/arsenal_server/lib/python3.10/site-packages/arsenal_server-0.0.0-py3.10.egg-info
[6.010s] running install_scripts
[6.077s] Installing cmd_rcvr script to /home/zas/dev_ws/install/arsenal_server/lib/arsenal_server
[6.108s] Installing server_node script to /home/zas/dev_ws/install/arsenal_server/lib/arsenal_server
[6.108s] writing list of installed files to '/home/zas/dev_ws/build/arsenal_server/install.log'
[6.204s] Invoked command in '/home/zas/dev_ws/src/arsenal_server' returned '0': PYTHONPATH=/home/zas/dev_ws/build/arsenal_server/prefix_override:/home/zas/dev_ws/install/arsenal_server/lib/python3.10/site-packages: /usr/bin/python3 -W ignore:setup.py install is deprecated setup.py egg_info --egg-base ../../build/arsenal_server build --build-base /home/zas/dev_ws/build/arsenal_server/build install --record /home/zas/dev_ws/build/arsenal_server/install.log --single-version-externally-managed install_data
