[2.222s] Invoking command in '/home/zas/dev_ws/src/arsenal_server': PYTHONPATH=/home/zas/dev_ws/build/arsenal_server/prefix_override:/home/zas/dev_ws/install/arsenal_server/lib/python3.10/site-packages:${PYTHONPATH} /usr/bin/python3 -W ignore:setup.py install is deprecated setup.py egg_info --egg-base ../../build/arsenal_server build --build-base /home/zas/dev_ws/build/arsenal_server/build install --record /home/zas/dev_ws/build/arsenal_server/install.log --single-version-externally-managed install_data
[3.187s] running egg_info
[3.187s] writing ../../build/arsenal_server/arsenal_server.egg-info/PKG-INFO
[3.187s] writing dependency_links to ../../build/arsenal_server/arsenal_server.egg-info/dependency_links.txt
[3.193s] writing entry points to ../../build/arsenal_server/arsenal_server.egg-info/entry_points.txt
[3.194s] writing requirements to ../../build/arsenal_server/arsenal_server.egg-info/requires.txt
[3.194s] writing top-level names to ../../build/arsenal_server/arsenal_server.egg-info/top_level.txt
[3.226s] reading manifest file '../../build/arsenal_server/arsenal_server.egg-info/SOURCES.txt'
[3.227s] writing manifest file '../../build/arsenal_server/arsenal_server.egg-info/SOURCES.txt'
[3.227s] running build
[3.227s] running build_py
[3.227s] copying arsenal_server/server_node.py -> /home/zas/dev_ws/build/arsenal_server/build/lib/arsenal_server
[3.227s] running install
[3.227s] running install_lib
[3.247s] copying /home/zas/dev_ws/build/arsenal_server/build/lib/arsenal_server/server_node.py -> /home/zas/dev_ws/install/arsenal_server/lib/python3.10/site-packages/arsenal_server
[3.247s] byte-compiling /home/zas/dev_ws/install/arsenal_server/lib/python3.10/site-packages/arsenal_server/server_node.py to server_node.cpython-310.pyc
[3.284s] running install_data
[3.284s] running install_egg_info
[3.284s] removing '/home/zas/dev_ws/install/arsenal_server/lib/python3.10/site-packages/arsenal_server-0.0.0-py3.10.egg-info' (and everything under it)
[3.284s] Copying ../../build/arsenal_server/arsenal_server.egg-info to /home/zas/dev_ws/install/arsenal_server/lib/python3.10/site-packages/arsenal_server-0.0.0-py3.10.egg-info
[3.322s] running install_scripts
[3.377s] Installing cmd_rcvr script to /home/zas/dev_ws/install/arsenal_server/lib/arsenal_server
[3.402s] Installing server_node script to /home/zas/dev_ws/install/arsenal_server/lib/arsenal_server
[3.402s] writing list of installed files to '/home/zas/dev_ws/build/arsenal_server/install.log'
[3.539s] Invoked command in '/home/zas/dev_ws/src/arsenal_server' returned '0': PYTHONPATH=/home/zas/dev_ws/build/arsenal_server/prefix_override:/home/zas/dev_ws/install/arsenal_server/lib/python3.10/site-packages:${PYTHONPATH} /usr/bin/python3 -W ignore:setup.py install is deprecated setup.py egg_info --egg-base ../../build/arsenal_server build --build-base /home/zas/dev_ws/build/arsenal_server/build install --record /home/zas/dev_ws/build/arsenal_server/install.log --single-version-externally-managed install_data
