/home/n0sc3tipsum/ros2_ws/install/arsenal_navigator/lib/python3.10/site-packages/arsenal_navigator/LidarReceiver.py
/home/n0sc3tipsum/ros2_ws/install/arsenal_navigator/lib/python3.10/site-packages/arsenal_navigator/GoalReceiver.py
/home/n0sc3tipsum/ros2_ws/install/arsenal_navigator/lib/python3.10/site-packages/arsenal_navigator/Navigator.py
/home/n0sc3tipsum/ros2_ws/install/arsenal_navigator/lib/python3.10/site-packages/arsenal_navigator/__init__.py
/home/n0sc3tipsum/ros2_ws/install/arsenal_navigator/lib/python3.10/site-packages/arsenal_navigator/testerNode.py
/home/n0sc3tipsum/ros2_ws/install/arsenal_navigator/lib/python3.10/site-packages/arsenal_navigator/__pycache__/LidarReceiver.cpython-310.pyc
/home/n0sc3tipsum/ros2_ws/install/arsenal_navigator/lib/python3.10/site-packages/arsenal_navigator/__pycache__/GoalReceiver.cpython-310.pyc
/home/n0sc3tipsum/ros2_ws/install/arsenal_navigator/lib/python3.10/site-packages/arsenal_navigator/__pycache__/Navigator.cpython-310.pyc
/home/n0sc3tipsum/ros2_ws/install/arsenal_navigator/lib/python3.10/site-packages/arsenal_navigator/__pycache__/__init__.cpython-310.pyc
/home/n0sc3tipsum/ros2_ws/install/arsenal_navigator/lib/python3.10/site-packages/arsenal_navigator/__pycache__/testerNode.cpython-310.pyc
/home/n0sc3tipsum/ros2_ws/install/arsenal_navigator/share/ament_index/resource_index/packages/arsenal_navigator
/home/n0sc3tipsum/ros2_ws/install/arsenal_navigator/share/arsenal_navigator/package.xml
/home/n0sc3tipsum/ros2_ws/install/arsenal_navigator/share/arsenal_navigator/launch/rsp.launch.py
/home/n0sc3tipsum/ros2_ws/install/arsenal_navigator/share/arsenal_navigator/description/inertial_macros.xacro
/home/n0sc3tipsum/ros2_ws/install/arsenal_navigator/share/arsenal_navigator/description/robot_core.xacro
/home/n0sc3tipsum/ros2_ws/install/arsenal_navigator/share/arsenal_navigator/description/arsenal_robot_description.urdf.xacro
/home/n0sc3tipsum/ros2_ws/install/arsenal_navigator/lib/python3.10/site-packages/arsenal_navigator-0.0.0-py3.10.egg-info/entry_points.txt
/home/n0sc3tipsum/ros2_ws/install/arsenal_navigator/lib/python3.10/site-packages/arsenal_navigator-0.0.0-py3.10.egg-info/PKG-INFO
/home/n0sc3tipsum/ros2_ws/install/arsenal_navigator/lib/python3.10/site-packages/arsenal_navigator-0.0.0-py3.10.egg-info/dependency_links.txt
/home/n0sc3tipsum/ros2_ws/install/arsenal_navigator/lib/python3.10/site-packages/arsenal_navigator-0.0.0-py3.10.egg-info/top_level.txt
/home/n0sc3tipsum/ros2_ws/install/arsenal_navigator/lib/python3.10/site-packages/arsenal_navigator-0.0.0-py3.10.egg-info/SOURCES.txt
/home/n0sc3tipsum/ros2_ws/install/arsenal_navigator/lib/python3.10/site-packages/arsenal_navigator-0.0.0-py3.10.egg-info/requires.txt
/home/n0sc3tipsum/ros2_ws/install/arsenal_navigator/lib/python3.10/site-packages/arsenal_navigator-0.0.0-py3.10.egg-info/zip-safe
/home/n0sc3tipsum/ros2_ws/install/arsenal_navigator/lib/arsenal_navigator/testerNode
