[1.685s] Invoking command in '/home/zas/dev_ws/src/arsenal_server': PYTHONPATH=/home/zas/dev_ws/build/arsenal_server/prefix_override:/home/zas/dev_ws/install/arsenal_server/lib/python3.10/site-packages:${PYTHONPATH} /usr/bin/python3 -W ignore:setup.py install is deprecated setup.py egg_info --egg-base ../../build/arsenal_server build --build-base /home/zas/dev_ws/build/arsenal_server/build install --record /home/zas/dev_ws/build/arsenal_server/install.log --single-version-externally-managed install_data
[1.985s] running egg_info
[1.987s] writing ../../build/arsenal_server/arsenal_server.egg-info/PKG-INFO
[2.098s] writing dependency_links to ../../build/arsenal_server/arsenal_server.egg-info/dependency_links.txt
[2.099s] writing entry points to ../../build/arsenal_server/arsenal_server.egg-info/entry_points.txt
[2.100s] writing requirements to ../../build/arsenal_server/arsenal_server.egg-info/requires.txt
[2.101s] writing top-level names to ../../build/arsenal_server/arsenal_server.egg-info/top_level.txt
[2.105s] reading manifest file '../../build/arsenal_server/arsenal_server.egg-info/SOURCES.txt'
[2.134s] writing manifest file '../../build/arsenal_server/arsenal_server.egg-info/SOURCES.txt'
[2.137s] running build
[2.138s] running build_py
[2.188s] copying arsenal_server/server_node.py -> /home/zas/dev_ws/build/arsenal_server/build/lib/arsenal_server
[2.188s] running install
[2.189s] running install_lib
[2.191s] copying /home/zas/dev_ws/build/arsenal_server/build/lib/arsenal_server/server_node.py -> /home/zas/dev_ws/install/arsenal_server/lib/python3.10/site-packages/arsenal_server
[2.192s] byte-compiling /home/zas/dev_ws/install/arsenal_server/lib/python3.10/site-packages/arsenal_server/server_node.py to server_node.cpython-310.pyc
[2.193s] running install_data
[2.193s] running install_egg_info
[2.197s] removing '/home/zas/dev_ws/install/arsenal_server/lib/python3.10/site-packages/arsenal_server-0.0.0-py3.10.egg-info' (and everything under it)
[2.197s] Copying ../../build/arsenal_server/arsenal_server.egg-info to /home/zas/dev_ws/install/arsenal_server/lib/python3.10/site-packages/arsenal_server-0.0.0-py3.10.egg-info
[2.213s] running install_scripts
[2.247s] Installing cmd_rcvr script to /home/zas/dev_ws/install/arsenal_server/lib/arsenal_server
[2.274s] Installing server_node script to /home/zas/dev_ws/install/arsenal_server/lib/arsenal_server
[2.274s] writing list of installed files to '/home/zas/dev_ws/build/arsenal_server/install.log'
[2.306s] Invoked command in '/home/zas/dev_ws/src/arsenal_server' returned '0': PYTHONPATH=/home/zas/dev_ws/build/arsenal_server/prefix_override:/home/zas/dev_ws/install/arsenal_server/lib/python3.10/site-packages:${PYTHONPATH} /usr/bin/python3 -W ignore:setup.py install is deprecated setup.py egg_info --egg-base ../../build/arsenal_server build --build-base /home/zas/dev_ws/build/arsenal_server/build install --record /home/zas/dev_ws/build/arsenal_server/install.log --single-version-externally-managed install_data
