[0.931s] Invoking command in '/home/zas/dev_ws/src/arsenal_server': PYTHONPATH=/home/zas/dev_ws/build/arsenal_server/prefix_override:/home/zas/dev_ws/install/arsenal_server/lib/python3.10/site-packages:${PYTHONPATH} /usr/bin/python3 -W ignore:setup.py install is deprecated setup.py egg_info --egg-base ../../build/arsenal_server build --build-base /home/zas/dev_ws/build/arsenal_server/build install --record /home/zas/dev_ws/build/arsenal_server/install.log --single-version-externally-managed install_data
[1.247s] running egg_info
[1.248s] writing ../../build/arsenal_server/arsenal_server.egg-info/PKG-INFO
[1.252s] writing dependency_links to ../../build/arsenal_server/arsenal_server.egg-info/dependency_links.txt
[1.252s] writing entry points to ../../build/arsenal_server/arsenal_server.egg-info/entry_points.txt
[1.257s] writing requirements to ../../build/arsenal_server/arsenal_server.egg-info/requires.txt
[1.258s] writing top-level names to ../../build/arsenal_server/arsenal_server.egg-info/top_level.txt
[1.259s] reading manifest file '../../build/arsenal_server/arsenal_server.egg-info/SOURCES.txt'
[1.262s] writing manifest file '../../build/arsenal_server/arsenal_server.egg-info/SOURCES.txt'
[1.262s] running build
[1.262s] running build_py
[1.262s] running install
[1.263s] running install_lib
[1.270s] running install_data
[1.276s] running install_egg_info
[1.278s] removing '/home/zas/dev_ws/install/arsenal_server/lib/python3.10/site-packages/arsenal_server-0.0.0-py3.10.egg-info' (and everything under it)
[1.279s] Copying ../../build/arsenal_server/arsenal_server.egg-info to /home/zas/dev_ws/install/arsenal_server/lib/python3.10/site-packages/arsenal_server-0.0.0-py3.10.egg-info
[1.279s] running install_scripts
[1.315s] Installing cmd_rcvr script to /home/zas/dev_ws/install/arsenal_server/lib/arsenal_server
[1.336s] Installing server_node script to /home/zas/dev_ws/install/arsenal_server/lib/arsenal_server
[1.336s] writing list of installed files to '/home/zas/dev_ws/build/arsenal_server/install.log'
[1.378s] Invoked command in '/home/zas/dev_ws/src/arsenal_server' returned '0': PYTHONPATH=/home/zas/dev_ws/build/arsenal_server/prefix_override:/home/zas/dev_ws/install/arsenal_server/lib/python3.10/site-packages:${PYTHONPATH} /usr/bin/python3 -W ignore:setup.py install is deprecated setup.py egg_info --egg-base ../../build/arsenal_server build --build-base /home/zas/dev_ws/build/arsenal_server/build install --record /home/zas/dev_ws/build/arsenal_server/install.log --single-version-externally-managed install_data
