[7.316s] Invoking command in '/home/zas/dev_ws/src/arsenal_server': PYTHONPATH=/home/zas/dev_ws/build/arsenal_server/prefix_override:/home/zas/dev_ws/install/arsenal_server/lib/python3.10/site-packages:${PYTHONPATH} /usr/bin/python3 -W ignore:setup.py install is deprecated setup.py egg_info --egg-base ../../build/arsenal_server build --build-base /home/zas/dev_ws/build/arsenal_server/build install --record /home/zas/dev_ws/build/arsenal_server/install.log --single-version-externally-managed install_data
[7.884s] running egg_info
[7.884s] writing ../../build/arsenal_server/arsenal_server.egg-info/PKG-INFO
[7.891s] writing dependency_links to ../../build/arsenal_server/arsenal_server.egg-info/dependency_links.txt
[7.910s] writing entry points to ../../build/arsenal_server/arsenal_server.egg-info/entry_points.txt
[7.925s] writing requirements to ../../build/arsenal_server/arsenal_server.egg-info/requires.txt
[7.925s] writing top-level names to ../../build/arsenal_server/arsenal_server.egg-info/top_level.txt
[7.930s] reading manifest file '../../build/arsenal_server/arsenal_server.egg-info/SOURCES.txt'
[7.950s] writing manifest file '../../build/arsenal_server/arsenal_server.egg-info/SOURCES.txt'
[7.950s] running build
[7.950s] running build_py
[8.010s] copying arsenal_server/server_node.py -> /home/zas/dev_ws/build/arsenal_server/build/lib/arsenal_server
[8.010s] running install
[8.010s] running install_lib
[8.028s] copying /home/zas/dev_ws/build/arsenal_server/build/lib/arsenal_server/server_node.py -> /home/zas/dev_ws/install/arsenal_server/lib/python3.10/site-packages/arsenal_server
[8.028s] byte-compiling /home/zas/dev_ws/install/arsenal_server/lib/python3.10/site-packages/arsenal_server/server_node.py to server_node.cpython-310.pyc
[8.028s] running install_data
[8.041s] running install_egg_info
[8.078s] removing '/home/zas/dev_ws/install/arsenal_server/lib/python3.10/site-packages/arsenal_server-0.0.0-py3.10.egg-info' (and everything under it)
[8.078s] Copying ../../build/arsenal_server/arsenal_server.egg-info to /home/zas/dev_ws/install/arsenal_server/lib/python3.10/site-packages/arsenal_server-0.0.0-py3.10.egg-info
[8.157s] running install_scripts
[8.188s] Installing cmd_rcvr script to /home/zas/dev_ws/install/arsenal_server/lib/arsenal_server
[8.221s] Installing server_node script to /home/zas/dev_ws/install/arsenal_server/lib/arsenal_server
[8.236s] writing list of installed files to '/home/zas/dev_ws/build/arsenal_server/install.log'
[8.304s] Invoked command in '/home/zas/dev_ws/src/arsenal_server' returned '0': PYTHONPATH=/home/zas/dev_ws/build/arsenal_server/prefix_override:/home/zas/dev_ws/install/arsenal_server/lib/python3.10/site-packages:${PYTHONPATH} /usr/bin/python3 -W ignore:setup.py install is deprecated setup.py egg_info --egg-base ../../build/arsenal_server build --build-base /home/zas/dev_ws/build/arsenal_server/build install --record /home/zas/dev_ws/build/arsenal_server/install.log --single-version-externally-managed install_data
