[0.194s] DEBUG:colcon:Command line arguments: ['/usr/bin/colcon', 'build']
[0.194s] DEBUG:colcon:Parsed command line arguments: Namespace(log_base=None, log_level=None, verb_name='build', build_base='build', install_base='install', merge_install=False, symlink_install=False, test_result_base=None, continue_on_error=False, executor='parallel', parallel_workers=2, event_handlers=None, ignore_user_meta=False, metas=['./colcon.meta'], base_paths=['.'], packages_ignore=None, packages_ignore_regex=None, paths=None, packages_up_to=None, packages_up_to_regex=None, packages_above=None, packages_above_and_dependencies=None, packages_above_depth=None, packages_select_by_dep=None, packages_skip_by_dep=None, packages_skip_up_to=None, packages_select_build_failed=False, packages_skip_build_finished=False, packages_select_test_failures=False, packages_skip_test_passed=False, packages_select=None, packages_skip=None, packages_select_regex=None, packages_skip_regex=None, packages_start=None, packages_end=None, allow_overriding=[], cmake_args=None, cmake_target=None, cmake_target_skip_unavailable=False, cmake_clean_cache=False, cmake_clean_first=False, cmake_force_configure=False, ament_cmake_args=None, catkin_cmake_args=None, catkin_skip_building_tests=False, mixin_files=None, mixin=None, verb_parser=<colcon_mixin.mixin.mixin_argument.MixinArgumentDecorator object at 0x783a7b63e410>, verb_extension=<colcon_core.verb.build.BuildVerb object at 0x783a7b746a10>, main=<bound method BuildVerb.main of <colcon_core.verb.build.BuildVerb object at 0x783a7b746a10>>, mixin_verb=('build',))
[0.508s] Level 1:colcon.colcon_core.package_discovery:discover_packages(colcon_meta) check parameters
[0.510s] Level 1:colcon.colcon_core.package_discovery:discover_packages(recursive) check parameters
[0.511s] Level 1:colcon.colcon_core.package_discovery:discover_packages(ignore) check parameters
[0.511s] Level 1:colcon.colcon_core.package_discovery:discover_packages(path) check parameters
[0.511s] Level 1:colcon.colcon_core.package_discovery:discover_packages(colcon_meta) discover
[0.511s] Level 1:colcon.colcon_core.package_discovery:discover_packages(recursive) discover
[0.511s] INFO:colcon.colcon_core.package_discovery:Crawling recursively for packages in '/home/n0sc3tipsum/ros2_ws'
[0.524s] Level 1:colcon.colcon_core.package_identification:_identify(.) by extensions ['ignore', 'ignore_ament_install']
[0.524s] Level 1:colcon.colcon_core.package_identification:_identify(.) by extension 'ignore'
[0.524s] Level 1:colcon.colcon_core.package_identification:_identify(.) by extension 'ignore_ament_install'
[0.524s] Level 1:colcon.colcon_core.package_identification:_identify(.) by extensions ['colcon_pkg']
[0.524s] Level 1:colcon.colcon_core.package_identification:_identify(.) by extension 'colcon_pkg'
[0.524s] Level 1:colcon.colcon_core.package_identification:_identify(.) by extensions ['colcon_meta']
[0.525s] Level 1:colcon.colcon_core.package_identification:_identify(.) by extension 'colcon_meta'
[0.525s] Level 1:colcon.colcon_core.package_identification:_identify(.) by extensions ['ros']
[0.525s] Level 1:colcon.colcon_core.package_identification:_identify(.) by extension 'ros'
[0.544s] Level 1:colcon.colcon_core.package_identification:_identify(.) by extensions ['cmake', 'python']
[0.544s] Level 1:colcon.colcon_core.package_identification:_identify(.) by extension 'cmake'
[0.545s] Level 1:colcon.colcon_core.package_identification:_identify(.) by extension 'python'
[0.545s] Level 1:colcon.colcon_core.package_identification:_identify(.) by extensions ['python_setup_py']
[0.545s] Level 1:colcon.colcon_core.package_identification:_identify(.) by extension 'python_setup_py'
[0.545s] Level 1:colcon.colcon_core.package_identification:_identify(build) by extensions ['ignore', 'ignore_ament_install']
[0.545s] Level 1:colcon.colcon_core.package_identification:_identify(build) by extension 'ignore'
[0.545s] Level 1:colcon.colcon_core.package_identification:_identify(build) ignored
[0.545s] Level 1:colcon.colcon_core.package_identification:_identify(install) by extensions ['ignore', 'ignore_ament_install']
[0.546s] Level 1:colcon.colcon_core.package_identification:_identify(install) by extension 'ignore'
[0.546s] Level 1:colcon.colcon_core.package_identification:_identify(install) ignored
[0.546s] Level 1:colcon.colcon_core.package_identification:_identify(log) by extensions ['ignore', 'ignore_ament_install']
[0.546s] Level 1:colcon.colcon_core.package_identification:_identify(log) by extension 'ignore'
[0.546s] Level 1:colcon.colcon_core.package_identification:_identify(log) ignored
[0.547s] Level 1:colcon.colcon_core.package_identification:_identify(src) by extensions ['ignore', 'ignore_ament_install']
[0.547s] Level 1:colcon.colcon_core.package_identification:_identify(src) by extension 'ignore'
[0.547s] Level 1:colcon.colcon_core.package_identification:_identify(src) by extension 'ignore_ament_install'
[0.547s] Level 1:colcon.colcon_core.package_identification:_identify(src) by extensions ['colcon_pkg']
[0.548s] Level 1:colcon.colcon_core.package_identification:_identify(src) by extension 'colcon_pkg'
[0.548s] Level 1:colcon.colcon_core.package_identification:_identify(src) by extensions ['colcon_meta']
[0.548s] Level 1:colcon.colcon_core.package_identification:_identify(src) by extension 'colcon_meta'
[0.548s] Level 1:colcon.colcon_core.package_identification:_identify(src) by extensions ['ros']
[0.548s] Level 1:colcon.colcon_core.package_identification:_identify(src) by extension 'ros'
[0.549s] Level 1:colcon.colcon_core.package_identification:_identify(src) by extensions ['cmake', 'python']
[0.549s] Level 1:colcon.colcon_core.package_identification:_identify(src) by extension 'cmake'
[0.549s] Level 1:colcon.colcon_core.package_identification:_identify(src) by extension 'python'
[0.549s] Level 1:colcon.colcon_core.package_identification:_identify(src) by extensions ['python_setup_py']
[0.549s] Level 1:colcon.colcon_core.package_identification:_identify(src) by extension 'python_setup_py'
[0.550s] Level 1:colcon.colcon_core.package_identification:_identify(src/arsenal_navigator) by extensions ['ignore', 'ignore_ament_install']
[0.550s] Level 1:colcon.colcon_core.package_identification:_identify(src/arsenal_navigator) by extension 'ignore'
[0.550s] Level 1:colcon.colcon_core.package_identification:_identify(src/arsenal_navigator) by extension 'ignore_ament_install'
[0.551s] Level 1:colcon.colcon_core.package_identification:_identify(src/arsenal_navigator) by extensions ['colcon_pkg']
[0.551s] Level 1:colcon.colcon_core.package_identification:_identify(src/arsenal_navigator) by extension 'colcon_pkg'
[0.551s] Level 1:colcon.colcon_core.package_identification:_identify(src/arsenal_navigator) by extensions ['colcon_meta']
[0.551s] Level 1:colcon.colcon_core.package_identification:_identify(src/arsenal_navigator) by extension 'colcon_meta'
[0.552s] Level 1:colcon.colcon_core.package_identification:_identify(src/arsenal_navigator) by extensions ['ros']
[0.552s] Level 1:colcon.colcon_core.package_identification:_identify(src/arsenal_navigator) by extension 'ros'
[0.557s] DEBUG:colcon.colcon_core.package_identification:Package 'src/arsenal_navigator' with type 'ros.ament_python' and name 'arsenal_navigator'
[0.557s] Level 1:colcon.colcon_core.package_identification:_identify(src/build) by extensions ['ignore', 'ignore_ament_install']
[0.558s] Level 1:colcon.colcon_core.package_identification:_identify(src/build) by extension 'ignore'
[0.558s] Level 1:colcon.colcon_core.package_identification:_identify(src/build) ignored
[0.559s] Level 1:colcon.colcon_core.package_identification:_identify(src/install) by extensions ['ignore', 'ignore_ament_install']
[0.561s] Level 1:colcon.colcon_core.package_identification:_identify(src/install) by extension 'ignore'
[0.561s] Level 1:colcon.colcon_core.package_identification:_identify(src/install) ignored
[0.561s] Level 1:colcon.colcon_core.package_identification:_identify(src/log) by extensions ['ignore', 'ignore_ament_install']
[0.562s] Level 1:colcon.colcon_core.package_identification:_identify(src/log) by extension 'ignore'
[0.562s] Level 1:colcon.colcon_core.package_identification:_identify(src/log) ignored
[0.562s] Level 1:colcon.colcon_core.package_discovery:discover_packages(recursive) using defaults
[0.562s] Level 1:colcon.colcon_core.package_discovery:discover_packages(ignore) discover
[0.563s] Level 1:colcon.colcon_core.package_discovery:discover_packages(ignore) using defaults
[0.563s] Level 1:colcon.colcon_core.package_discovery:discover_packages(path) discover
[0.563s] Level 1:colcon.colcon_core.package_discovery:discover_packages(path) using defaults
[0.621s] Level 1:colcon.colcon_core.package_discovery:discover_packages(prefix_path) check parameters
[0.622s] Level 1:colcon.colcon_core.package_discovery:discover_packages(prefix_path) discover
[0.624s] DEBUG:colcon.colcon_installed_package_information.package_discovery:Found 1 installed packages in /home/n0sc3tipsum/ros2_ws/install
[0.626s] DEBUG:colcon.colcon_installed_package_information.package_discovery:Found 385 installed packages in /opt/ros/humble
[0.629s] Level 1:colcon.colcon_core.package_discovery:discover_packages(prefix_path) using defaults
[0.708s] Level 5:colcon.colcon_core.verb:set package 'arsenal_navigator' build argument 'cmake_args' from command line to 'None'
[0.709s] Level 5:colcon.colcon_core.verb:set package 'arsenal_navigator' build argument 'cmake_target' from command line to 'None'
[0.709s] Level 5:colcon.colcon_core.verb:set package 'arsenal_navigator' build argument 'cmake_target_skip_unavailable' from command line to 'False'
[0.709s] Level 5:colcon.colcon_core.verb:set package 'arsenal_navigator' build argument 'cmake_clean_cache' from command line to 'False'
[0.709s] Level 5:colcon.colcon_core.verb:set package 'arsenal_navigator' build argument 'cmake_clean_first' from command line to 'False'
[0.709s] Level 5:colcon.colcon_core.verb:set package 'arsenal_navigator' build argument 'cmake_force_configure' from command line to 'False'
[0.709s] Level 5:colcon.colcon_core.verb:set package 'arsenal_navigator' build argument 'ament_cmake_args' from command line to 'None'
[0.709s] Level 5:colcon.colcon_core.verb:set package 'arsenal_navigator' build argument 'catkin_cmake_args' from command line to 'None'
[0.709s] Level 5:colcon.colcon_core.verb:set package 'arsenal_navigator' build argument 'catkin_skip_building_tests' from command line to 'False'
[0.710s] DEBUG:colcon.colcon_core.verb:Building package 'arsenal_navigator' with the following arguments: {'ament_cmake_args': None, 'build_base': '/home/n0sc3tipsum/ros2_ws/build/arsenal_navigator', 'catkin_cmake_args': None, 'catkin_skip_building_tests': False, 'cmake_args': None, 'cmake_clean_cache': False, 'cmake_clean_first': False, 'cmake_force_configure': False, 'cmake_target': None, 'cmake_target_skip_unavailable': False, 'install_base': '/home/n0sc3tipsum/ros2_ws/install/arsenal_navigator', 'merge_install': False, 'path': '/home/n0sc3tipsum/ros2_ws/src/arsenal_navigator', 'symlink_install': False, 'test_result_base': None}
[0.710s] INFO:colcon.colcon_core.executor:Executing jobs using 'parallel' executor
[0.713s] DEBUG:colcon.colcon_parallel_executor.executor.parallel:run_until_complete
[0.715s] INFO:colcon.colcon_ros.task.ament_python.build:Building ROS package in '/home/n0sc3tipsum/ros2_ws/src/arsenal_navigator' with build type 'ament_python'
[0.715s] Level 1:colcon.colcon_core.shell:create_environment_hook('arsenal_navigator', 'ament_prefix_path')
[0.722s] INFO:colcon.colcon_core.plugin_system:Skipping extension 'colcon_core.shell.bat': Not used on non-Windows systems
[0.724s] INFO:colcon.colcon_core.shell:Creating environment hook '/home/n0sc3tipsum/ros2_ws/install/arsenal_navigator/share/arsenal_navigator/hook/ament_prefix_path.ps1'
[0.727s] INFO:colcon.colcon_core.shell:Creating environment descriptor '/home/n0sc3tipsum/ros2_ws/install/arsenal_navigator/share/arsenal_navigator/hook/ament_prefix_path.dsv'
[0.730s] INFO:colcon.colcon_core.shell:Creating environment hook '/home/n0sc3tipsum/ros2_ws/install/arsenal_navigator/share/arsenal_navigator/hook/ament_prefix_path.sh'
[0.736s] INFO:colcon.colcon_core.shell:Skip shell extension 'powershell' for command environment: Not usable outside of PowerShell
[0.737s] DEBUG:colcon.colcon_core.shell:Skip shell extension 'dsv' for command environment
[1.173s] INFO:colcon.colcon_core.task.python.build:Building Python package in '/home/n0sc3tipsum/ros2_ws/src/arsenal_navigator'
[1.176s] INFO:colcon.colcon_core.shell:Skip shell extension 'powershell' for command environment: Not usable outside of PowerShell
[1.176s] DEBUG:colcon.colcon_core.shell:Skip shell extension 'dsv' for command environment
[1.850s] DEBUG:colcon.colcon_core.event_handler.log_command:Invoking command in '/home/n0sc3tipsum/ros2_ws/src/arsenal_navigator': PYTHONPATH=/home/n0sc3tipsum/ros2_ws/build/arsenal_navigator/prefix_override:/home/n0sc3tipsum/ros2_ws/install/arsenal_navigator/lib/python3.10/site-packages:${PYTHONPATH} /usr/bin/python3 -W ignore:setup.py install is deprecated setup.py egg_info --egg-base ../../build/arsenal_navigator build --build-base /home/n0sc3tipsum/ros2_ws/build/arsenal_navigator/build install --record /home/n0sc3tipsum/ros2_ws/build/arsenal_navigator/install.log --single-version-externally-managed install_data
[2.360s] Level 1:colcon.colcon_core.environment:checking '/home/n0sc3tipsum/ros2_ws/install/arsenal_navigator' for CMake module files
[2.361s] Level 1:colcon.colcon_core.environment:checking '/home/n0sc3tipsum/ros2_ws/install/arsenal_navigator' for CMake config files
[2.361s] Level 1:colcon.colcon_core.environment:checking '/home/n0sc3tipsum/ros2_ws/install/arsenal_navigator/lib'
[2.361s] Level 1:colcon.colcon_core.environment:checking '/home/n0sc3tipsum/ros2_ws/install/arsenal_navigator/bin'
[2.362s] Level 1:colcon.colcon_core.environment:checking '/home/n0sc3tipsum/ros2_ws/install/arsenal_navigator/lib/pkgconfig/arsenal_navigator.pc'
[2.362s] Level 1:colcon.colcon_core.environment:checking '/home/n0sc3tipsum/ros2_ws/install/arsenal_navigator/lib/python3.10/site-packages'
[2.362s] Level 1:colcon.colcon_core.shell:create_environment_hook('arsenal_navigator', 'pythonpath')
[2.362s] INFO:colcon.colcon_core.shell:Creating environment hook '/home/n0sc3tipsum/ros2_ws/install/arsenal_navigator/share/arsenal_navigator/hook/pythonpath.ps1'
[2.364s] INFO:colcon.colcon_core.shell:Creating environment descriptor '/home/n0sc3tipsum/ros2_ws/install/arsenal_navigator/share/arsenal_navigator/hook/pythonpath.dsv'
[2.366s] DEBUG:colcon.colcon_core.event_handler.log_command:Invoked command in '/home/n0sc3tipsum/ros2_ws/src/arsenal_navigator' returned '0': PYTHONPATH=/home/n0sc3tipsum/ros2_ws/build/arsenal_navigator/prefix_override:/home/n0sc3tipsum/ros2_ws/install/arsenal_navigator/lib/python3.10/site-packages:${PYTHONPATH} /usr/bin/python3 -W ignore:setup.py install is deprecated setup.py egg_info --egg-base ../../build/arsenal_navigator build --build-base /home/n0sc3tipsum/ros2_ws/build/arsenal_navigator/build install --record /home/n0sc3tipsum/ros2_ws/build/arsenal_navigator/install.log --single-version-externally-managed install_data
[2.367s] INFO:colcon.colcon_core.shell:Creating environment hook '/home/n0sc3tipsum/ros2_ws/install/arsenal_navigator/share/arsenal_navigator/hook/pythonpath.sh'
[2.369s] Level 1:colcon.colcon_core.environment:checking '/home/n0sc3tipsum/ros2_ws/install/arsenal_navigator/bin'
[2.369s] Level 1:colcon.colcon_core.environment:create_environment_scripts_only(arsenal_navigator)
[2.369s] INFO:colcon.colcon_core.shell:Creating package script '/home/n0sc3tipsum/ros2_ws/install/arsenal_navigator/share/arsenal_navigator/package.ps1'
[2.372s] INFO:colcon.colcon_core.shell:Creating package descriptor '/home/n0sc3tipsum/ros2_ws/install/arsenal_navigator/share/arsenal_navigator/package.dsv'
[2.373s] INFO:colcon.colcon_core.shell:Creating package script '/home/n0sc3tipsum/ros2_ws/install/arsenal_navigator/share/arsenal_navigator/package.sh'
[2.377s] INFO:colcon.colcon_core.shell:Creating package script '/home/n0sc3tipsum/ros2_ws/install/arsenal_navigator/share/arsenal_navigator/package.bash'
[2.380s] INFO:colcon.colcon_core.shell:Creating package script '/home/n0sc3tipsum/ros2_ws/install/arsenal_navigator/share/arsenal_navigator/package.zsh'
[2.382s] Level 1:colcon.colcon_core.environment:create_file_with_runtime_dependencies(/home/n0sc3tipsum/ros2_ws/install/arsenal_navigator/share/colcon-core/packages/arsenal_navigator)
[2.386s] DEBUG:colcon.colcon_parallel_executor.executor.parallel:closing loop
[2.387s] DEBUG:colcon.colcon_parallel_executor.executor.parallel:loop closed
[2.387s] DEBUG:colcon.colcon_parallel_executor.executor.parallel:run_until_complete finished with '0'
[2.387s] DEBUG:colcon.colcon_core.event_reactor:joining thread
[2.396s] INFO:colcon.colcon_core.plugin_system:Skipping extension 'colcon_notification.desktop_notification.terminal_notifier': Not used on non-Darwin systems
[2.396s] INFO:colcon.colcon_core.plugin_system:Skipping extension 'colcon_notification.desktop_notification.win32': Not used on non-Windows systems
[2.396s] INFO:colcon.colcon_notification.desktop_notification:Sending desktop notification using 'notify2'
[2.424s] DEBUG:colcon.colcon_core.event_reactor:joined thread
[2.424s] INFO:colcon.colcon_core.shell:Creating prefix script '/home/n0sc3tipsum/ros2_ws/install/local_setup.ps1'
[2.426s] INFO:colcon.colcon_core.shell:Creating prefix util module '/home/n0sc3tipsum/ros2_ws/install/_local_setup_util_ps1.py'
[2.430s] INFO:colcon.colcon_core.shell:Creating prefix chain script '/home/n0sc3tipsum/ros2_ws/install/setup.ps1'
[2.434s] INFO:colcon.colcon_core.shell:Creating prefix script '/home/n0sc3tipsum/ros2_ws/install/local_setup.sh'
[2.437s] INFO:colcon.colcon_core.shell:Creating prefix util module '/home/n0sc3tipsum/ros2_ws/install/_local_setup_util_sh.py'
[2.439s] INFO:colcon.colcon_core.shell:Creating prefix chain script '/home/n0sc3tipsum/ros2_ws/install/setup.sh'
[2.442s] INFO:colcon.colcon_core.shell:Creating prefix script '/home/n0sc3tipsum/ros2_ws/install/local_setup.bash'
[2.444s] INFO:colcon.colcon_core.shell:Creating prefix chain script '/home/n0sc3tipsum/ros2_ws/install/setup.bash'
[2.447s] INFO:colcon.colcon_core.shell:Creating prefix script '/home/n0sc3tipsum/ros2_ws/install/local_setup.zsh'
[2.449s] INFO:colcon.colcon_core.shell:Creating prefix chain script '/home/n0sc3tipsum/ros2_ws/install/setup.zsh'
