[1.605s] Invoking command in '/home/zas/dev_ws/src/arsenal_server': PYTHONPATH=/home/zas/dev_ws/build/arsenal_server/prefix_override:/home/zas/dev_ws/install/arsenal_server/lib/python3.10/site-packages:${PYTHONPATH} /usr/bin/python3 -W ignore:setup.py install is deprecated setup.py egg_info --egg-base ../../build/arsenal_server build --build-base /home/zas/dev_ws/build/arsenal_server/build install --record /home/zas/dev_ws/build/arsenal_server/install.log --single-version-externally-managed install_data
[2.206s] running egg_info
[2.206s] writing ../../build/arsenal_server/arsenal_server.egg-info/PKG-INFO
[2.218s] writing dependency_links to ../../build/arsenal_server/arsenal_server.egg-info/dependency_links.txt
[2.222s] writing entry points to ../../build/arsenal_server/arsenal_server.egg-info/entry_points.txt
[2.223s] writing requirements to ../../build/arsenal_server/arsenal_server.egg-info/requires.txt
[2.235s] writing top-level names to ../../build/arsenal_server/arsenal_server.egg-info/top_level.txt
[2.235s] reading manifest file '../../build/arsenal_server/arsenal_server.egg-info/SOURCES.txt'
[2.235s] writing manifest file '../../build/arsenal_server/arsenal_server.egg-info/SOURCES.txt'
[2.237s] running build
[2.237s] running build_py
[2.237s] copying arsenal_server/server_node.py -> /home/zas/dev_ws/build/arsenal_server/build/lib/arsenal_server
[2.240s] running install
[2.240s] running install_lib
[2.241s] copying /home/zas/dev_ws/build/arsenal_server/build/lib/arsenal_server/server_node.py -> /home/zas/dev_ws/install/arsenal_server/lib/python3.10/site-packages/arsenal_server
[2.244s] byte-compiling /home/zas/dev_ws/install/arsenal_server/lib/python3.10/site-packages/arsenal_server/server_node.py to server_node.cpython-310.pyc
[2.244s] Sorry: TabError: inconsistent use of tabs and spaces in indentation (server_node.py, line 77)
[2.244s] running install_data
[2.244s] copying package.xml -> /home/zas/dev_ws/install/arsenal_server/share/arsenal_server
[2.245s] running install_egg_info
[2.247s] removing '/home/zas/dev_ws/install/arsenal_server/lib/python3.10/site-packages/arsenal_server-0.0.0-py3.10.egg-info' (and everything under it)
[2.247s] Copying ../../build/arsenal_server/arsenal_server.egg-info to /home/zas/dev_ws/install/arsenal_server/lib/python3.10/site-packages/arsenal_server-0.0.0-py3.10.egg-info
[2.249s] running install_scripts
[2.305s] Installing server_node script to /home/zas/dev_ws/install/arsenal_server/lib/arsenal_server
[2.308s] writing list of installed files to '/home/zas/dev_ws/build/arsenal_server/install.log'
[2.435s] Invoked command in '/home/zas/dev_ws/src/arsenal_server' returned '0': PYTHONPATH=/home/zas/dev_ws/build/arsenal_server/prefix_override:/home/zas/dev_ws/install/arsenal_server/lib/python3.10/site-packages:${PYTHONPATH} /usr/bin/python3 -W ignore:setup.py install is deprecated setup.py egg_info --egg-base ../../build/arsenal_server build --build-base /home/zas/dev_ws/build/arsenal_server/build install --record /home/zas/dev_ws/build/arsenal_server/install.log --single-version-externally-managed install_data
