[1.584s] Invoking command in '/home/zas/dev_ws/src/arsenal_server': PYTHONPATH=/home/zas/dev_ws/build/arsenal_server/prefix_override:/home/zas/dev_ws/install/arsenal_server/lib/python3.10/site-packages:${PYTHONPATH} /usr/bin/python3 -W ignore:setup.py install is deprecated setup.py egg_info --egg-base ../../build/arsenal_server build --build-base /home/zas/dev_ws/build/arsenal_server/build install --record /home/zas/dev_ws/build/arsenal_server/install.log --single-version-externally-managed install_data
[1.922s] running egg_info
[1.931s] writing ../../build/arsenal_server/arsenal_server.egg-info/PKG-INFO
[1.940s] writing dependency_links to ../../build/arsenal_server/arsenal_server.egg-info/dependency_links.txt
[1.940s] writing entry points to ../../build/arsenal_server/arsenal_server.egg-info/entry_points.txt
[1.941s] writing requirements to ../../build/arsenal_server/arsenal_server.egg-info/requires.txt
[1.941s] writing top-level names to ../../build/arsenal_server/arsenal_server.egg-info/top_level.txt
[1.976s] reading manifest file '../../build/arsenal_server/arsenal_server.egg-info/SOURCES.txt'
[1.976s] writing manifest file '../../build/arsenal_server/arsenal_server.egg-info/SOURCES.txt'
[1.976s] running build
[1.976s] running build_py
[1.976s] running install
[1.977s] running install_lib
[1.977s] running install_data
[1.977s] running install_egg_info
[1.977s] removing '/home/zas/dev_ws/install/arsenal_server/lib/python3.10/site-packages/arsenal_server-0.0.0-py3.10.egg-info' (and everything under it)
[1.977s] Copying ../../build/arsenal_server/arsenal_server.egg-info to /home/zas/dev_ws/install/arsenal_server/lib/python3.10/site-packages/arsenal_server-0.0.0-py3.10.egg-info
[1.984s] running install_scripts
[2.025s] Installing cmd_rcvr script to /home/zas/dev_ws/install/arsenal_server/lib/arsenal_server
[2.025s] Installing server_node script to /home/zas/dev_ws/install/arsenal_server/lib/arsenal_server
[2.026s] writing list of installed files to '/home/zas/dev_ws/build/arsenal_server/install.log'
[2.089s] Invoked command in '/home/zas/dev_ws/src/arsenal_server' returned '0': PYTHONPATH=/home/zas/dev_ws/build/arsenal_server/prefix_override:/home/zas/dev_ws/install/arsenal_server/lib/python3.10/site-packages:${PYTHONPATH} /usr/bin/python3 -W ignore:setup.py install is deprecated setup.py egg_info --egg-base ../../build/arsenal_server build --build-base /home/zas/dev_ws/build/arsenal_server/build install --record /home/zas/dev_ws/build/arsenal_server/install.log --single-version-externally-managed install_data
