[0.199s] DEBUG:colcon:Command line arguments: ['/usr/bin/colcon', 'build', '--packages-select', 'arsenal_server']
[0.199s] DEBUG:colcon:Parsed command line arguments: Namespace(log_base=None, log_level=None, verb_name='build', build_base='build', install_base='install', merge_install=False, symlink_install=False, test_result_base=None, continue_on_error=False, executor='parallel', parallel_workers=8, event_handlers=None, ignore_user_meta=False, metas=['./colcon.meta'], base_paths=['.'], packages_ignore=None, packages_ignore_regex=None, paths=None, packages_up_to=None, packages_up_to_regex=None, packages_above=None, packages_above_and_dependencies=None, packages_above_depth=None, packages_select_by_dep=None, packages_skip_by_dep=None, packages_skip_up_to=None, packages_select_build_failed=False, packages_skip_build_finished=False, packages_select_test_failures=False, packages_skip_test_passed=False, packages_select=['arsenal_server'], packages_skip=None, packages_select_regex=None, packages_skip_regex=None, packages_start=None, packages_end=None, allow_overriding=[], cmake_args=None, cmake_target=None, cmake_target_skip_unavailable=False, cmake_clean_cache=False, cmake_clean_first=False, cmake_force_configure=False, ament_cmake_args=None, catkin_cmake_args=None, catkin_skip_building_tests=False, mixin_files=None, mixin=None, verb_parser=<colcon_mixin.mixin.mixin_argument.MixinArgumentDecorator object at 0x748cf163a920>, verb_extension=<colcon_core.verb.build.BuildVerb object at 0x748cf163a410>, main=<bound method BuildVerb.main of <colcon_core.verb.build.BuildVerb object at 0x748cf163a410>>, mixin_verb=('build',))
[0.940s] Level 1:colcon.colcon_core.package_discovery:discover_packages(colcon_meta) check parameters
[0.943s] Level 1:colcon.colcon_core.package_discovery:discover_packages(recursive) check parameters
[0.944s] Level 1:colcon.colcon_core.package_discovery:discover_packages(ignore) check parameters
[0.944s] Level 1:colcon.colcon_core.package_discovery:discover_packages(path) check parameters
[0.944s] Level 1:colcon.colcon_core.package_discovery:discover_packages(colcon_meta) discover
[0.944s] Level 1:colcon.colcon_core.package_discovery:discover_packages(recursive) discover
[0.944s] INFO:colcon.colcon_core.package_discovery:Crawling recursively for packages in '/home/zas/dev_ws'
[0.944s] Level 1:colcon.colcon_core.package_identification:_identify(.) by extensions ['ignore', 'ignore_ament_install']
[0.944s] Level 1:colcon.colcon_core.package_identification:_identify(.) by extension 'ignore'
[0.944s] Level 1:colcon.colcon_core.package_identification:_identify(.) by extension 'ignore_ament_install'
[0.945s] Level 1:colcon.colcon_core.package_identification:_identify(.) by extensions ['colcon_pkg']
[0.945s] Level 1:colcon.colcon_core.package_identification:_identify(.) by extension 'colcon_pkg'
[0.945s] Level 1:colcon.colcon_core.package_identification:_identify(.) by extensions ['colcon_meta']
[0.945s] Level 1:colcon.colcon_core.package_identification:_identify(.) by extension 'colcon_meta'
[0.945s] Level 1:colcon.colcon_core.package_identification:_identify(.) by extensions ['ros']
[0.945s] Level 1:colcon.colcon_core.package_identification:_identify(.) by extension 'ros'
[0.978s] Level 1:colcon.colcon_core.package_identification:_identify(.) by extensions ['cmake', 'python']
[0.978s] Level 1:colcon.colcon_core.package_identification:_identify(.) by extension 'cmake'
[0.979s] Level 1:colcon.colcon_core.package_identification:_identify(.) by extension 'python'
[0.979s] Level 1:colcon.colcon_core.package_identification:_identify(.) by extensions ['python_setup_py']
[0.979s] Level 1:colcon.colcon_core.package_identification:_identify(.) by extension 'python_setup_py'
[0.979s] Level 1:colcon.colcon_core.package_identification:_identify(build) by extensions ['ignore', 'ignore_ament_install']
[0.979s] Level 1:colcon.colcon_core.package_identification:_identify(build) by extension 'ignore'
[0.979s] Level 1:colcon.colcon_core.package_identification:_identify(build) ignored
[0.980s] Level 1:colcon.colcon_core.package_identification:_identify(install) by extensions ['ignore', 'ignore_ament_install']
[0.980s] Level 1:colcon.colcon_core.package_identification:_identify(install) by extension 'ignore'
[0.980s] Level 1:colcon.colcon_core.package_identification:_identify(install) ignored
[0.980s] Level 1:colcon.colcon_core.package_identification:_identify(log) by extensions ['ignore', 'ignore_ament_install']
[0.981s] Level 1:colcon.colcon_core.package_identification:_identify(log) by extension 'ignore'
[0.981s] Level 1:colcon.colcon_core.package_identification:_identify(log) ignored
[0.981s] Level 1:colcon.colcon_core.package_identification:_identify(src) by extensions ['ignore', 'ignore_ament_install']
[0.981s] Level 1:colcon.colcon_core.package_identification:_identify(src) by extension 'ignore'
[0.981s] Level 1:colcon.colcon_core.package_identification:_identify(src) by extension 'ignore_ament_install'
[0.982s] Level 1:colcon.colcon_core.package_identification:_identify(src) by extensions ['colcon_pkg']
[0.982s] Level 1:colcon.colcon_core.package_identification:_identify(src) by extension 'colcon_pkg'
[0.982s] Level 1:colcon.colcon_core.package_identification:_identify(src) by extensions ['colcon_meta']
[0.982s] Level 1:colcon.colcon_core.package_identification:_identify(src) by extension 'colcon_meta'
[0.982s] Level 1:colcon.colcon_core.package_identification:_identify(src) by extensions ['ros']
[0.982s] Level 1:colcon.colcon_core.package_identification:_identify(src) by extension 'ros'
[0.982s] Level 1:colcon.colcon_core.package_identification:_identify(src) by extensions ['cmake', 'python']
[0.982s] Level 1:colcon.colcon_core.package_identification:_identify(src) by extension 'cmake'
[0.982s] Level 1:colcon.colcon_core.package_identification:_identify(src) by extension 'python'
[0.982s] Level 1:colcon.colcon_core.package_identification:_identify(src) by extensions ['python_setup_py']
[0.982s] Level 1:colcon.colcon_core.package_identification:_identify(src) by extension 'python_setup_py'
[0.983s] Level 1:colcon.colcon_core.package_identification:_identify(src/arsenal_server) by extensions ['ignore', 'ignore_ament_install']
[0.983s] Level 1:colcon.colcon_core.package_identification:_identify(src/arsenal_server) by extension 'ignore'
[0.988s] Level 1:colcon.colcon_core.package_identification:_identify(src/arsenal_server) by extension 'ignore_ament_install'
[0.988s] Level 1:colcon.colcon_core.package_identification:_identify(src/arsenal_server) by extensions ['colcon_pkg']
[0.988s] Level 1:colcon.colcon_core.package_identification:_identify(src/arsenal_server) by extension 'colcon_pkg'
[0.988s] Level 1:colcon.colcon_core.package_identification:_identify(src/arsenal_server) by extensions ['colcon_meta']
[0.988s] Level 1:colcon.colcon_core.package_identification:_identify(src/arsenal_server) by extension 'colcon_meta'
[0.988s] Level 1:colcon.colcon_core.package_identification:_identify(src/arsenal_server) by extensions ['ros']
[0.988s] Level 1:colcon.colcon_core.package_identification:_identify(src/arsenal_server) by extension 'ros'
[0.997s] DEBUG:colcon.colcon_core.package_identification:Package 'src/arsenal_server' with type 'ros.ament_python' and name 'arsenal_server'
[0.997s] Level 1:colcon.colcon_core.package_discovery:discover_packages(recursive) using defaults
[0.997s] Level 1:colcon.colcon_core.package_discovery:discover_packages(ignore) discover
[0.998s] Level 1:colcon.colcon_core.package_discovery:discover_packages(ignore) using defaults
[0.998s] Level 1:colcon.colcon_core.package_discovery:discover_packages(path) discover
[0.998s] Level 1:colcon.colcon_core.package_discovery:discover_packages(path) using defaults
[1.111s] Level 1:colcon.colcon_core.package_discovery:discover_packages(prefix_path) check parameters
[1.111s] Level 1:colcon.colcon_core.package_discovery:discover_packages(prefix_path) discover
[1.115s] DEBUG:colcon.colcon_installed_package_information.package_discovery:Found 1 installed packages in /home/zas/dev_ws/install
[1.128s] DEBUG:colcon.colcon_installed_package_information.package_discovery:Found 392 installed packages in /opt/ros/humble
[1.134s] Level 1:colcon.colcon_core.package_discovery:discover_packages(prefix_path) using defaults
[1.343s] Level 5:colcon.colcon_core.verb:set package 'arsenal_server' build argument 'cmake_args' from command line to 'None'
[1.343s] Level 5:colcon.colcon_core.verb:set package 'arsenal_server' build argument 'cmake_target' from command line to 'None'
[1.343s] Level 5:colcon.colcon_core.verb:set package 'arsenal_server' build argument 'cmake_target_skip_unavailable' from command line to 'False'
[1.343s] Level 5:colcon.colcon_core.verb:set package 'arsenal_server' build argument 'cmake_clean_cache' from command line to 'False'
[1.343s] Level 5:colcon.colcon_core.verb:set package 'arsenal_server' build argument 'cmake_clean_first' from command line to 'False'
[1.343s] Level 5:colcon.colcon_core.verb:set package 'arsenal_server' build argument 'cmake_force_configure' from command line to 'False'
[1.343s] Level 5:colcon.colcon_core.verb:set package 'arsenal_server' build argument 'ament_cmake_args' from command line to 'None'
[1.343s] Level 5:colcon.colcon_core.verb:set package 'arsenal_server' build argument 'catkin_cmake_args' from command line to 'None'
[1.343s] Level 5:colcon.colcon_core.verb:set package 'arsenal_server' build argument 'catkin_skip_building_tests' from command line to 'False'
[1.343s] DEBUG:colcon.colcon_core.verb:Building package 'arsenal_server' with the following arguments: {'ament_cmake_args': None, 'build_base': '/home/zas/dev_ws/build/arsenal_server', 'catkin_cmake_args': None, 'catkin_skip_building_tests': False, 'cmake_args': None, 'cmake_clean_cache': False, 'cmake_clean_first': False, 'cmake_force_configure': False, 'cmake_target': None, 'cmake_target_skip_unavailable': False, 'install_base': '/home/zas/dev_ws/install/arsenal_server', 'merge_install': False, 'path': '/home/zas/dev_ws/src/arsenal_server', 'symlink_install': False, 'test_result_base': None}
[1.343s] INFO:colcon.colcon_core.executor:Executing jobs using 'parallel' executor
[1.345s] DEBUG:colcon.colcon_parallel_executor.executor.parallel:run_until_complete
[1.345s] INFO:colcon.colcon_ros.task.ament_python.build:Building ROS package in '/home/zas/dev_ws/src/arsenal_server' with build type 'ament_python'
[1.346s] Level 1:colcon.colcon_core.shell:create_environment_hook('arsenal_server', 'ament_prefix_path')
[1.362s] INFO:colcon.colcon_core.plugin_system:Skipping extension 'colcon_core.shell.bat': Not used on non-Windows systems
[1.363s] INFO:colcon.colcon_core.shell:Creating environment hook '/home/zas/dev_ws/install/arsenal_server/share/arsenal_server/hook/ament_prefix_path.ps1'
[1.370s] INFO:colcon.colcon_core.shell:Creating environment descriptor '/home/zas/dev_ws/install/arsenal_server/share/arsenal_server/hook/ament_prefix_path.dsv'
[1.382s] INFO:colcon.colcon_core.shell:Creating environment hook '/home/zas/dev_ws/install/arsenal_server/share/arsenal_server/hook/ament_prefix_path.sh'
[1.410s] INFO:colcon.colcon_core.shell:Skip shell extension 'powershell' for command environment: Not usable outside of PowerShell
[1.410s] DEBUG:colcon.colcon_core.shell:Skip shell extension 'dsv' for command environment
[2.531s] INFO:colcon.colcon_core.task.python.build:Building Python package in '/home/zas/dev_ws/src/arsenal_server'
[2.532s] INFO:colcon.colcon_core.shell:Skip shell extension 'powershell' for command environment: Not usable outside of PowerShell
[2.532s] DEBUG:colcon.colcon_core.shell:Skip shell extension 'dsv' for command environment
[4.494s] DEBUG:colcon.colcon_core.event_handler.log_command:Invoking command in '/home/zas/dev_ws/src/arsenal_server': PYTHONPATH=/home/zas/dev_ws/build/arsenal_server/prefix_override:/home/zas/dev_ws/install/arsenal_server/lib/python3.10/site-packages:${PYTHONPATH} /usr/bin/python3 -W ignore:setup.py install is deprecated setup.py egg_info --egg-base ../../build/arsenal_server build --build-base /home/zas/dev_ws/build/arsenal_server/build install --record /home/zas/dev_ws/build/arsenal_server/install.log --single-version-externally-managed install_data
[5.876s] Level 1:colcon.colcon_core.environment:checking '/home/zas/dev_ws/install/arsenal_server' for CMake module files
[5.877s] Level 1:colcon.colcon_core.environment:checking '/home/zas/dev_ws/install/arsenal_server' for CMake config files
[5.879s] Level 1:colcon.colcon_core.environment:checking '/home/zas/dev_ws/install/arsenal_server/lib'
[6.217s] DEBUG:colcon.colcon_core.event_handler.log_command:Invoked command in '/home/zas/dev_ws/src/arsenal_server' returned '0': PYTHONPATH=/home/zas/dev_ws/build/arsenal_server/prefix_override:/home/zas/dev_ws/install/arsenal_server/lib/python3.10/site-packages:${PYTHONPATH} /usr/bin/python3 -W ignore:setup.py install is deprecated setup.py egg_info --egg-base ../../build/arsenal_server build --build-base /home/zas/dev_ws/build/arsenal_server/build install --record /home/zas/dev_ws/build/arsenal_server/install.log --single-version-externally-managed install_data
[6.240s] Level 1:colcon.colcon_core.environment:checking '/home/zas/dev_ws/install/arsenal_server/bin'
[6.264s] Level 1:colcon.colcon_core.environment:checking '/home/zas/dev_ws/install/arsenal_server/lib/pkgconfig/arsenal_server.pc'
[6.265s] Level 1:colcon.colcon_core.environment:checking '/home/zas/dev_ws/install/arsenal_server/lib/python3.10/site-packages'
[6.265s] Level 1:colcon.colcon_core.shell:create_environment_hook('arsenal_server', 'pythonpath')
[6.265s] INFO:colcon.colcon_core.shell:Creating environment hook '/home/zas/dev_ws/install/arsenal_server/share/arsenal_server/hook/pythonpath.ps1'
[6.272s] INFO:colcon.colcon_core.shell:Creating environment descriptor '/home/zas/dev_ws/install/arsenal_server/share/arsenal_server/hook/pythonpath.dsv'
[6.279s] INFO:colcon.colcon_core.shell:Creating environment hook '/home/zas/dev_ws/install/arsenal_server/share/arsenal_server/hook/pythonpath.sh'
[6.286s] Level 1:colcon.colcon_core.environment:checking '/home/zas/dev_ws/install/arsenal_server/bin'
[6.286s] Level 1:colcon.colcon_core.environment:create_environment_scripts_only(arsenal_server)
[6.287s] INFO:colcon.colcon_core.shell:Creating package script '/home/zas/dev_ws/install/arsenal_server/share/arsenal_server/package.ps1'
[6.296s] INFO:colcon.colcon_core.shell:Creating package descriptor '/home/zas/dev_ws/install/arsenal_server/share/arsenal_server/package.dsv'
[6.306s] INFO:colcon.colcon_core.shell:Creating package script '/home/zas/dev_ws/install/arsenal_server/share/arsenal_server/package.sh'
[6.310s] INFO:colcon.colcon_core.shell:Creating package script '/home/zas/dev_ws/install/arsenal_server/share/arsenal_server/package.bash'
[6.316s] INFO:colcon.colcon_core.shell:Creating package script '/home/zas/dev_ws/install/arsenal_server/share/arsenal_server/package.zsh'
[6.318s] Level 1:colcon.colcon_core.environment:create_file_with_runtime_dependencies(/home/zas/dev_ws/install/arsenal_server/share/colcon-core/packages/arsenal_server)
[6.320s] DEBUG:colcon.colcon_parallel_executor.executor.parallel:closing loop
[6.361s] DEBUG:colcon.colcon_parallel_executor.executor.parallel:loop closed
[6.361s] DEBUG:colcon.colcon_parallel_executor.executor.parallel:run_until_complete finished with '0'
[6.381s] DEBUG:colcon.colcon_core.event_reactor:joining thread
[6.435s] INFO:colcon.colcon_core.plugin_system:Skipping extension 'colcon_notification.desktop_notification.terminal_notifier': Not used on non-Darwin systems
[6.435s] INFO:colcon.colcon_core.plugin_system:Skipping extension 'colcon_notification.desktop_notification.win32': Not used on non-Windows systems
[6.435s] INFO:colcon.colcon_notification.desktop_notification:Sending desktop notification using 'notify2'
[6.640s] DEBUG:colcon.colcon_core.event_reactor:joined thread
[6.647s] INFO:colcon.colcon_core.shell:Creating prefix script '/home/zas/dev_ws/install/local_setup.ps1'
[6.650s] INFO:colcon.colcon_core.shell:Creating prefix util module '/home/zas/dev_ws/install/_local_setup_util_ps1.py'
[6.658s] INFO:colcon.colcon_core.shell:Creating prefix chain script '/home/zas/dev_ws/install/setup.ps1'
[6.666s] INFO:colcon.colcon_core.shell:Creating prefix script '/home/zas/dev_ws/install/local_setup.sh'
[6.670s] INFO:colcon.colcon_core.shell:Creating prefix util module '/home/zas/dev_ws/install/_local_setup_util_sh.py'
[6.675s] INFO:colcon.colcon_core.shell:Creating prefix chain script '/home/zas/dev_ws/install/setup.sh'
[6.684s] INFO:colcon.colcon_core.shell:Creating prefix script '/home/zas/dev_ws/install/local_setup.bash'
[6.688s] INFO:colcon.colcon_core.shell:Creating prefix chain script '/home/zas/dev_ws/install/setup.bash'
[6.700s] INFO:colcon.colcon_core.shell:Creating prefix script '/home/zas/dev_ws/install/local_setup.zsh'
[6.703s] INFO:colcon.colcon_core.shell:Creating prefix chain script '/home/zas/dev_ws/install/setup.zsh'
