[2.454s] Invoking command in '/home/zas/dev_ws/src/arsenal_server': PYTHONPATH=/home/zas/dev_ws/build/arsenal_server/prefix_override:/home/zas/dev_ws/install/arsenal_server/lib/python3.10/site-packages:${PYTHONPATH} /usr/bin/python3 -W ignore:setup.py install is deprecated setup.py egg_info --egg-base ../../build/arsenal_server build --build-base /home/zas/dev_ws/build/arsenal_server/build install --record /home/zas/dev_ws/build/arsenal_server/install.log --single-version-externally-managed install_data
[2.913s] running egg_info
[2.920s] writing ../../build/arsenal_server/arsenal_server.egg-info/PKG-INFO
[2.928s] writing dependency_links to ../../build/arsenal_server/arsenal_server.egg-info/dependency_links.txt
[2.928s] writing entry points to ../../build/arsenal_server/arsenal_server.egg-info/entry_points.txt
[2.928s] writing requirements to ../../build/arsenal_server/arsenal_server.egg-info/requires.txt
[2.929s] writing top-level names to ../../build/arsenal_server/arsenal_server.egg-info/top_level.txt
[2.950s] reading manifest file '../../build/arsenal_server/arsenal_server.egg-info/SOURCES.txt'
[3.007s] writing manifest file '../../build/arsenal_server/arsenal_server.egg-info/SOURCES.txt'
[3.015s] running build
[3.016s] running build_py
[3.016s] copying arsenal_server/server_node.py -> /home/zas/dev_ws/build/arsenal_server/build/lib/arsenal_server
[3.031s] running install
[3.032s] running install_lib
[3.038s] copying /home/zas/dev_ws/build/arsenal_server/build/lib/arsenal_server/server_node.py -> /home/zas/dev_ws/install/arsenal_server/lib/python3.10/site-packages/arsenal_server
[3.038s] byte-compiling /home/zas/dev_ws/install/arsenal_server/lib/python3.10/site-packages/arsenal_server/server_node.py to server_node.cpython-310.pyc
[3.043s] running install_data
[3.051s] running install_egg_info
[3.064s] removing '/home/zas/dev_ws/install/arsenal_server/lib/python3.10/site-packages/arsenal_server-0.0.0-py3.10.egg-info' (and everything under it)
[3.064s] Copying ../../build/arsenal_server/arsenal_server.egg-info to /home/zas/dev_ws/install/arsenal_server/lib/python3.10/site-packages/arsenal_server-0.0.0-py3.10.egg-info
[3.065s] running install_scripts
[3.156s] Installing server_node script to /home/zas/dev_ws/install/arsenal_server/lib/arsenal_server
[3.156s] writing list of installed files to '/home/zas/dev_ws/build/arsenal_server/install.log'
[3.483s] Invoked command in '/home/zas/dev_ws/src/arsenal_server' returned '0': PYTHONPATH=/home/zas/dev_ws/build/arsenal_server/prefix_override:/home/zas/dev_ws/install/arsenal_server/lib/python3.10/site-packages:${PYTHONPATH} /usr/bin/python3 -W ignore:setup.py install is deprecated setup.py egg_info --egg-base ../../build/arsenal_server build --build-base /home/zas/dev_ws/build/arsenal_server/build install --record /home/zas/dev_ws/build/arsenal_server/install.log --single-version-externally-managed install_data
