running egg_info
creating ../../build/arsenal_server/arsenal_server.egg-info
writing ../../build/arsenal_server/arsenal_server.egg-info/PKG-INFO
writing dependency_links to ../../build/arsenal_server/arsenal_server.egg-info/dependency_links.txt
writing entry points to ../../build/arsenal_server/arsenal_server.egg-info/entry_points.txt
writing requirements to ../../build/arsenal_server/arsenal_server.egg-info/requires.txt
writing top-level names to ../../build/arsenal_server/arsenal_server.egg-info/top_level.txt
writing manifest file '../../build/arsenal_server/arsenal_server.egg-info/SOURCES.txt'
reading manifest file '../../build/arsenal_server/arsenal_server.egg-info/SOURCES.txt'
writing manifest file '../../build/arsenal_server/arsenal_server.egg-info/SOURCES.txt'
running build
running build_py
creating /home/zas/dev_ws/build/arsenal_server/build
creating /home/zas/dev_ws/build/arsenal_server/build/lib
creating /home/zas/dev_ws/build/arsenal_server/build/lib/arsenal_server
copying arsenal_server/server_node.py -> /home/zas/dev_ws/build/arsenal_server/build/lib/arsenal_server
copying arsenal_server/__init__.py -> /home/zas/dev_ws/build/arsenal_server/build/lib/arsenal_server
running install
running install_lib
creating /home/zas/dev_ws/install/arsenal_server/lib/python3.10/site-packages/arsenal_server
copying /home/zas/dev_ws/build/arsenal_server/build/lib/arsenal_server/server_node.py -> /home/zas/dev_ws/install/arsenal_server/lib/python3.10/site-packages/arsenal_server
copying /home/zas/dev_ws/build/arsenal_server/build/lib/arsenal_server/__init__.py -> /home/zas/dev_ws/install/arsenal_server/lib/python3.10/site-packages/arsenal_server
byte-compiling /home/zas/dev_ws/install/arsenal_server/lib/python3.10/site-packages/arsenal_server/server_node.py to server_node.cpython-310.pyc
byte-compiling /home/zas/dev_ws/install/arsenal_server/lib/python3.10/site-packages/arsenal_server/__init__.py to __init__.cpython-310.pyc
running install_data
creating /home/zas/dev_ws/install/arsenal_server/share/ament_index
creating /home/zas/dev_ws/install/arsenal_server/share/ament_index/resource_index
creating /home/zas/dev_ws/install/arsenal_server/share/ament_index/resource_index/packages
copying resource/arsenal_server -> /home/zas/dev_ws/install/arsenal_server/share/ament_index/resource_index/packages
copying package.xml -> /home/zas/dev_ws/install/arsenal_server/share/arsenal_server
running install_egg_info
Copying ../../build/arsenal_server/arsenal_server.egg-info to /home/zas/dev_ws/install/arsenal_server/lib/python3.10/site-packages/arsenal_server-0.0.0-py3.10.egg-info
running install_scripts
Installing server_node script to /home/zas/dev_ws/install/arsenal_server/lib/arsenal_server
writing list of installed files to '/home/zas/dev_ws/build/arsenal_server/install.log'
