[2.942s] Invoking command in '/home/zas/dev_ws/src/arsenal_server': PYTHONPATH=/home/zas/dev_ws/build/arsenal_server/prefix_override:/home/zas/dev_ws/install/arsenal_server/lib/python3.10/site-packages: /usr/bin/python3 -W ignore:setup.py install is deprecated setup.py egg_info --egg-base ../../build/arsenal_server build --build-base /home/zas/dev_ws/build/arsenal_server/build install --record /home/zas/dev_ws/build/arsenal_server/install.log --single-version-externally-managed install_data
[3.465s] running egg_info
[3.465s] creating ../../build/arsenal_server/arsenal_server.egg-info
[3.465s] writing ../../build/arsenal_server/arsenal_server.egg-info/PKG-INFO
[3.465s] writing dependency_links to ../../build/arsenal_server/arsenal_server.egg-info/dependency_links.txt
[3.465s] writing entry points to ../../build/arsenal_server/arsenal_server.egg-info/entry_points.txt
[3.465s] writing requirements to ../../build/arsenal_server/arsenal_server.egg-info/requires.txt
[3.465s] writing top-level names to ../../build/arsenal_server/arsenal_server.egg-info/top_level.txt
[3.465s] writing manifest file '../../build/arsenal_server/arsenal_server.egg-info/SOURCES.txt'
[3.487s] reading manifest file '../../build/arsenal_server/arsenal_server.egg-info/SOURCES.txt'
[3.487s] writing manifest file '../../build/arsenal_server/arsenal_server.egg-info/SOURCES.txt'
[3.487s] running build
[3.487s] running build_py
[3.495s] creating /home/zas/dev_ws/build/arsenal_server/build
[3.495s] creating /home/zas/dev_ws/build/arsenal_server/build/lib
[3.495s] creating /home/zas/dev_ws/build/arsenal_server/build/lib/arsenal_server
[3.495s] copying arsenal_server/server_node.py -> /home/zas/dev_ws/build/arsenal_server/build/lib/arsenal_server
[3.495s] copying arsenal_server/__init__.py -> /home/zas/dev_ws/build/arsenal_server/build/lib/arsenal_server
[3.495s] running install
[3.495s] running install_lib
[3.495s] creating /home/zas/dev_ws/install/arsenal_server/lib/python3.10/site-packages/arsenal_server
[3.495s] copying /home/zas/dev_ws/build/arsenal_server/build/lib/arsenal_server/server_node.py -> /home/zas/dev_ws/install/arsenal_server/lib/python3.10/site-packages/arsenal_server
[3.495s] copying /home/zas/dev_ws/build/arsenal_server/build/lib/arsenal_server/__init__.py -> /home/zas/dev_ws/install/arsenal_server/lib/python3.10/site-packages/arsenal_server
[3.495s] byte-compiling /home/zas/dev_ws/install/arsenal_server/lib/python3.10/site-packages/arsenal_server/server_node.py to server_node.cpython-310.pyc
[3.498s] byte-compiling /home/zas/dev_ws/install/arsenal_server/lib/python3.10/site-packages/arsenal_server/__init__.py to __init__.cpython-310.pyc
[3.498s] running install_data
[3.498s] creating /home/zas/dev_ws/install/arsenal_server/share/ament_index
[3.498s] creating /home/zas/dev_ws/install/arsenal_server/share/ament_index/resource_index
[3.498s] creating /home/zas/dev_ws/install/arsenal_server/share/ament_index/resource_index/packages
[3.498s] copying resource/arsenal_server -> /home/zas/dev_ws/install/arsenal_server/share/ament_index/resource_index/packages
[3.499s] copying package.xml -> /home/zas/dev_ws/install/arsenal_server/share/arsenal_server
[3.499s] running install_egg_info
[3.502s] Copying ../../build/arsenal_server/arsenal_server.egg-info to /home/zas/dev_ws/install/arsenal_server/lib/python3.10/site-packages/arsenal_server-0.0.0-py3.10.egg-info
[3.505s] running install_scripts
[3.550s] Installing server_node script to /home/zas/dev_ws/install/arsenal_server/lib/arsenal_server
[3.564s] writing list of installed files to '/home/zas/dev_ws/build/arsenal_server/install.log'
[3.717s] Invoked command in '/home/zas/dev_ws/src/arsenal_server' returned '0': PYTHONPATH=/home/zas/dev_ws/build/arsenal_server/prefix_override:/home/zas/dev_ws/install/arsenal_server/lib/python3.10/site-packages: /usr/bin/python3 -W ignore:setup.py install is deprecated setup.py egg_info --egg-base ../../build/arsenal_server build --build-base /home/zas/dev_ws/build/arsenal_server/build install --record /home/zas/dev_ws/build/arsenal_server/install.log --single-version-externally-managed install_data
