[0.849s] Invoking command in '/home/n0sc3tipsum/ros2_ws/src/arsenal_navigator': PYTHONPATH=/home/n0sc3tipsum/ros2_ws/build/arsenal_navigator/prefix_override:/home/n0sc3tipsum/ros2_ws/install/arsenal_navigator/lib/python3.10/site-packages:${PYTHONPATH} /usr/bin/python3 -W ignore:setup.py install is deprecated setup.py egg_info --egg-base ../../build/arsenal_navigator build --build-base /home/n0sc3tipsum/ros2_ws/build/arsenal_navigator/build install --record /home/n0sc3tipsum/ros2_ws/build/arsenal_navigator/install.log --single-version-externally-managed install_data
[1.165s] running egg_info
[1.170s] writing ../../build/arsenal_navigator/arsenal_navigator.egg-info/PKG-INFO
[1.197s] writing dependency_links to ../../build/arsenal_navigator/arsenal_navigator.egg-info/dependency_links.txt
[1.197s] writing entry points to ../../build/arsenal_navigator/arsenal_navigator.egg-info/entry_points.txt
[1.197s] writing requirements to ../../build/arsenal_navigator/arsenal_navigator.egg-info/requires.txt
[1.197s] writing top-level names to ../../build/arsenal_navigator/arsenal_navigator.egg-info/top_level.txt
[1.203s] reading manifest file '../../build/arsenal_navigator/arsenal_navigator.egg-info/SOURCES.txt'
[1.206s] writing manifest file '../../build/arsenal_navigator/arsenal_navigator.egg-info/SOURCES.txt'
[1.207s] running build
[1.207s] running build_py
[1.207s] running install
[1.212s] running install_lib
[1.212s] running install_data
[1.212s] running install_egg_info
[1.217s] removing '/home/n0sc3tipsum/ros2_ws/install/arsenal_navigator/lib/python3.10/site-packages/arsenal_navigator-0.0.0-py3.10.egg-info' (and everything under it)
[1.219s] Copying ../../build/arsenal_navigator/arsenal_navigator.egg-info to /home/n0sc3tipsum/ros2_ws/install/arsenal_navigator/lib/python3.10/site-packages/arsenal_navigator-0.0.0-py3.10.egg-info
[1.219s] running install_scripts
[1.253s] Installing testerNode script to /home/n0sc3tipsum/ros2_ws/install/arsenal_navigator/lib/arsenal_navigator
[1.257s] writing list of installed files to '/home/n0sc3tipsum/ros2_ws/build/arsenal_navigator/install.log'
[1.285s] Invoked command in '/home/n0sc3tipsum/ros2_ws/src/arsenal_navigator' returned '0': PYTHONPATH=/home/n0sc3tipsum/ros2_ws/build/arsenal_navigator/prefix_override:/home/n0sc3tipsum/ros2_ws/install/arsenal_navigator/lib/python3.10/site-packages:${PYTHONPATH} /usr/bin/python3 -W ignore:setup.py install is deprecated setup.py egg_info --egg-base ../../build/arsenal_navigator build --build-base /home/n0sc3tipsum/ros2_ws/build/arsenal_navigator/build install --record /home/n0sc3tipsum/ros2_ws/build/arsenal_navigator/install.log --single-version-externally-managed install_data
