[1.425s] DEBUG:colcon:Command line arguments: ['/usr/bin/colcon', 'build']
[1.425s] DEBUG:colcon:Parsed command line arguments: Namespace(log_base=None, log_level=None, verb_name='build', build_base='build', install_base='install', merge_install=False, symlink_install=False, test_result_base=None, continue_on_error=False, executor='parallel', parallel_workers=2, event_handlers=None, ignore_user_meta=False, metas=['./colcon.meta'], base_paths=['.'], packages_ignore=None, packages_ignore_regex=None, paths=None, packages_up_to=None, packages_up_to_regex=None, packages_above=None, packages_above_and_dependencies=None, packages_above_depth=None, packages_select_by_dep=None, packages_skip_by_dep=None, packages_skip_up_to=None, packages_select_build_failed=False, packages_skip_build_finished=False, packages_select_test_failures=False, packages_skip_test_passed=False, packages_select=None, packages_skip=None, packages_select_regex=None, packages_skip_regex=None, packages_start=None, packages_end=None, allow_overriding=[], cmake_args=None, cmake_target=None, cmake_target_skip_unavailable=False, cmake_clean_cache=False, cmake_clean_first=False, cmake_force_configure=False, ament_cmake_args=None, catkin_cmake_args=None, catkin_skip_building_tests=False, mixin_files=None, mixin=None, verb_parser=<colcon_mixin.mixin.mixin_argument.MixinArgumentDecorator object at 0x7e1af5f464a0>, verb_extension=<colcon_core.verb.build.BuildVerb object at 0x7e1af604aaa0>, main=<bound method BuildVerb.main of <colcon_core.verb.build.BuildVerb object at 0x7e1af604aaa0>>, mixin_verb=('build',))
[2.714s] Level 1:colcon.colcon_core.package_discovery:discover_packages(colcon_meta) check parameters
[2.714s] Level 1:colcon.colcon_core.package_discovery:discover_packages(recursive) check parameters
[2.714s] Level 1:colcon.colcon_core.package_discovery:discover_packages(ignore) check parameters
[2.714s] Level 1:colcon.colcon_core.package_discovery:discover_packages(path) check parameters
[2.715s] Level 1:colcon.colcon_core.package_discovery:discover_packages(colcon_meta) discover
[2.715s] Level 1:colcon.colcon_core.package_discovery:discover_packages(recursive) discover
[2.715s] INFO:colcon.colcon_core.package_discovery:Crawling recursively for packages in '/home/n0sc3tipsum/ros2_ws'
[2.715s] Level 1:colcon.colcon_core.package_identification:_identify(.) by extensions ['ignore', 'ignore_ament_install']
[2.715s] Level 1:colcon.colcon_core.package_identification:_identify(.) by extension 'ignore'
[2.715s] Level 1:colcon.colcon_core.package_identification:_identify(.) by extension 'ignore_ament_install'
[2.715s] Level 1:colcon.colcon_core.package_identification:_identify(.) by extensions ['colcon_pkg']
[2.715s] Level 1:colcon.colcon_core.package_identification:_identify(.) by extension 'colcon_pkg'
[2.715s] Level 1:colcon.colcon_core.package_identification:_identify(.) by extensions ['colcon_meta']
[2.716s] Level 1:colcon.colcon_core.package_identification:_identify(.) by extension 'colcon_meta'
[2.716s] Level 1:colcon.colcon_core.package_identification:_identify(.) by extensions ['ros']
[2.716s] Level 1:colcon.colcon_core.package_identification:_identify(.) by extension 'ros'
[2.777s] Level 1:colcon.colcon_core.package_identification:_identify(.) by extensions ['cmake', 'python']
[2.777s] Level 1:colcon.colcon_core.package_identification:_identify(.) by extension 'cmake'
[2.777s] Level 1:colcon.colcon_core.package_identification:_identify(.) by extension 'python'
[2.777s] Level 1:colcon.colcon_core.package_identification:_identify(.) by extensions ['python_setup_py']
[2.777s] Level 1:colcon.colcon_core.package_identification:_identify(.) by extension 'python_setup_py'
[2.778s] Level 1:colcon.colcon_core.package_identification:_identify(build) by extensions ['ignore', 'ignore_ament_install']
[2.778s] Level 1:colcon.colcon_core.package_identification:_identify(build) by extension 'ignore'
[2.778s] Level 1:colcon.colcon_core.package_identification:_identify(build) ignored
[2.778s] Level 1:colcon.colcon_core.package_identification:_identify(install) by extensions ['ignore', 'ignore_ament_install']
[2.778s] Level 1:colcon.colcon_core.package_identification:_identify(install) by extension 'ignore'
[2.778s] Level 1:colcon.colcon_core.package_identification:_identify(install) ignored
[2.778s] Level 1:colcon.colcon_core.package_identification:_identify(log) by extensions ['ignore', 'ignore_ament_install']
[2.779s] Level 1:colcon.colcon_core.package_identification:_identify(log) by extension 'ignore'
[2.779s] Level 1:colcon.colcon_core.package_identification:_identify(log) ignored
[2.779s] Level 1:colcon.colcon_core.package_identification:_identify(src) by extensions ['ignore', 'ignore_ament_install']
[2.779s] Level 1:colcon.colcon_core.package_identification:_identify(src) by extension 'ignore'
[2.779s] Level 1:colcon.colcon_core.package_identification:_identify(src) by extension 'ignore_ament_install'
[2.790s] Level 1:colcon.colcon_core.package_identification:_identify(src) by extensions ['colcon_pkg']
[2.791s] Level 1:colcon.colcon_core.package_identification:_identify(src) by extension 'colcon_pkg'
[2.791s] Level 1:colcon.colcon_core.package_identification:_identify(src) by extensions ['colcon_meta']
[2.791s] Level 1:colcon.colcon_core.package_identification:_identify(src) by extension 'colcon_meta'
[2.791s] Level 1:colcon.colcon_core.package_identification:_identify(src) by extensions ['ros']
[2.791s] Level 1:colcon.colcon_core.package_identification:_identify(src) by extension 'ros'
[2.791s] Level 1:colcon.colcon_core.package_identification:_identify(src) by extensions ['cmake', 'python']
[2.791s] Level 1:colcon.colcon_core.package_identification:_identify(src) by extension 'cmake'
[2.791s] Level 1:colcon.colcon_core.package_identification:_identify(src) by extension 'python'
[2.792s] Level 1:colcon.colcon_core.package_identification:_identify(src) by extensions ['python_setup_py']
[2.792s] Level 1:colcon.colcon_core.package_identification:_identify(src) by extension 'python_setup_py'
[2.792s] Level 1:colcon.colcon_core.package_identification:_identify(src/arsenal_navigator) by extensions ['ignore', 'ignore_ament_install']
[2.792s] Level 1:colcon.colcon_core.package_identification:_identify(src/arsenal_navigator) by extension 'ignore'
[2.792s] Level 1:colcon.colcon_core.package_identification:_identify(src/arsenal_navigator) by extension 'ignore_ament_install'
[2.792s] Level 1:colcon.colcon_core.package_identification:_identify(src/arsenal_navigator) by extensions ['colcon_pkg']
[2.792s] Level 1:colcon.colcon_core.package_identification:_identify(src/arsenal_navigator) by extension 'colcon_pkg'
[2.793s] Level 1:colcon.colcon_core.package_identification:_identify(src/arsenal_navigator) by extensions ['colcon_meta']
[2.793s] Level 1:colcon.colcon_core.package_identification:_identify(src/arsenal_navigator) by extension 'colcon_meta'
[2.793s] Level 1:colcon.colcon_core.package_identification:_identify(src/arsenal_navigator) by extensions ['ros']
[2.793s] Level 1:colcon.colcon_core.package_identification:_identify(src/arsenal_navigator) by extension 'ros'
[2.802s] DEBUG:colcon.colcon_core.package_identification:Package 'src/arsenal_navigator' with type 'ros.ament_python' and name 'arsenal_navigator'
[2.804s] Level 1:colcon.colcon_core.package_identification:_identify(src/build) by extensions ['ignore', 'ignore_ament_install']
[2.805s] Level 1:colcon.colcon_core.package_identification:_identify(src/build) by extension 'ignore'
[2.805s] Level 1:colcon.colcon_core.package_identification:_identify(src/build) ignored
[2.806s] Level 1:colcon.colcon_core.package_identification:_identify(src/install) by extensions ['ignore', 'ignore_ament_install']
[2.806s] Level 1:colcon.colcon_core.package_identification:_identify(src/install) by extension 'ignore'
[2.807s] Level 1:colcon.colcon_core.package_identification:_identify(src/install) ignored
[2.808s] Level 1:colcon.colcon_core.package_identification:_identify(src/log) by extensions ['ignore', 'ignore_ament_install']
[2.808s] Level 1:colcon.colcon_core.package_identification:_identify(src/log) by extension 'ignore'
[2.808s] Level 1:colcon.colcon_core.package_identification:_identify(src/log) ignored
[2.808s] Level 1:colcon.colcon_core.package_discovery:discover_packages(recursive) using defaults
[2.808s] Level 1:colcon.colcon_core.package_discovery:discover_packages(ignore) discover
[2.808s] Level 1:colcon.colcon_core.package_discovery:discover_packages(ignore) using defaults
[2.809s] Level 1:colcon.colcon_core.package_discovery:discover_packages(path) discover
[2.809s] Level 1:colcon.colcon_core.package_discovery:discover_packages(path) using defaults
[2.929s] Level 1:colcon.colcon_core.package_discovery:discover_packages(prefix_path) check parameters
[2.929s] Level 1:colcon.colcon_core.package_discovery:discover_packages(prefix_path) discover
[2.941s] DEBUG:colcon.colcon_installed_package_information.package_discovery:Found 1 installed packages in /home/n0sc3tipsum/ros2_ws/install
[2.946s] DEBUG:colcon.colcon_installed_package_information.package_discovery:Found 385 installed packages in /opt/ros/humble
[2.948s] Level 1:colcon.colcon_core.package_discovery:discover_packages(prefix_path) using defaults
[3.077s] Level 5:colcon.colcon_core.verb:set package 'arsenal_navigator' build argument 'cmake_args' from command line to 'None'
[3.078s] Level 5:colcon.colcon_core.verb:set package 'arsenal_navigator' build argument 'cmake_target' from command line to 'None'
[3.078s] Level 5:colcon.colcon_core.verb:set package 'arsenal_navigator' build argument 'cmake_target_skip_unavailable' from command line to 'False'
[3.078s] Level 5:colcon.colcon_core.verb:set package 'arsenal_navigator' build argument 'cmake_clean_cache' from command line to 'False'
[3.078s] Level 5:colcon.colcon_core.verb:set package 'arsenal_navigator' build argument 'cmake_clean_first' from command line to 'False'
[3.078s] Level 5:colcon.colcon_core.verb:set package 'arsenal_navigator' build argument 'cmake_force_configure' from command line to 'False'
[3.078s] Level 5:colcon.colcon_core.verb:set package 'arsenal_navigator' build argument 'ament_cmake_args' from command line to 'None'
[3.078s] Level 5:colcon.colcon_core.verb:set package 'arsenal_navigator' build argument 'catkin_cmake_args' from command line to 'None'
[3.078s] Level 5:colcon.colcon_core.verb:set package 'arsenal_navigator' build argument 'catkin_skip_building_tests' from command line to 'False'
[3.078s] DEBUG:colcon.colcon_core.verb:Building package 'arsenal_navigator' with the following arguments: {'ament_cmake_args': None, 'build_base': '/home/n0sc3tipsum/ros2_ws/build/arsenal_navigator', 'catkin_cmake_args': None, 'catkin_skip_building_tests': False, 'cmake_args': None, 'cmake_clean_cache': False, 'cmake_clean_first': False, 'cmake_force_configure': False, 'cmake_target': None, 'cmake_target_skip_unavailable': False, 'install_base': '/home/n0sc3tipsum/ros2_ws/install/arsenal_navigator', 'merge_install': False, 'path': '/home/n0sc3tipsum/ros2_ws/src/arsenal_navigator', 'symlink_install': False, 'test_result_base': None}
[3.078s] INFO:colcon.colcon_core.executor:Executing jobs using 'parallel' executor
[3.094s] DEBUG:colcon.colcon_parallel_executor.executor.parallel:run_until_complete
[3.094s] INFO:colcon.colcon_ros.task.ament_python.build:Building ROS package in '/home/n0sc3tipsum/ros2_ws/src/arsenal_navigator' with build type 'ament_python'
[3.095s] Level 1:colcon.colcon_core.shell:create_environment_hook('arsenal_navigator', 'ament_prefix_path')
[3.130s] INFO:colcon.colcon_core.plugin_system:Skipping extension 'colcon_core.shell.bat': Not used on non-Windows systems
[3.131s] INFO:colcon.colcon_core.shell:Creating environment hook '/home/n0sc3tipsum/ros2_ws/install/arsenal_navigator/share/arsenal_navigator/hook/ament_prefix_path.ps1'
[3.148s] INFO:colcon.colcon_core.shell:Creating environment descriptor '/home/n0sc3tipsum/ros2_ws/install/arsenal_navigator/share/arsenal_navigator/hook/ament_prefix_path.dsv'
[3.152s] INFO:colcon.colcon_core.shell:Creating environment hook '/home/n0sc3tipsum/ros2_ws/install/arsenal_navigator/share/arsenal_navigator/hook/ament_prefix_path.sh'
[3.185s] INFO:colcon.colcon_core.shell:Skip shell extension 'powershell' for command environment: Not usable outside of PowerShell
[3.185s] DEBUG:colcon.colcon_core.shell:Skip shell extension 'dsv' for command environment
[4.111s] INFO:colcon.colcon_core.task.python.build:Building Python package in '/home/n0sc3tipsum/ros2_ws/src/arsenal_navigator'
[4.111s] INFO:colcon.colcon_core.shell:Skip shell extension 'powershell' for command environment: Not usable outside of PowerShell
[4.111s] DEBUG:colcon.colcon_core.shell:Skip shell extension 'dsv' for command environment
[6.587s] DEBUG:colcon.colcon_core.event_handler.log_command:Invoking command in '/home/n0sc3tipsum/ros2_ws/src/arsenal_navigator': PYTHONPATH=/home/n0sc3tipsum/ros2_ws/build/arsenal_navigator/prefix_override:/home/n0sc3tipsum/ros2_ws/install/arsenal_navigator/lib/python3.10/site-packages:${PYTHONPATH} /usr/bin/python3 -W ignore:setup.py install is deprecated setup.py egg_info --egg-base ../../build/arsenal_navigator build --build-base /home/n0sc3tipsum/ros2_ws/build/arsenal_navigator/build install --record /home/n0sc3tipsum/ros2_ws/build/arsenal_navigator/install.log --single-version-externally-managed install_data
[7.699s] DEBUG:colcon.colcon_core.event_handler.log_command:Invoked command in '/home/n0sc3tipsum/ros2_ws/src/arsenal_navigator' returned '0': PYTHONPATH=/home/n0sc3tipsum/ros2_ws/build/arsenal_navigator/prefix_override:/home/n0sc3tipsum/ros2_ws/install/arsenal_navigator/lib/python3.10/site-packages:${PYTHONPATH} /usr/bin/python3 -W ignore:setup.py install is deprecated setup.py egg_info --egg-base ../../build/arsenal_navigator build --build-base /home/n0sc3tipsum/ros2_ws/build/arsenal_navigator/build install --record /home/n0sc3tipsum/ros2_ws/build/arsenal_navigator/install.log --single-version-externally-managed install_data
[7.792s] Level 1:colcon.colcon_core.environment:checking '/home/n0sc3tipsum/ros2_ws/install/arsenal_navigator' for CMake module files
[7.793s] Level 1:colcon.colcon_core.environment:checking '/home/n0sc3tipsum/ros2_ws/install/arsenal_navigator' for CMake config files
[7.794s] Level 1:colcon.colcon_core.environment:checking '/home/n0sc3tipsum/ros2_ws/install/arsenal_navigator/lib'
[7.795s] Level 1:colcon.colcon_core.environment:checking '/home/n0sc3tipsum/ros2_ws/install/arsenal_navigator/bin'
[7.795s] Level 1:colcon.colcon_core.environment:checking '/home/n0sc3tipsum/ros2_ws/install/arsenal_navigator/lib/pkgconfig/arsenal_navigator.pc'
[7.795s] Level 1:colcon.colcon_core.environment:checking '/home/n0sc3tipsum/ros2_ws/install/arsenal_navigator/lib/python3.10/site-packages'
[7.795s] Level 1:colcon.colcon_core.shell:create_environment_hook('arsenal_navigator', 'pythonpath')
[7.795s] INFO:colcon.colcon_core.shell:Creating environment hook '/home/n0sc3tipsum/ros2_ws/install/arsenal_navigator/share/arsenal_navigator/hook/pythonpath.ps1'
[7.796s] INFO:colcon.colcon_core.shell:Creating environment descriptor '/home/n0sc3tipsum/ros2_ws/install/arsenal_navigator/share/arsenal_navigator/hook/pythonpath.dsv'
[7.798s] INFO:colcon.colcon_core.shell:Creating environment hook '/home/n0sc3tipsum/ros2_ws/install/arsenal_navigator/share/arsenal_navigator/hook/pythonpath.sh'
[7.799s] Level 1:colcon.colcon_core.environment:checking '/home/n0sc3tipsum/ros2_ws/install/arsenal_navigator/bin'
[7.800s] Level 1:colcon.colcon_core.environment:create_environment_scripts_only(arsenal_navigator)
[7.800s] INFO:colcon.colcon_core.shell:Creating package script '/home/n0sc3tipsum/ros2_ws/install/arsenal_navigator/share/arsenal_navigator/package.ps1'
[7.811s] INFO:colcon.colcon_core.shell:Creating package descriptor '/home/n0sc3tipsum/ros2_ws/install/arsenal_navigator/share/arsenal_navigator/package.dsv'
[7.816s] INFO:colcon.colcon_core.shell:Creating package script '/home/n0sc3tipsum/ros2_ws/install/arsenal_navigator/share/arsenal_navigator/package.sh'
[7.833s] INFO:colcon.colcon_core.shell:Creating package script '/home/n0sc3tipsum/ros2_ws/install/arsenal_navigator/share/arsenal_navigator/package.bash'
[7.844s] INFO:colcon.colcon_core.shell:Creating package script '/home/n0sc3tipsum/ros2_ws/install/arsenal_navigator/share/arsenal_navigator/package.zsh'
[7.849s] Level 1:colcon.colcon_core.environment:create_file_with_runtime_dependencies(/home/n0sc3tipsum/ros2_ws/install/arsenal_navigator/share/colcon-core/packages/arsenal_navigator)
[7.850s] DEBUG:colcon.colcon_parallel_executor.executor.parallel:closing loop
[7.851s] DEBUG:colcon.colcon_parallel_executor.executor.parallel:loop closed
[7.851s] DEBUG:colcon.colcon_parallel_executor.executor.parallel:run_until_complete finished with '0'
[7.851s] DEBUG:colcon.colcon_core.event_reactor:joining thread
[7.876s] INFO:colcon.colcon_core.plugin_system:Skipping extension 'colcon_notification.desktop_notification.terminal_notifier': Not used on non-Darwin systems
[7.876s] INFO:colcon.colcon_core.plugin_system:Skipping extension 'colcon_notification.desktop_notification.win32': Not used on non-Windows systems
[7.876s] INFO:colcon.colcon_notification.desktop_notification:Sending desktop notification using 'notify2'
[7.984s] DEBUG:colcon.colcon_core.event_reactor:joined thread
[7.985s] INFO:colcon.colcon_core.shell:Creating prefix script '/home/n0sc3tipsum/ros2_ws/install/local_setup.ps1'
[7.989s] INFO:colcon.colcon_core.shell:Creating prefix util module '/home/n0sc3tipsum/ros2_ws/install/_local_setup_util_ps1.py'
[8.001s] INFO:colcon.colcon_core.shell:Creating prefix chain script '/home/n0sc3tipsum/ros2_ws/install/setup.ps1'
[8.018s] INFO:colcon.colcon_core.shell:Creating prefix script '/home/n0sc3tipsum/ros2_ws/install/local_setup.sh'
[8.021s] INFO:colcon.colcon_core.shell:Creating prefix util module '/home/n0sc3tipsum/ros2_ws/install/_local_setup_util_sh.py'
[8.022s] INFO:colcon.colcon_core.shell:Creating prefix chain script '/home/n0sc3tipsum/ros2_ws/install/setup.sh'
[8.027s] INFO:colcon.colcon_core.shell:Creating prefix script '/home/n0sc3tipsum/ros2_ws/install/local_setup.bash'
[8.035s] INFO:colcon.colcon_core.shell:Creating prefix chain script '/home/n0sc3tipsum/ros2_ws/install/setup.bash'
[8.044s] INFO:colcon.colcon_core.shell:Creating prefix script '/home/n0sc3tipsum/ros2_ws/install/local_setup.zsh'
[8.049s] INFO:colcon.colcon_core.shell:Creating prefix chain script '/home/n0sc3tipsum/ros2_ws/install/setup.zsh'
