[1.320s] Invoking command in '/home/n0sc3tipsum/rosws_v1/src/arsenal_navigator': PYTHONPATH=/home/n0sc3tipsum/rosws_v1/build/arsenal_navigator/prefix_override:/home/n0sc3tipsum/rosws_v1/install/arsenal_navigator/lib/python3.10/site-packages:${PYTHONPATH} /usr/bin/python3 -W ignore:setup.py install is deprecated setup.py egg_info --egg-base ../../build/arsenal_navigator build --build-base /home/n0sc3tipsum/rosws_v1/build/arsenal_navigator/build install --record /home/n0sc3tipsum/rosws_v1/build/arsenal_navigator/install.log --single-version-externally-managed install_data
[1.872s] running egg_info
[1.877s] writing ../../build/arsenal_navigator/arsenal_navigator.egg-info/PKG-INFO
[1.878s] writing dependency_links to ../../build/arsenal_navigator/arsenal_navigator.egg-info/dependency_links.txt
[1.880s] writing entry points to ../../build/arsenal_navigator/arsenal_navigator.egg-info/entry_points.txt
[1.881s] writing requirements to ../../build/arsenal_navigator/arsenal_navigator.egg-info/requires.txt
[1.882s] writing top-level names to ../../build/arsenal_navigator/arsenal_navigator.egg-info/top_level.txt
[1.887s] reading manifest file '../../build/arsenal_navigator/arsenal_navigator.egg-info/SOURCES.txt'
[1.888s] writing manifest file '../../build/arsenal_navigator/arsenal_navigator.egg-info/SOURCES.txt'
[1.890s] running build
[1.890s] running build_py
[1.892s] running install
[1.893s] running install_lib
[1.897s] running install_data
[1.898s] running install_egg_info
[1.904s] removing '/home/n0sc3tipsum/rosws_v1/install/arsenal_navigator/lib/python3.10/site-packages/arsenal_navigator-0.0.0-py3.10.egg-info' (and everything under it)
[1.904s] Copying ../../build/arsenal_navigator/arsenal_navigator.egg-info to /home/n0sc3tipsum/rosws_v1/install/arsenal_navigator/lib/python3.10/site-packages/arsenal_navigator-0.0.0-py3.10.egg-info
[1.906s] running install_scripts
[1.942s] writing list of installed files to '/home/n0sc3tipsum/rosws_v1/build/arsenal_navigator/install.log'
[2.000s] Invoked command in '/home/n0sc3tipsum/rosws_v1/src/arsenal_navigator' returned '0': PYTHONPATH=/home/n0sc3tipsum/rosws_v1/build/arsenal_navigator/prefix_override:/home/n0sc3tipsum/rosws_v1/install/arsenal_navigator/lib/python3.10/site-packages:${PYTHONPATH} /usr/bin/python3 -W ignore:setup.py install is deprecated setup.py egg_info --egg-base ../../build/arsenal_navigator build --build-base /home/n0sc3tipsum/rosws_v1/build/arsenal_navigator/build install --record /home/n0sc3tipsum/rosws_v1/build/arsenal_navigator/install.log --single-version-externally-managed install_data
