[2.358s] Invoking command in '/home/n0sc3tipsum/ros2_ws/build/arsenal_navigator': PYTHONPATH=/home/n0sc3tipsum/ros2_ws/build/arsenal_navigator/prefix_override:/home/n0sc3tipsum/ros2_ws/install/arsenal_navigator/lib/python3.10/site-packages:${PYTHONPATH} /usr/bin/python3 -W ignore:setup.py install is deprecated setup.py develop --editable --build-directory /home/n0sc3tipsum/ros2_ws/build/arsenal_navigator/build --no-deps symlink_data --force
[2.921s] running develop
[2.930s] /usr/lib/python3/dist-packages/setuptools/command/easy_install.py:158: EasyInstallDeprecationWarning: easy_install command is deprecated. Use build and pip and other standards-based tools.
[2.930s]   warnings.warn(
[3.243s] running egg_info
[3.265s] writing arsenal_navigator.egg-info/PKG-INFO
[3.265s] writing dependency_links to arsenal_navigator.egg-info/dependency_links.txt
[3.267s] writing entry points to arsenal_navigator.egg-info/entry_points.txt
[3.270s] writing requirements to arsenal_navigator.egg-info/requires.txt
[3.272s] writing top-level names to arsenal_navigator.egg-info/top_level.txt
[3.281s] reading manifest file 'arsenal_navigator.egg-info/SOURCES.txt'
[3.285s] writing manifest file 'arsenal_navigator.egg-info/SOURCES.txt'
[3.289s] running build_ext
[3.290s] Creating /home/n0sc3tipsum/ros2_ws/install/arsenal_navigator/lib/python3.10/site-packages/arsenal-navigator.egg-link (link to .)
[3.295s] 
[3.296s] Installed /home/n0sc3tipsum/ros2_ws/build/arsenal_navigator
[3.297s] running symlink_data
[3.298s] symbolically linking /home/n0sc3tipsum/ros2_ws/build/arsenal_navigator/resource/arsenal_navigator -> /home/n0sc3tipsum/ros2_ws/install/arsenal_navigator/share/ament_index/resource_index/packages
[3.300s] symbolically linking /home/n0sc3tipsum/ros2_ws/build/arsenal_navigator/package.xml -> /home/n0sc3tipsum/ros2_ws/install/arsenal_navigator/share/arsenal_navigator
[3.359s] Invoked command in '/home/n0sc3tipsum/ros2_ws/build/arsenal_navigator' returned '0': PYTHONPATH=/home/n0sc3tipsum/ros2_ws/build/arsenal_navigator/prefix_override:/home/n0sc3tipsum/ros2_ws/install/arsenal_navigator/lib/python3.10/site-packages:${PYTHONPATH} /usr/bin/python3 -W ignore:setup.py install is deprecated setup.py develop --editable --build-directory /home/n0sc3tipsum/ros2_ws/build/arsenal_navigator/build --no-deps symlink_data --force
