running egg_info
writing ../../build/arsenal_navigator/arsenal_navigator.egg-info/PKG-INFO
writing dependency_links to ../../build/arsenal_navigator/arsenal_navigator.egg-info/dependency_links.txt
writing entry points to ../../build/arsenal_navigator/arsenal_navigator.egg-info/entry_points.txt
writing requirements to ../../build/arsenal_navigator/arsenal_navigator.egg-info/requires.txt
writing top-level names to ../../build/arsenal_navigator/arsenal_navigator.egg-info/top_level.txt
reading manifest file '../../build/arsenal_navigator/arsenal_navigator.egg-info/SOURCES.txt'
writing manifest file '../../build/arsenal_navigator/arsenal_navigator.egg-info/SOURCES.txt'
running build
running build_py
running install
running install_lib
running install_data
creating /home/n0sc3tipsum/ros2_ws/install/arsenal_navigator/share/arsenal_navigator/description
copying description/robot_core.xacro -> /home/n0sc3tipsum/ros2_ws/install/arsenal_navigator/share/arsenal_navigator/description
copying description/arsenal_robot_description.urdf.xacro -> /home/n0sc3tipsum/ros2_ws/install/arsenal_navigator/share/arsenal_navigator/description
running install_egg_info
removing '/home/n0sc3tipsum/ros2_ws/install/arsenal_navigator/lib/python3.10/site-packages/arsenal_navigator-0.0.0-py3.10.egg-info' (and everything under it)
Copying ../../build/arsenal_navigator/arsenal_navigator.egg-info to /home/n0sc3tipsum/ros2_ws/install/arsenal_navigator/lib/python3.10/site-packages/arsenal_navigator-0.0.0-py3.10.egg-info
running install_scripts
Installing testerNode script to /home/n0sc3tipsum/ros2_ws/install/arsenal_navigator/lib/arsenal_navigator
writing list of installed files to '/home/n0sc3tipsum/ros2_ws/build/arsenal_navigator/install.log'
