[2.748s] Invoking command in '/home/zas/dev_ws/src/arsenal_server': PYTHONPATH=/home/zas/dev_ws/build/arsenal_server/prefix_override:/home/zas/dev_ws/install/arsenal_server/lib/python3.10/site-packages:${PYTHONPATH} /usr/bin/python3 -W ignore:setup.py install is deprecated setup.py egg_info --egg-base ../../build/arsenal_server build --build-base /home/zas/dev_ws/build/arsenal_server/build install --record /home/zas/dev_ws/build/arsenal_server/install.log --single-version-externally-managed install_data
[3.394s] running egg_info
[3.396s] writing ../../build/arsenal_server/arsenal_server.egg-info/PKG-INFO
[3.396s] writing dependency_links to ../../build/arsenal_server/arsenal_server.egg-info/dependency_links.txt
[3.398s] writing entry points to ../../build/arsenal_server/arsenal_server.egg-info/entry_points.txt
[3.409s] writing requirements to ../../build/arsenal_server/arsenal_server.egg-info/requires.txt
[3.410s] writing top-level names to ../../build/arsenal_server/arsenal_server.egg-info/top_level.txt
[3.416s] reading manifest file '../../build/arsenal_server/arsenal_server.egg-info/SOURCES.txt'
[3.417s] writing manifest file '../../build/arsenal_server/arsenal_server.egg-info/SOURCES.txt'
[3.422s] running build
[3.422s] running build_py
[3.452s] copying arsenal_server/server_node.py -> /home/zas/dev_ws/build/arsenal_server/build/lib/arsenal_server
[3.452s] running install
[3.452s] running install_lib
[3.488s] copying /home/zas/dev_ws/build/arsenal_server/build/lib/arsenal_server/server_node.py -> /home/zas/dev_ws/install/arsenal_server/lib/python3.10/site-packages/arsenal_server
[3.494s] byte-compiling /home/zas/dev_ws/install/arsenal_server/lib/python3.10/site-packages/arsenal_server/server_node.py to server_node.cpython-310.pyc
[3.494s] running install_data
[3.495s] running install_egg_info
[3.495s] removing '/home/zas/dev_ws/install/arsenal_server/lib/python3.10/site-packages/arsenal_server-0.0.0-py3.10.egg-info' (and everything under it)
[3.495s] Copying ../../build/arsenal_server/arsenal_server.egg-info to /home/zas/dev_ws/install/arsenal_server/lib/python3.10/site-packages/arsenal_server-0.0.0-py3.10.egg-info
[3.503s] running install_scripts
[3.633s] Installing server_node script to /home/zas/dev_ws/install/arsenal_server/lib/arsenal_server
[3.634s] writing list of installed files to '/home/zas/dev_ws/build/arsenal_server/install.log'
[3.868s] Invoked command in '/home/zas/dev_ws/src/arsenal_server' returned '0': PYTHONPATH=/home/zas/dev_ws/build/arsenal_server/prefix_override:/home/zas/dev_ws/install/arsenal_server/lib/python3.10/site-packages:${PYTHONPATH} /usr/bin/python3 -W ignore:setup.py install is deprecated setup.py egg_info --egg-base ../../build/arsenal_server build --build-base /home/zas/dev_ws/build/arsenal_server/build install --record /home/zas/dev_ws/build/arsenal_server/install.log --single-version-externally-managed install_data
