[1.317s] DEBUG:colcon:Command line arguments: ['/usr/bin/colcon', 'list', '-p', '--base-paths', '/home/n0sc3tipsum/ros2_ws']
[1.317s] DEBUG:colcon:Parsed command line arguments: Namespace(log_base=None, log_level=None, verb_name='list', build_base='build', ignore_user_meta=False, metas=['./colcon.meta'], base_paths=['/home/n0sc3tipsum/ros2_ws'], packages_ignore=None, packages_ignore_regex=None, paths=None, packages_up_to=None, packages_up_to_regex=None, packages_above=None, packages_above_and_dependencies=None, packages_above_depth=None, packages_select_by_dep=None, packages_skip_by_dep=None, packages_skip_up_to=None, packages_select_build_failed=False, packages_skip_build_finished=False, packages_select_test_failures=False, packages_skip_test_passed=False, packages_select=None, packages_skip=None, packages_select_regex=None, packages_skip_regex=None, packages_start=None, packages_end=None, allow_overriding=[], topological_order=False, names_only=False, paths_only=True, topological_graph=False, topological_graph_dot=False, topological_graph_density=False, topological_graph_legend=False, topological_graph_dot_cluster=False, topological_graph_dot_include_skipped=False, mixin_files=None, mixin=None, verb_parser=<colcon_mixin.mixin.mixin_argument.MixinArgumentDecorator object at 0x7190dbe2f580>, verb_extension=<colcon_package_information.verb.list.ListVerb object at 0x7190dbe2e500>, main=<bound method ListVerb.main of <colcon_package_information.verb.list.ListVerb object at 0x7190dbe2e500>>, mixin_verb=('list',))
[2.906s] Level 1:colcon.colcon_core.package_discovery:discover_packages(colcon_meta) check parameters
[2.978s] Level 1:colcon.colcon_core.package_discovery:discover_packages(recursive) check parameters
[2.979s] Level 1:colcon.colcon_core.package_discovery:discover_packages(ignore) check parameters
[2.979s] Level 1:colcon.colcon_core.package_discovery:discover_packages(path) check parameters
[2.980s] Level 1:colcon.colcon_core.package_discovery:discover_packages(recursive) discover
[2.980s] INFO:colcon.colcon_core.package_discovery:Crawling recursively for packages in '/home/n0sc3tipsum/ros2_ws'
[2.983s] Level 1:colcon.colcon_core.package_identification:_identify(/home/n0sc3tipsum/ros2_ws) by extensions ['ignore', 'ignore_ament_install']
[2.984s] Level 1:colcon.colcon_core.package_identification:_identify(/home/n0sc3tipsum/ros2_ws) by extension 'ignore'
[2.986s] Level 1:colcon.colcon_core.package_identification:_identify(/home/n0sc3tipsum/ros2_ws) by extension 'ignore_ament_install'
[2.986s] Level 1:colcon.colcon_core.package_identification:_identify(/home/n0sc3tipsum/ros2_ws) by extensions ['colcon_pkg']
[2.986s] Level 1:colcon.colcon_core.package_identification:_identify(/home/n0sc3tipsum/ros2_ws) by extension 'colcon_pkg'
[2.986s] Level 1:colcon.colcon_core.package_identification:_identify(/home/n0sc3tipsum/ros2_ws) by extensions ['colcon_meta']
[2.987s] Level 1:colcon.colcon_core.package_identification:_identify(/home/n0sc3tipsum/ros2_ws) by extension 'colcon_meta'
[2.987s] Level 1:colcon.colcon_core.package_identification:_identify(/home/n0sc3tipsum/ros2_ws) by extensions ['ros']
[2.997s] Level 1:colcon.colcon_core.package_identification:_identify(/home/n0sc3tipsum/ros2_ws) by extension 'ros'
[3.041s] Level 1:colcon.colcon_core.package_identification:_identify(/home/n0sc3tipsum/ros2_ws) by extensions ['cmake', 'python']
[3.042s] Level 1:colcon.colcon_core.package_identification:_identify(/home/n0sc3tipsum/ros2_ws) by extension 'cmake'
[3.058s] Level 1:colcon.colcon_core.package_identification:_identify(/home/n0sc3tipsum/ros2_ws) by extension 'python'
[3.059s] Level 1:colcon.colcon_core.package_identification:_identify(/home/n0sc3tipsum/ros2_ws) by extensions ['python_setup_py']
[3.060s] Level 1:colcon.colcon_core.package_identification:_identify(/home/n0sc3tipsum/ros2_ws) by extension 'python_setup_py'
[3.061s] Level 1:colcon.colcon_core.package_identification:_identify(/home/n0sc3tipsum/ros2_ws/build) by extensions ['ignore', 'ignore_ament_install']
[3.062s] Level 1:colcon.colcon_core.package_identification:_identify(/home/n0sc3tipsum/ros2_ws/build) by extension 'ignore'
[3.062s] Level 1:colcon.colcon_core.package_identification:_identify(/home/n0sc3tipsum/ros2_ws/build) ignored
[3.062s] Level 1:colcon.colcon_core.package_identification:_identify(/home/n0sc3tipsum/ros2_ws/install) by extensions ['ignore', 'ignore_ament_install']
[3.063s] Level 1:colcon.colcon_core.package_identification:_identify(/home/n0sc3tipsum/ros2_ws/install) by extension 'ignore'
[3.063s] Level 1:colcon.colcon_core.package_identification:_identify(/home/n0sc3tipsum/ros2_ws/install) ignored
[3.070s] Level 1:colcon.colcon_core.package_identification:_identify(/home/n0sc3tipsum/ros2_ws/log) by extensions ['ignore', 'ignore_ament_install']
[3.071s] Level 1:colcon.colcon_core.package_identification:_identify(/home/n0sc3tipsum/ros2_ws/log) by extension 'ignore'
[3.071s] Level 1:colcon.colcon_core.package_identification:_identify(/home/n0sc3tipsum/ros2_ws/log) ignored
[3.071s] Level 1:colcon.colcon_core.package_identification:_identify(/home/n0sc3tipsum/ros2_ws/src) by extensions ['ignore', 'ignore_ament_install']
[3.072s] Level 1:colcon.colcon_core.package_identification:_identify(/home/n0sc3tipsum/ros2_ws/src) by extension 'ignore'
[3.073s] Level 1:colcon.colcon_core.package_identification:_identify(/home/n0sc3tipsum/ros2_ws/src) by extension 'ignore_ament_install'
[3.073s] Level 1:colcon.colcon_core.package_identification:_identify(/home/n0sc3tipsum/ros2_ws/src) by extensions ['colcon_pkg']
[3.073s] Level 1:colcon.colcon_core.package_identification:_identify(/home/n0sc3tipsum/ros2_ws/src) by extension 'colcon_pkg'
[3.074s] Level 1:colcon.colcon_core.package_identification:_identify(/home/n0sc3tipsum/ros2_ws/src) by extensions ['colcon_meta']
[3.074s] Level 1:colcon.colcon_core.package_identification:_identify(/home/n0sc3tipsum/ros2_ws/src) by extension 'colcon_meta'
[3.074s] Level 1:colcon.colcon_core.package_identification:_identify(/home/n0sc3tipsum/ros2_ws/src) by extensions ['ros']
[3.075s] Level 1:colcon.colcon_core.package_identification:_identify(/home/n0sc3tipsum/ros2_ws/src) by extension 'ros'
[3.075s] Level 1:colcon.colcon_core.package_identification:_identify(/home/n0sc3tipsum/ros2_ws/src) by extensions ['cmake', 'python']
[3.089s] Level 1:colcon.colcon_core.package_identification:_identify(/home/n0sc3tipsum/ros2_ws/src) by extension 'cmake'
[3.090s] Level 1:colcon.colcon_core.package_identification:_identify(/home/n0sc3tipsum/ros2_ws/src) by extension 'python'
[3.090s] Level 1:colcon.colcon_core.package_identification:_identify(/home/n0sc3tipsum/ros2_ws/src) by extensions ['python_setup_py']
[3.091s] Level 1:colcon.colcon_core.package_identification:_identify(/home/n0sc3tipsum/ros2_ws/src) by extension 'python_setup_py'
[3.097s] Level 1:colcon.colcon_core.package_identification:_identify(/home/n0sc3tipsum/ros2_ws/src/arsenal_navigator) by extensions ['ignore', 'ignore_ament_install']
[3.101s] Level 1:colcon.colcon_core.package_identification:_identify(/home/n0sc3tipsum/ros2_ws/src/arsenal_navigator) by extension 'ignore'
[3.102s] Level 1:colcon.colcon_core.package_identification:_identify(/home/n0sc3tipsum/ros2_ws/src/arsenal_navigator) by extension 'ignore_ament_install'
[3.103s] Level 1:colcon.colcon_core.package_identification:_identify(/home/n0sc3tipsum/ros2_ws/src/arsenal_navigator) by extensions ['colcon_pkg']
[3.103s] Level 1:colcon.colcon_core.package_identification:_identify(/home/n0sc3tipsum/ros2_ws/src/arsenal_navigator) by extension 'colcon_pkg'
[3.104s] Level 1:colcon.colcon_core.package_identification:_identify(/home/n0sc3tipsum/ros2_ws/src/arsenal_navigator) by extensions ['colcon_meta']
[3.105s] Level 1:colcon.colcon_core.package_identification:_identify(/home/n0sc3tipsum/ros2_ws/src/arsenal_navigator) by extension 'colcon_meta'
[3.106s] Level 1:colcon.colcon_core.package_identification:_identify(/home/n0sc3tipsum/ros2_ws/src/arsenal_navigator) by extensions ['ros']
[3.106s] Level 1:colcon.colcon_core.package_identification:_identify(/home/n0sc3tipsum/ros2_ws/src/arsenal_navigator) by extension 'ros'
[3.113s] DEBUG:colcon.colcon_core.package_identification:Package '/home/n0sc3tipsum/ros2_ws/src/arsenal_navigator' with type 'ros.ament_python' and name 'arsenal_navigator'
[3.142s] Level 1:colcon.colcon_core.package_identification:_identify(/home/n0sc3tipsum/ros2_ws/src/build) by extensions ['ignore', 'ignore_ament_install']
[3.146s] Level 1:colcon.colcon_core.package_identification:_identify(/home/n0sc3tipsum/ros2_ws/src/build) by extension 'ignore'
[3.146s] Level 1:colcon.colcon_core.package_identification:_identify(/home/n0sc3tipsum/ros2_ws/src/build) ignored
[3.147s] Level 1:colcon.colcon_core.package_identification:_identify(/home/n0sc3tipsum/ros2_ws/src/install) by extensions ['ignore', 'ignore_ament_install']
[3.148s] Level 1:colcon.colcon_core.package_identification:_identify(/home/n0sc3tipsum/ros2_ws/src/install) by extension 'ignore'
[3.149s] Level 1:colcon.colcon_core.package_identification:_identify(/home/n0sc3tipsum/ros2_ws/src/install) ignored
[3.150s] Level 1:colcon.colcon_core.package_identification:_identify(/home/n0sc3tipsum/ros2_ws/src/log) by extensions ['ignore', 'ignore_ament_install']
[3.150s] Level 1:colcon.colcon_core.package_identification:_identify(/home/n0sc3tipsum/ros2_ws/src/log) by extension 'ignore'
[3.151s] Level 1:colcon.colcon_core.package_identification:_identify(/home/n0sc3tipsum/ros2_ws/src/log) ignored
[3.152s] Level 1:colcon.colcon_core.package_discovery:discover_packages(recursive) using defaults
